../Tests/Src/driver_imu.c:67:20:spi_bb_delay	16	static,ignoring_inline_asm
../Tests/Src/driver_imu.c:83:13:imu_bb_ensure_pins	40	static
../Tests/Src/driver_imu.c:131:16:spi_bb_xfer_byte	24	static
../Tests/Src/driver_imu.c:162:20:imu_cs_low	8	static
../Tests/Src/driver_imu.c:168:20:imu_cs_high	8	static
../Tests/Src/driver_imu.c:177:14:imu_read_reg	16	static
../Tests/Src/driver_imu.c:195:14:imu_write_reg	16	static
../Tests/Src/driver_imu.c:209:14:imu_read_burst	32	static
../Tests/Src/driver_imu.c:229:14:imu_check_who_am_i	24	static
../Tests/Src/driver_imu.c:245:14:imu_init	16	static
../Tests/Src/driver_imu.c:322:14:imu_read_sample	32	static
../Tests/Src/driver_imu.c:353:14:imu_read_sample_avg	72	static
