Archive member included to satisfy reference by file (symbol)

/opt/st/stm32cubeide_2.1.0/plugins/com.st.stm32cube.ide.mcu.externaltools.gnu-tools-for-stm32.14.3.rel1.linux64_1.0.100.202602081740/tools/bin/../lib/gcc/arm-none-eabi/14.3.1/../../../../arm-none-eabi/lib/thumb/v7e-m+fp/hard/libc_nano.a(libc_a-exit.o)
                              /opt/st/stm32cubeide_2.1.0/plugins/com.st.stm32cube.ide.mcu.externaltools.gnu-tools-for-stm32.14.3.rel1.linux64_1.0.100.202602081740/tools/bin/../lib/gcc/arm-none-eabi/14.3.1/../../../../arm-none-eabi/lib/thumb/v7e-m+fp/hard/crt0.o (exit)
/opt/st/stm32cubeide_2.1.0/plugins/com.st.stm32cube.ide.mcu.externaltools.gnu-tools-for-stm32.14.3.rel1.linux64_1.0.100.202602081740/tools/bin/../lib/gcc/arm-none-eabi/14.3.1/../../../../arm-none-eabi/lib/thumb/v7e-m+fp/hard/libc_nano.a(libc_a-nano-vfprintf_float.o)
                              (_printf_float)
/opt/st/stm32cubeide_2.1.0/plugins/com.st.stm32cube.ide.mcu.externaltools.gnu-tools-for-stm32.14.3.rel1.linux64_1.0.100.202602081740/tools/bin/../lib/gcc/arm-none-eabi/14.3.1/../../../../arm-none-eabi/lib/thumb/v7e-m+fp/hard/libc_nano.a(libc_a-nano-vfprintf_i.o)
                              /opt/st/stm32cubeide_2.1.0/plugins/com.st.stm32cube.ide.mcu.externaltools.gnu-tools-for-stm32.14.3.rel1.linux64_1.0.100.202602081740/tools/bin/../lib/gcc/arm-none-eabi/14.3.1/../../../../arm-none-eabi/lib/thumb/v7e-m+fp/hard/libc_nano.a(libc_a-nano-vfprintf_float.o) (_printf_common)
/opt/st/stm32cubeide_2.1.0/plugins/com.st.stm32cube.ide.mcu.externaltools.gnu-tools-for-stm32.14.3.rel1.linux64_1.0.100.202602081740/tools/bin/../lib/gcc/arm-none-eabi/14.3.1/../../../../arm-none-eabi/lib/thumb/v7e-m+fp/hard/libc_nano.a(libc_a-findfp.o)
                              /opt/st/stm32cubeide_2.1.0/plugins/com.st.stm32cube.ide.mcu.externaltools.gnu-tools-for-stm32.14.3.rel1.linux64_1.0.100.202602081740/tools/bin/../lib/gcc/arm-none-eabi/14.3.1/../../../../arm-none-eabi/lib/thumb/v7e-m+fp/hard/libc_nano.a(libc_a-exit.o) (__stdio_exit_handler)
/opt/st/stm32cubeide_2.1.0/plugins/com.st.stm32cube.ide.mcu.externaltools.gnu-tools-for-stm32.14.3.rel1.linux64_1.0.100.202602081740/tools/bin/../lib/gcc/arm-none-eabi/14.3.1/../../../../arm-none-eabi/lib/thumb/v7e-m+fp/hard/libc_nano.a(libc_a-fwalk.o)
                              /opt/st/stm32cubeide_2.1.0/plugins/com.st.stm32cube.ide.mcu.externaltools.gnu-tools-for-stm32.14.3.rel1.linux64_1.0.100.202602081740/tools/bin/../lib/gcc/arm-none-eabi/14.3.1/../../../../arm-none-eabi/lib/thumb/v7e-m+fp/hard/libc_nano.a(libc_a-findfp.o) (_fwalk_sglue)
/opt/st/stm32cubeide_2.1.0/plugins/com.st.stm32cube.ide.mcu.externaltools.gnu-tools-for-stm32.14.3.rel1.linux64_1.0.100.202602081740/tools/bin/../lib/gcc/arm-none-eabi/14.3.1/../../../../arm-none-eabi/lib/thumb/v7e-m+fp/hard/libc_nano.a(libc_a-stdio.o)
                              /opt/st/stm32cubeide_2.1.0/plugins/com.st.stm32cube.ide.mcu.externaltools.gnu-tools-for-stm32.14.3.rel1.linux64_1.0.100.202602081740/tools/bin/../lib/gcc/arm-none-eabi/14.3.1/../../../../arm-none-eabi/lib/thumb/v7e-m+fp/hard/libc_nano.a(libc_a-findfp.o) (__sread)
/opt/st/stm32cubeide_2.1.0/plugins/com.st.stm32cube.ide.mcu.externaltools.gnu-tools-for-stm32.14.3.rel1.linux64_1.0.100.202602081740/tools/bin/../lib/gcc/arm-none-eabi/14.3.1/../../../../arm-none-eabi/lib/thumb/v7e-m+fp/hard/libc_nano.a(libc_a-memset.o)
                              /opt/st/stm32cubeide_2.1.0/plugins/com.st.stm32cube.ide.mcu.externaltools.gnu-tools-for-stm32.14.3.rel1.linux64_1.0.100.202602081740/tools/bin/../lib/gcc/arm-none-eabi/14.3.1/../../../../arm-none-eabi/lib/thumb/v7e-m+fp/hard/crt0.o (memset)
/opt/st/stm32cubeide_2.1.0/plugins/com.st.stm32cube.ide.mcu.externaltools.gnu-tools-for-stm32.14.3.rel1.linux64_1.0.100.202602081740/tools/bin/../lib/gcc/arm-none-eabi/14.3.1/../../../../arm-none-eabi/lib/thumb/v7e-m+fp/hard/libc_nano.a(libc_a-localeconv.o)
                              /opt/st/stm32cubeide_2.1.0/plugins/com.st.stm32cube.ide.mcu.externaltools.gnu-tools-for-stm32.14.3.rel1.linux64_1.0.100.202602081740/tools/bin/../lib/gcc/arm-none-eabi/14.3.1/../../../../arm-none-eabi/lib/thumb/v7e-m+fp/hard/libc_nano.a(libc_a-nano-vfprintf_float.o) (_localeconv_r)
/opt/st/stm32cubeide_2.1.0/plugins/com.st.stm32cube.ide.mcu.externaltools.gnu-tools-for-stm32.14.3.rel1.linux64_1.0.100.202602081740/tools/bin/../lib/gcc/arm-none-eabi/14.3.1/../../../../arm-none-eabi/lib/thumb/v7e-m+fp/hard/libc_nano.a(libc_a-closer.o)
                              /opt/st/stm32cubeide_2.1.0/plugins/com.st.stm32cube.ide.mcu.externaltools.gnu-tools-for-stm32.14.3.rel1.linux64_1.0.100.202602081740/tools/bin/../lib/gcc/arm-none-eabi/14.3.1/../../../../arm-none-eabi/lib/thumb/v7e-m+fp/hard/libc_nano.a(libc_a-stdio.o) (_close_r)
[...]
Memory Configuration

Name             Origin             Length             Attributes
CCMRAM           0x10000000         0x00010000         xrw
RAM              0x20000000         0x00020000         xrw
FLASH            0x08000000         0x00100000         xr
*default*        0x00000000         0xffffffff

Linker script and memory map

LOAD /opt/st/stm32cubeide_2.1.0/plugins/com.st.stm32cube.ide.mcu.externaltools.gnu-tools-for-stm32.14.3.rel1.linux64_1.0.100.202602081740/tools/bin/../lib/gcc/arm-none-eabi/14.3.1/thumb/v7e-m+fp/hard/crti.o
LOAD /opt/st/stm32cubeide_2.1.0/plugins/com.st.stm32cube.ide.mcu.externaltools.gnu-tools-for-stm32.14.3.rel1.linux64_1.0.100.202602081740/tools/bin/../lib/gcc/arm-none-eabi/14.3.1/thumb/v7e-m+fp/hard/crtbegin.o
LOAD /opt/st/stm32cubeide_2.1.0/plugins/com.st.stm32cube.ide.mcu.externaltools.gnu-tools-for-stm32.14.3.rel1.linux64_1.0.100.202602081740/tools/bin/../lib/gcc/arm-none-eabi/14.3.1/../../../../arm-none-eabi/lib/thumb/v7e-m+fp/hard/crt0.o
LOAD ./Core/Src/adc.o
LOAD ./Core/Src/dma.o
LOAD ./Core/Src/gpio.o
LOAD ./Core/Src/i2c.o
LOAD ./Core/Src/main.o
LOAD ./Core/Src/sdio.o
LOAD ./Core/Src/spi.o
LOAD ./Core/Src/stm32f4xx_hal_msp.o
LOAD ./Core/Src/stm32f4xx_it.o
LOAD ./Core/Src/syscalls.o
LOAD ./Core/Src/sysmem.o
LOAD ./Core/Src/system_stm32f4xx.o
LOAD ./Core/Src/tim.o
LOAD ./Core/Src/usart.o
LOAD ./Core/Startup/startup_stm32f405rgtx.o
LOAD ./Drivers/STM32F4xx_HAL_Driver/stm32f4xx_hal.o
LOAD ./Drivers/STM32F4xx_HAL_Driver/stm32f4xx_hal_adc.o
LOAD ./Drivers/STM32F4xx_HAL_Driver/stm32f4xx_hal_adc_ex.o
LOAD ./Drivers/STM32F4xx_HAL_Driver/stm32f4xx_hal_cortex.o
LOAD ./Drivers/STM32F4xx_HAL_Driver/stm32f4xx_hal_dma.o
LOAD ./Drivers/STM32F4xx_HAL_Driver/stm32f4xx_hal_dma_ex.o
LOAD ./Drivers/STM32F4xx_HAL_Driver/stm32f4xx_hal_exti.o
LOAD ./Drivers/STM32F4xx_HAL_Driver/stm32f4xx_hal_flash.o
LOAD ./Drivers/STM32F4xx_HAL_Driver/stm32f4xx_hal_flash_ex.o
LOAD ./Drivers/STM32F4xx_HAL_Driver/stm32f4xx_hal_flash_ramfunc.o
LOAD ./Drivers/STM32F4xx_HAL_Driver/stm32f4xx_hal_gpio.o
LOAD ./Drivers/STM32F4xx_HAL_Driver/stm32f4xx_hal_i2c.o
LOAD ./Drivers/STM32F4xx_HAL_Driver/stm32f4xx_hal_i2c_ex.o
LOAD ./Drivers/STM32F4xx_HAL_Driver/stm32f4xx_hal_mmc.o
LOAD ./Drivers/STM32F4xx_HAL_Driver/stm32f4xx_hal_pcd.o
LOAD ./Drivers/STM32F4xx_HAL_Driver/stm32f4xx_hal_pcd_ex.o
LOAD ./Drivers/STM32F4xx_HAL_Driver/stm32f4xx_hal_pwr.o
LOAD ./Drivers/STM32F4xx_HAL_Driver/stm32f4xx_hal_pwr_ex.o
LOAD ./Drivers/STM32F4xx_HAL_Driver/stm32f4xx_hal_rcc.o
LOAD ./Drivers/STM32F4xx_HAL_Driver/stm32f4xx_hal_rcc_ex.o
LOAD ./Drivers/STM32F4xx_HAL_Driver/stm32f4xx_hal_sd.o
LOAD ./Drivers/STM32F4xx_HAL_Driver/stm32f4xx_hal_spi.o
LOAD ./Drivers/STM32F4xx_HAL_Driver/stm32f4xx_hal_tim.o
LOAD ./Drivers/STM32F4xx_HAL_Driver/stm32f4xx_hal_tim_ex.o
LOAD ./Drivers/STM32F4xx_HAL_Driver/stm32f4xx_hal_uart.o
LOAD ./Drivers/STM32F4xx_HAL_Driver/stm32f4xx_ll_sdmmc.o
LOAD ./Drivers/STM32F4xx_HAL_Driver/stm32f4xx_ll_usb.o
LOAD ./FATFS/App/fatfs.o
LOAD ./FATFS/Target/bsp_driver_sd.o
LOAD ./FATFS/Target/fatfs_platform.o
LOAD ./FATFS/Target/sd_diskio.o
LOAD ./Middlewares/FatFs/diskio.o
LOAD ./Middlewares/FatFs/ff.o
LOAD ./Middlewares/FatFs/ff_gen_drv.o
LOAD ./Middlewares/FatFs/syscall.o
LOAD ./Middlewares/USB_Device_Library/usbd_cdc.o
LOAD ./Middlewares/USB_Device_Library/usbd_core.o
LOAD ./Middlewares/USB_Device_Library/usbd_ctlreq.o
LOAD ./Middlewares/USB_Device_Library/usbd_ioreq.o
LOAD ./USB_DEVICE/App/usb_device.o
LOAD ./USB_DEVICE/App/usbd_cdc_if.o
LOAD ./USB_DEVICE/App/usbd_desc.o
LOAD ./USB_DEVICE/Target/usbd_conf.o
START GROUP
LOAD /opt/st/stm32cubeide_2.1.0/plugins/com.st.stm32cube.ide.mcu.externaltools.gnu-tools-for-stm32.14.3.rel1.linux64_1.0.100.202602081740/tools/bin/../lib/gcc/arm-none-eabi/14.3.1/../../../../arm-none-eabi/lib/thumb/v7e-m+fp/hard/libc_nano.a
LOAD /opt/st/stm32cubeide_2.1.0/plugins/com.st.stm32cube.ide.mcu.externaltools.gnu-tools-for-stm32.14.3.rel1.linux64_1.0.100.202602081740/tools/bin/../lib/gcc/arm-none-eabi/14.3.1/../../../../arm-none-eabi/lib/thumb/v7e-m+fp/hard/libm.a
END GROUP
START GROUP
LOAD /opt/st/stm32cubeide_2.1.0/plugins/com.st.stm32cube.ide.mcu.externaltools.gnu-tools-for-stm32.14.3.rel1.linux64_1.0.100.202602081740/tools/bin/../lib/gcc/arm-none-eabi/14.3.1/thumb/v7e-m+fp/hard/libgcc.a
LOAD /opt/st/stm32cubeide_2.1.0/plugins/com.st.stm32cube.ide.mcu.externaltools.gnu-tools-for-stm32.14.3.rel1.linux64_1.0.100.202602081740/tools/bin/../lib/gcc/arm-none-eabi/14.3.1/../../../../arm-none-eabi/lib/thumb/v7e-m+fp/hard/libc_nano.a
END GROUP
START GROUP
LOAD /opt/st/stm32cubeide_2.1.0/plugins/com.st.stm32cube.ide.mcu.externaltools.gnu-tools-for-stm32.14.3.rel1.linux64_1.0.100.202602081740/tools/bin/../lib/gcc/arm-none-eabi/14.3.1/thumb/v7e-m+fp/hard/libgcc.a
LOAD /opt/st/stm32cubeide_2.1.0/plugins/com.st.stm32cube.ide.mcu.externaltools.gnu-tools-for-stm32.14.3.rel1.linux64_1.0.100.202602081740/tools/bin/../lib/gcc/arm-none-eabi/14.3.1/../../../../arm-none-eabi/lib/thumb/v7e-m+fp/hard/libc_nano.a
LOAD /opt/st/stm32cubeide_2.1.0/plugins/com.st.stm32cube.ide.mcu.externaltools.gnu-tools-for-stm32.14.3.rel1.linux64_1.0.100.202602081740/tools/bin/../lib/gcc/arm-none-eabi/14.3.1/../../../../arm-none-eabi/lib/thumb/v7e-m+fp/hard/libnosys.a
END GROUP
START GROUP
LOAD /opt/st/stm32cubeide_2.1.0/plugins/com.st.stm32cube.ide.mcu.externaltools.gnu-tools-for-stm32.14.3.rel1.linux64_1.0.100.202602081740/tools/bin/../lib/gcc/arm-none-eabi/14.3.1/thumb/v7e-m+fp/hard/libgcc.a
LOAD /opt/st/stm32cubeide_2.1.0/plugins/com.st.stm32cube.ide.mcu.externaltools.gnu-tools-for-stm32.14.3.rel1.linux64_1.0.100.202602081740/tools/bin/../lib/gcc/arm-none-eabi/14.3.1/../../../../arm-none-eabi/lib/thumb/v7e-m+fp/hard/libc_nano.a
LOAD /opt/st/stm32cubeide_2.1.0/plugins/com.st.stm32cube.ide.mcu.externaltools.gnu-tools-for-stm32.14.3.rel1.linux64_1.0.100.202602081740/tools/bin/../lib/gcc/arm-none-eabi/14.3.1/../../../../arm-none-eabi/lib/thumb/v7e-m+fp/hard/libnosys.a
END GROUP
LOAD /opt/st/stm32cubeide_2.1.0/plugins/com.st.stm32cube.ide.mcu.externaltools.gnu-tools-for-stm32.14.3.rel1.linux64_1.0.100.202602081740/tools/bin/../lib/gcc/arm-none-eabi/14.3.1/thumb/v7e-m+fp/hard/crtend.o
LOAD /opt/st/stm32cubeide_2.1.0/plugins/com.st.stm32cube.ide.mcu.externaltools.gnu-tools-for-stm32.14.3.rel1.linux64_1.0.100.202602081740/tools/bin/../lib/gcc/arm-none-eabi/14.3.1/thumb/v7e-m+fp/hard/crtn.o
                0x20020000                        _estack = (ORIGIN (RAM) + LENGTH (RAM))
                0x00000200                        _Min_Heap_Size = 0x200
                0x00000400                        _Min_Stack_Size = 0x400

.isr_vector     0x08000000      0x188
                0x08000000                        . = ALIGN (0x4)
 *(.isr_vector)
 .isr_vector    0x08000000      0x188 ./Core/Startup/startup_stm32f405rgtx.o
                0x08000000                g_pfnVectors
                0x08000188                        . = ALIGN (0x4)

.text           0x08000190    0x10d4c
                0x08000190                        . = ALIGN (0x4)
 *(.text)
 .text          0x08000190       0x40 /opt/st/stm32cubeide_2.1.0/plugins/com.st.stm32cube.ide.mcu.externaltools.gnu-tools-for-stm32.14.3.rel1.linux64_1.0.100.202602081740/tools/bin/../lib/gcc/arm-none-eabi/14.3.1/thumb/v7e-m+fp/hard/crtbegin.o
 .text          0x080001d0       0xa0 /opt/st/stm32cubeide_2.1.0/plugins/com.st.stm32cube.ide.mcu.externaltools.gnu-tools-for-stm32.14.3.rel1.linux64_1.0.100.202602081740/tools/bin/../lib/gcc/arm-none-eabi/14.3.1/../../../../arm-none-eabi/lib/thumb/v7e-m+fp/hard/libc_nano.a(libc_a-memchr.o)
                0x080001d0                memchr
 .text          0x08000270       0x10 /opt/st/stm32cubeide_2.1.0/plugins/com.st.stm32cube.ide.mcu.externaltools.gnu-tools-for-stm32.14.3.rel1.linux64_1.0.100.202602081740/tools/bin/../lib/gcc/arm-none-eabi/14.3.1/../../../../arm-none-eabi/lib/thumb/v7e-m+fp/hard/libc_nano.a(libc_a-strlen.o)
                0x08000270                strlen
 .text          0x08000280      0x378 /opt/st/stm32cubeide_2.1.0/plugins/com.st.stm32cube.ide.mcu.externaltools.gnu-tools-for-stm32.14.3.rel1.linux64_1.0.100.202602081740/tools/bin/../lib/gcc/arm-none-eabi/14.3.1/thumb/v7e-m+fp/hard/libgcc.a(_arm_addsubdf3.o)
                0x08000280                __aeabi_drsub
                0x08000288                __aeabi_dsub
                0x08000288                __subdf3
                0x0800028c                __adddf3
                0x0800028c                __aeabi_dadd
                0x08000504                __aeabi_ui2d
                0x08000504                __floatunsidf
                0x08000524                __floatsidf
                0x08000524                __aeabi_i2d
                0x08000548                __extendsfdf2
                0x08000548                __aeabi_f2d
                0x0800058c                __aeabi_ul2d
                0x0800058c                __floatundidf
                0x0800059c                __floatdidf
                0x0800059c                __aeabi_l2d
 .text          0x080005f8      0x424 /opt/st/stm32cubeide_2.1.0/plugins/com.st.stm32cube.ide.mcu.externaltools.gnu-tools-for-stm32.14.3.rel1.linux64_1.0.100.202602081740/tools/bin/../lib/gcc/arm-none-eabi/14.3.1/thumb/v7e-m+fp/hard/libgcc.a(_arm_muldivdf3.o)
                0x080005f8                __aeabi_dmul
                0x080005f8                __muldf3
                0x0800084c                __aeabi_ddiv
                0x0800084c                __divdf3
 .text          0x08000a1c      0x110 /opt/st/stm32cubeide_2.1.0/plugins/com.st.stm32cube.ide.mcu.externaltools.gnu-tools-for-stm32.14.3.rel1.linux64_1.0.100.202602081740/tools/bin/../lib/gcc/arm-none-eabi/14.3.1/thumb/v7e-m+fp/hard/libgcc.a(_arm_cmpdf2.o)
                0x08000a1c                __gtdf2
                0x08000a1c                __gedf2
                0x08000a24                __ltdf2
                0x08000a24                __ledf2
                0x08000a2c                __cmpdf2
                0x08000a2c                __eqdf2
                0x08000a2c                __nedf2
                0x08000aa8                __aeabi_cdrcmple
                0x08000ab8                __aeabi_cdcmple
                0x08000ab8                __aeabi_cdcmpeq
                0x08000ac8                __aeabi_dcmpeq
                0x08000adc                __aeabi_dcmplt
                0x08000af0                __aeabi_dcmple
                0x08000b04                __aeabi_dcmpge
                0x08000b18                __aeabi_dcmpgt
 .text          0x08000b2c       0x2c /opt/st/stm32cubeide_2.1.0/plugins/com.st.stm32cube.ide.mcu.externaltools.gnu-tools-for-stm32.14.3.rel1.linux64_1.0.100.202602081740/tools/bin/../lib/gcc/arm-none-eabi/14.3.1/thumb/v7e-m+fp/hard/libgcc.a(_arm_unorddf2.o)
                0x08000b2c                __aeabi_dcmpun
                0x08000b2c                __unorddf2
 .text          0x08000b58       0x50 /opt/st/stm32cubeide_2.1.0/plugins/com.st.stm32cube.ide.mcu.externaltools.gnu-tools-for-stm32.14.3.rel1.linux64_1.0.100.202602081740/tools/bin/../lib/gcc/arm-none-eabi/14.3.1/thumb/v7e-m+fp/hard/libgcc.a(_arm_fixdfsi.o)
                0x08000b58                __fixdfsi
                0x08000b58                __aeabi_d2iz
 .text          0x08000ba8       0x30 /opt/st/stm32cubeide_2.1.0/plugins/com.st.stm32cube.ide.mcu.externaltools.gnu-tools-for-stm32.14.3.rel1.linux64_1.0.100.202602081740/tools/bin/../lib/gcc/arm-none-eabi/14.3.1/thumb/v7e-m+fp/hard/libgcc.a(_aeabi_uldivmod.o)
                0x08000ba8                __aeabi_uldivmod
 .text          0x08000bd8      0x2f8 /opt/st/stm32cubeide_2.1.0/plugins/com.st.stm32cube.ide.mcu.externaltools.gnu-tools-for-stm32.14.3.rel1.linux64_1.0.100.202602081740/tools/bin/../lib/gcc/arm-none-eabi/14.3.1/thumb/v7e-m+fp/hard/libgcc.a(_udivmoddi4.o)
                0x08000bd8                __udivmoddi4
 .text          0x08000ed0        0x4 /opt/st/stm32cubeide_2.1.0/plugins/com.st.stm32cube.ide.mcu.externaltools.gnu-tools-for-stm32.14.3.rel1.linux64_1.0.100.202602081740/tools/bin/../lib/gcc/arm-none-eabi/14.3.1/thumb/v7e-m+fp/hard/libgcc.a(_dvmd_tls.o)
                0x08000ed0                __aeabi_ldiv0
                0x08000ed0                __aeabi_idiv0
 *(.text*)
 .text.MX_ADC1_Init
                0x08000ed4       0xa4 ./Core/Src/adc.o
                0x08000ed4                MX_ADC1_Init
 .text.HAL_ADC_MspInit
                0x08000f78       0xc0 ./Core/Src/adc.o
                0x08000f78                HAL_ADC_MspInit
 .text.MX_DMA_Init
                0x08001038       0x50 ./Core/Src/dma.o
                0x08001038                MX_DMA_Init
 .text.MX_GPIO_Init
                0x08001088      0x150 ./Core/Src/gpio.o
                0x08001088                MX_GPIO_Init
 .text.MX_I2C1_Init
                0x080011d8       0x5c ./Core/Src/i2c.o
                0x080011d8                MX_I2C1_Init
 .text.HAL_I2C_MspInit
                0x08001234       0x90 ./Core/Src/i2c.o
                0x08001234                HAL_I2C_MspInit
 .text.main     0x080012c4      0x11c ./Core/Src/main.o
                0x080012c4                main
 .text.SystemClock_Config
                0x080013e0       0xd4 ./Core/Src/main.o
                0x080013e0                SystemClock_Config
 .text.Error_Handler
                0x080014b4        0xc ./Core/Src/main.o
                0x080014b4                Error_Handler
 .text.MX_SDIO_SD_Init
                0x080014c0       0x40 ./Core/Src/sdio.o
                0x080014c0                MX_SDIO_SD_Init
 .text.HAL_SD_MspInit
                0x08001500      0x1d0 ./Core/Src/sdio.o
                0x08001500                HAL_SD_MspInit
 .text.MX_SPI1_Init
                0x080016d0       0x6c ./Core/Src/spi.o
                0x080016d0                MX_SPI1_Init
 .text.MX_SPI2_Init
                0x0800173c       0x6c ./Core/Src/spi.o
                0x0800173c                MX_SPI2_Init
 .text.HAL_SPI_MspInit
                0x080017a8       0xfc ./Core/Src/spi.o
                0x080017a8                HAL_SPI_MspInit
 .text.HAL_MspInit
                0x080018a4       0x50 ./Core/Src/stm32f4xx_hal_msp.o
                0x080018a4                HAL_MspInit
 .text.NMI_Handler
                0x080018f4        0x8 ./Core/Src/stm32f4xx_it.o
                0x080018f4                NMI_Handler
 .text.HardFault_Handler
                0x080018fc        0x8 ./Core/Src/stm32f4xx_it.o
                0x080018fc                HardFault_Handler
 .text.MemManage_Handler
                0x08001904        0x8 ./Core/Src/stm32f4xx_it.o
                0x08001904                MemManage_Handler
 .text.BusFault_Handler
                0x0800190c        0x8 ./Core/Src/stm32f4xx_it.o
                0x0800190c                BusFault_Handler
 .text.UsageFault_Handler
                0x08001914        0x8 ./Core/Src/stm32f4xx_it.o
                0x08001914                UsageFault_Handler
 .text.SVC_Handler
                0x0800191c        0xe ./Core/Src/stm32f4xx_it.o
                0x0800191c                SVC_Handler
 .text.DebugMon_Handler
                0x0800192a        0xe ./Core/Src/stm32f4xx_it.o
                0x0800192a                DebugMon_Handler
 .text.PendSV_Handler
                0x08001938        0xe ./Core/Src/stm32f4xx_it.o
                0x08001938                PendSV_Handler
 .text.SysTick_Handler
                0x08001946        0xc ./Core/Src/stm32f4xx_it.o
                0x08001946                SysTick_Handler
 *fill*         0x08001952        0x2 
 .text.DMA2_Stream3_IRQHandler
                0x08001954       0x14 ./Core/Src/stm32f4xx_it.o
                0x08001954                DMA2_Stream3_IRQHandler
 .text.OTG_FS_IRQHandler
                0x08001968       0x14 ./Core/Src/stm32f4xx_it.o
                0x08001968                OTG_FS_IRQHandler
 .text.DMA2_Stream6_IRQHandler
                0x0800197c       0x14 ./Core/Src/stm32f4xx_it.o
                0x0800197c                DMA2_Stream6_IRQHandler
 .text._getpid  0x08001990       0x10 ./Core/Src/syscalls.o
                0x08001990                _getpid
 .text._kill    0x080019a0       0x20 ./Core/Src/syscalls.o
                0x080019a0                _kill
 .text._exit    0x080019c0       0x16 ./Core/Src/syscalls.o
                0x080019c0                _exit
 .text._read    0x080019d6       0x3a ./Core/Src/syscalls.o
                0x080019d6                _read
 .text._write   0x08001a10       0x38 ./Core/Src/syscalls.o
                0x08001a10                _write
 .text._close   0x08001a48       0x18 ./Core/Src/syscalls.o
                0x08001a48                _close
 .text._fstat   0x08001a60       0x20 ./Core/Src/syscalls.o
                0x08001a60                _fstat
 .text._isatty  0x08001a80       0x16 ./Core/Src/syscalls.o
                0x08001a80                _isatty
 .text._lseek   0x08001a96       0x1a ./Core/Src/syscalls.o
                0x08001a96                _lseek
 .text._sbrk    0x08001ab0       0x6c ./Core/Src/sysmem.o
                0x08001ab0                _sbrk
 .text.SystemInit
                0x08001b1c       0x24 ./Core/Src/system_stm32f4xx.o
                0x08001b1c                SystemInit
 .text.MX_TIM2_Init
                0x08001b40       0xf4 ./Core/Src/tim.o
                0x08001b40                MX_TIM2_Init
 .text.HAL_TIM_PWM_MspInit
                0x08001c34       0x40 ./Core/Src/tim.o
                0x08001c34                HAL_TIM_PWM_MspInit
 .text.HAL_TIM_MspPostInit
                0x08001c74       0xb0 ./Core/Src/tim.o
                0x08001c74                HAL_TIM_MspPostInit
 .text.MX_UART4_Init
                0x08001d24       0x54 ./Core/Src/usart.o
                0x08001d24                MX_UART4_Init
 .text.MX_USART1_UART_Init
                0x08001d78       0x54 ./Core/Src/usart.o
                0x08001d78                MX_USART1_UART_Init
 .text.MX_USART3_UART_Init
                0x08001dcc       0x54 ./Core/Src/usart.o
                0x08001dcc                MX_USART3_UART_Init
 .text.MX_USART6_UART_Init
                0x08001e20       0x54 ./Core/Src/usart.o
                0x08001e20                MX_USART6_UART_Init
 .text.HAL_UART_MspInit
                0x08001e74      0x1d4 ./Core/Src/usart.o
                0x08001e74                HAL_UART_MspInit
 .text.Reset_Handler
                0x08002048       0x50 ./Core/Startup/startup_stm32f405rgtx.o
                0x08002048                Reset_Handler
 .text.Default_Handler
                0x08002098        0x2 ./Core/Startup/startup_stm32f405rgtx.o
                0x08002098                RTC_Alarm_IRQHandler
                0x08002098                HASH_RNG_IRQHandler
                0x08002098                EXTI2_IRQHandler
                0x08002098                TIM8_CC_IRQHandler
                0x08002098                TIM1_CC_IRQHandler
                0x08002098                DMA2_Stream5_IRQHandler
                0x08002098                DMA1_Stream5_IRQHandler
                0x08002098                PVD_IRQHandler
                0x08002098                SDIO_IRQHandler
                0x08002098                TAMP_STAMP_IRQHandler
                0x08002098                CAN2_RX1_IRQHandler
                0x08002098                EXTI3_IRQHandler
                0x08002098                TIM8_TRG_COM_TIM14_IRQHandler
                0x08002098                TIM1_UP_TIM10_IRQHandler
                0x08002098                TIM8_UP_TIM13_IRQHandler
                0x08002098                I2C3_ER_IRQHandler
                0x08002098                EXTI0_IRQHandler
                0x08002098                I2C2_EV_IRQHandler
                0x08002098                DMA1_Stream2_IRQHandler
                0x08002098                CAN1_RX0_IRQHandler
                0x08002098                FPU_IRQHandler
                0x08002098                OTG_HS_WKUP_IRQHandler
                0x08002098                CAN2_SCE_IRQHandler
                0x08002098                DMA2_Stream2_IRQHandler
                0x08002098                SPI1_IRQHandler
                0x08002098                TIM6_DAC_IRQHandler
                0x08002098                TIM1_BRK_TIM9_IRQHandler
                0x08002098                CAN2_RX0_IRQHandler
                0x08002098                USART6_IRQHandler
                0x08002098                USART3_IRQHandler
                0x08002098                CAN1_RX1_IRQHandler
                0x08002098                UART5_IRQHandler
                0x08002098                DMA2_Stream0_IRQHandler
                0x08002098                TIM4_IRQHandler
                0x08002098                I2C1_EV_IRQHandler
                0x08002098                DMA1_Stream6_IRQHandler
                0x08002098                DMA1_Stream1_IRQHandler
                0x08002098                UART4_IRQHandler
                0x08002098                TIM3_IRQHandler
                0x08002098                RCC_IRQHandler
                0x08002098                TIM8_BRK_TIM12_IRQHandler
                0x08002098                Default_Handler
                0x08002098                EXTI15_10_IRQHandler
                0x08002098                ADC_IRQHandler
                0x08002098                DMA1_Stream7_IRQHandler
                0x08002098                TIM7_IRQHandler
                0x08002098                CAN2_TX_IRQHandler
                0x08002098                TIM5_IRQHandler
                0x08002098                DMA2_Stream7_IRQHandler
                0x08002098                I2C3_EV_IRQHandler
                0x08002098                EXTI9_5_IRQHandler
                0x08002098                RTC_WKUP_IRQHandler
                0x08002098                SPI2_IRQHandler
                0x08002098                OTG_HS_EP1_IN_IRQHandler
                0x08002098                DMA1_Stream0_IRQHandler
                0x08002098                CAN1_TX_IRQHandler
                0x08002098                EXTI4_IRQHandler
                0x08002098                FSMC_IRQHandler
                0x08002098                OTG_HS_EP1_OUT_IRQHandler
                0x08002098                WWDG_IRQHandler
                0x08002098                TIM2_IRQHandler
                0x08002098                OTG_FS_WKUP_IRQHandler
                0x08002098                TIM1_TRG_COM_TIM11_IRQHandler
                0x08002098                OTG_HS_IRQHandler
                0x08002098                EXTI1_IRQHandler
                0x08002098                USART2_IRQHandler
                0x08002098                I2C2_ER_IRQHandler
                0x08002098                DMA2_Stream1_IRQHandler
                0x08002098                CAN1_SCE_IRQHandler
                0x08002098                FLASH_IRQHandler
                0x08002098                DMA2_Stream4_IRQHandler
                0x08002098                USART1_IRQHandler
                0x08002098                SPI3_IRQHandler
                0x08002098                DMA1_Stream4_IRQHandler
                0x08002098                I2C1_ER_IRQHandler
                0x08002098                DMA1_Stream3_IRQHandler
 *fill*         0x0800209a        0x2 
 .text.HAL_Init
                0x0800209c       0x44 ./Drivers/STM32F4xx_HAL_Driver/stm32f4xx_hal.o
                0x0800209c                HAL_Init
 .text.HAL_InitTick
                0x080020e0       0x60 ./Drivers/STM32F4xx_HAL_Driver/stm32f4xx_hal.o
                0x080020e0                HAL_InitTick
 .text.HAL_IncTick
                0x08002140       0x28 ./Drivers/STM32F4xx_HAL_Driver/stm32f4xx_hal.o
                0x08002140                HAL_IncTick
 .text.HAL_GetTick
                0x08002168       0x18 ./Drivers/STM32F4xx_HAL_Driver/stm32f4xx_hal.o
                0x08002168                HAL_GetTick
 .text.HAL_Delay
                0x08002180       0x48 ./Drivers/STM32F4xx_HAL_Driver/stm32f4xx_hal.o
                0x08002180                HAL_Delay
 .text.HAL_ADC_Init
                0x080021c8       0x86 ./Drivers/STM32F4xx_HAL_Driver/stm32f4xx_hal_adc.o
                0x080021c8                HAL_ADC_Init
 *fill*         0x0800224e        0x2 
 .text.HAL_ADC_ConfigChannel
                0x08002250      0x244 ./Drivers/STM32F4xx_HAL_Driver/stm32f4xx_hal_adc.o
                0x08002250                HAL_ADC_ConfigChannel
 .text.ADC_Init
                0x08002494      0x1f8 ./Drivers/STM32F4xx_HAL_Driver/stm32f4xx_hal_adc.o
 .text.__NVIC_SetPriorityGrouping
                0x0800268c       0x48 ./Drivers/STM32F4xx_HAL_Driver/stm32f4xx_hal_cortex.o
 .text.__NVIC_GetPriorityGrouping
                0x080026d4       0x1c ./Drivers/STM32F4xx_HAL_Driver/stm32f4xx_hal_cortex.o
 .text.__NVIC_EnableIRQ
                0x080026f0       0x3c ./Drivers/STM32F4xx_HAL_Driver/stm32f4xx_hal_cortex.o
 .text.__NVIC_SetPriority
                0x0800272c       0x54 ./Drivers/STM32F4xx_HAL_Driver/stm32f4xx_hal_cortex.o
 .text.NVIC_EncodePriority
                0x08002780       0x66 ./Drivers/STM32F4xx_HAL_Driver/stm32f4xx_hal_cortex.o
 *fill*         0x080027e6        0x2 
 .text.SysTick_Config
                0x080027e8       0x44 ./Drivers/STM32F4xx_HAL_Driver/stm32f4xx_hal_cortex.o
 .text.HAL_NVIC_SetPriorityGrouping
                0x0800282c       0x16 ./Drivers/STM32F4xx_HAL_Driver/stm32f4xx_hal_cortex.o
                0x0800282c                HAL_NVIC_SetPriorityGrouping
 .text.HAL_NVIC_SetPriority
                0x08002842       0x38 ./Drivers/STM32F4xx_HAL_Driver/stm32f4xx_hal_cortex.o
                0x08002842                HAL_NVIC_SetPriority
 .text.HAL_NVIC_EnableIRQ
                0x0800287a       0x1c ./Drivers/STM32F4xx_HAL_Driver/stm32f4xx_hal_cortex.o
                0x0800287a                HAL_NVIC_EnableIRQ
 .text.HAL_SYSTICK_Config
                0x08002896       0x18 ./Drivers/STM32F4xx_HAL_Driver/stm32f4xx_hal_cortex.o
                0x08002896                HAL_SYSTICK_Config
 *fill*         0x080028ae        0x2 
 .text.HAL_DMA_Init
                0x080028b0      0x15c ./Drivers/STM32F4xx_HAL_Driver/stm32f4xx_hal_dma.o
                0x080028b0                HAL_DMA_Init
 .text.HAL_DMA_IRQHandler
                0x08002a0c      0x314 ./Drivers/STM32F4xx_HAL_Driver/stm32f4xx_hal_dma.o
                0x08002a0c                HAL_DMA_IRQHandler
 .text.DMA_CalcBaseAndBitshift
                0x08002d20       0x6c ./Drivers/STM32F4xx_HAL_Driver/stm32f4xx_hal_dma.o
 .text.DMA_CheckFifoParam
                0x08002d8c       0xf8 ./Drivers/STM32F4xx_HAL_Driver/stm32f4xx_hal_dma.o
 .text.HAL_GPIO_Init
                0x08002e84      0x338 ./Drivers/STM32F4xx_HAL_Driver/stm32f4xx_hal_gpio.o
                0x08002e84                HAL_GPIO_Init
 .text.HAL_GPIO_ReadPin
                0x080031bc       0x30 ./Drivers/STM32F4xx_HAL_Driver/stm32f4xx_hal_gpio.o
                0x080031bc                HAL_GPIO_ReadPin
 .text.HAL_GPIO_WritePin
                0x080031ec       0x32 ./Drivers/STM32F4xx_HAL_Driver/stm32f4xx_hal_gpio.o
                0x080031ec                HAL_GPIO_WritePin
 *fill*         0x0800321e        0x2 
 .text.HAL_I2C_Init
                0x08003220      0x288 ./Drivers/STM32F4xx_HAL_Driver/stm32f4xx_hal_i2c.o
                0x08003220                HAL_I2C_Init
 .text.HAL_PCD_Init
                0x080034a8      0x21e ./Drivers/STM32F4xx_HAL_Driver/stm32f4xx_hal_pcd.o
                0x080034a8                HAL_PCD_Init
 .text.HAL_PCD_Start
                0x080036c6       0x6a ./Drivers/STM32F4xx_HAL_Driver/stm32f4xx_hal_pcd.o
                0x080036c6                HAL_PCD_Start
 .text.HAL_PCD_IRQHandler
                0x08003730      0x942 ./Drivers/STM32F4xx_HAL_Driver/stm32f4xx_hal_pcd.o
                0x08003730                HAL_PCD_IRQHandler
 .text.HAL_PCD_SetAddress
                0x08004072       0x48 ./Drivers/STM32F4xx_HAL_Driver/stm32f4xx_hal_pcd.o
                0x08004072                HAL_PCD_SetAddress
 .text.HAL_PCD_EP_Open
                0x080040ba       0xd4 ./Drivers/STM32F4xx_HAL_Driver/stm32f4xx_hal_pcd.o
                0x080040ba                HAL_PCD_EP_Open
 .text.HAL_PCD_EP_Close
                0x0800418e       0x94 ./Drivers/STM32F4xx_HAL_Driver/stm32f4xx_hal_pcd.o
                0x0800418e                HAL_PCD_EP_Close
 .text.HAL_PCD_EP_Receive
                0x08004222       0x76 ./Drivers/STM32F4xx_HAL_Driver/stm32f4xx_hal_pcd.o
                0x08004222                HAL_PCD_EP_Receive
 .text.HAL_PCD_EP_GetRxCount
                0x08004298       0x30 ./Drivers/STM32F4xx_HAL_Driver/stm32f4xx_hal_pcd.o
                0x08004298                HAL_PCD_EP_GetRxCount
 .text.HAL_PCD_EP_Transmit
                0x080042c8       0x74 ./Drivers/STM32F4xx_HAL_Driver/stm32f4xx_hal_pcd.o
                0x080042c8                HAL_PCD_EP_Transmit
 .text.HAL_PCD_EP_SetStall
                0x0800433c       0xc6 ./Drivers/STM32F4xx_HAL_Driver/stm32f4xx_hal_pcd.o
                0x0800433c                HAL_PCD_EP_SetStall
 .text.HAL_PCD_EP_ClrStall
                0x08004402       0xac ./Drivers/STM32F4xx_HAL_Driver/stm32f4xx_hal_pcd.o
                0x08004402                HAL_PCD_EP_ClrStall
 .text.HAL_PCD_EP_Abort
                0x080044ae       0x62 ./Drivers/STM32F4xx_HAL_Driver/stm32f4xx_hal_pcd.o
                0x080044ae                HAL_PCD_EP_Abort
 .text.PCD_WriteEmptyTxFifo
                0x08004510      0x118 ./Drivers/STM32F4xx_HAL_Driver/stm32f4xx_hal_pcd.o
 .text.PCD_EP_OutXfrComplete_int
                0x08004628      0x1d0 ./Drivers/STM32F4xx_HAL_Driver/stm32f4xx_hal_pcd.o
 .text.PCD_EP_OutSetupPacket_int
                0x080047f8       0x8c ./Drivers/STM32F4xx_HAL_Driver/stm32f4xx_hal_pcd.o
 .text.HAL_PCDEx_SetTxFiFo
                0x08004884       0x8e ./Drivers/STM32F4xx_HAL_Driver/stm32f4xx_hal_pcd_ex.o
                0x08004884                HAL_PCDEx_SetTxFiFo
 .text.HAL_PCDEx_SetRxFiFo
                0x08004912       0x22 ./Drivers/STM32F4xx_HAL_Driver/stm32f4xx_hal_pcd_ex.o
                0x08004912                HAL_PCDEx_SetRxFiFo
 .text.HAL_PCDEx_LPM_Callback
                0x08004934       0x18 ./Drivers/STM32F4xx_HAL_Driver/stm32f4xx_hal_pcd_ex.o
                0x08004934                HAL_PCDEx_LPM_Callback
 .text.HAL_RCC_OscConfig
                0x0800494c      0x4f0 ./Drivers/STM32F4xx_HAL_Driver/stm32f4xx_hal_rcc.o
                0x0800494c                HAL_RCC_OscConfig
 .text.HAL_RCC_ClockConfig
                0x08004e3c      0x1cc ./Drivers/STM32F4xx_HAL_Driver/stm32f4xx_hal_rcc.o
                0x08004e3c                HAL_RCC_ClockConfig
 .text.HAL_RCC_GetSysClockFreq
                0x08005008      0x20c ./Drivers/STM32F4xx_HAL_Driver/stm32f4xx_hal_rcc.o
                0x08005008                HAL_RCC_GetSysClockFreq
 .text.HAL_RCC_GetHCLKFreq
                0x08005214       0x18 ./Drivers/STM32F4xx_HAL_Driver/stm32f4xx_hal_rcc.o
                0x08005214                HAL_RCC_GetHCLKFreq
 .text.HAL_RCC_GetPCLK1Freq
                0x0800522c       0x28 ./Drivers/STM32F4xx_HAL_Driver/stm32f4xx_hal_rcc.o
                0x0800522c                HAL_RCC_GetPCLK1Freq
 .text.HAL_RCC_GetPCLK2Freq
                0x08005254       0x28 ./Drivers/STM32F4xx_HAL_Driver/stm32f4xx_hal_rcc.o
                0x08005254                HAL_RCC_GetPCLK2Freq
 .text.HAL_SD_Init
                0x0800527c       0x60 ./Drivers/STM32F4xx_HAL_Driver/stm32f4xx_hal_sd.o
                0x0800527c                HAL_SD_Init
 .text.HAL_SD_InitCard
                0x080052dc       0xf0 ./Drivers/STM32F4xx_HAL_Driver/stm32f4xx_hal_sd.o
                0x080052dc                HAL_SD_InitCard
 .text.HAL_SD_ReadBlocks
                0x080053cc      0x3cc ./Drivers/STM32F4xx_HAL_Driver/stm32f4xx_hal_sd.o
                0x080053cc                HAL_SD_ReadBlocks
 .text.HAL_SD_WriteBlocks
                0x08005798      0x31c ./Drivers/STM32F4xx_HAL_Driver/stm32f4xx_hal_sd.o
                0x08005798                HAL_SD_WriteBlocks
 .text.HAL_SD_GetCardCSD
                0x08005ab4      0x348 ./Drivers/STM32F4xx_HAL_Driver/stm32f4xx_hal_sd.o
                0x08005ab4                HAL_SD_GetCardCSD
 .text.HAL_SD_GetCardInfo
                0x08005dfc       0x58 ./Drivers/STM32F4xx_HAL_Driver/stm32f4xx_hal_sd.o
                0x08005dfc                HAL_SD_GetCardInfo
 .text.HAL_SD_ConfigWideBusOperation
                0x08005e54      0x134 ./Drivers/STM32F4xx_HAL_Driver/stm32f4xx_hal_sd.o
                0x08005e54                HAL_SD_ConfigWideBusOperation
 .text.HAL_SD_GetCardState
                0x08005f88       0x40 ./Drivers/STM32F4xx_HAL_Driver/stm32f4xx_hal_sd.o
                0x08005f88                HAL_SD_GetCardState
 .text.SD_InitCard
                0x08005fc8      0x19c ./Drivers/STM32F4xx_HAL_Driver/stm32f4xx_hal_sd.o
 .text.SD_PowerON
                0x08006164      0x11c ./Drivers/STM32F4xx_HAL_Driver/stm32f4xx_hal_sd.o
 .text.SD_SendStatus
                0x08006280       0x50 ./Drivers/STM32F4xx_HAL_Driver/stm32f4xx_hal_sd.o
 .text.SD_WideBus_Enable
                0x080062d0       0x96 ./Drivers/STM32F4xx_HAL_Driver/stm32f4xx_hal_sd.o
 .text.SD_WideBus_Disable
                0x08006366       0x96 ./Drivers/STM32F4xx_HAL_Driver/stm32f4xx_hal_sd.o
 .text.SD_FindSCR
                0x080063fc      0x1b4 ./Drivers/STM32F4xx_HAL_Driver/stm32f4xx_hal_sd.o
 .text.HAL_SPI_Init
                0x080065b0      0x112 ./Drivers/STM32F4xx_HAL_Driver/stm32f4xx_hal_spi.o
                0x080065b0                HAL_SPI_Init
 .text.HAL_TIM_PWM_Init
                0x080066c2       0x9e ./Drivers/STM32F4xx_HAL_Driver/stm32f4xx_hal_tim.o
                0x080066c2                HAL_TIM_PWM_Init
 .text.HAL_TIM_PWM_ConfigChannel
                0x08006760      0x184 ./Drivers/STM32F4xx_HAL_Driver/stm32f4xx_hal_tim.o
                0x08006760                HAL_TIM_PWM_ConfigChannel
 .text.TIM_Base_SetConfig
                0x080068e4      0x14c ./Drivers/STM32F4xx_HAL_Driver/stm32f4xx_hal_tim.o
                0x080068e4                TIM_Base_SetConfig
 .text.TIM_OC1_SetConfig
                0x08006a30       0xe0 ./Drivers/STM32F4xx_HAL_Driver/stm32f4xx_hal_tim.o
 .text.TIM_OC2_SetConfig
                0x08006b10       0xec ./Drivers/STM32F4xx_HAL_Driver/stm32f4xx_hal_tim.o
                0x08006b10                TIM_OC2_SetConfig
 .text.TIM_OC3_SetConfig
                0x08006bfc       0xe8 ./Drivers/STM32F4xx_HAL_Driver/stm32f4xx_hal_tim.o
 .text.TIM_OC4_SetConfig
                0x08006ce4       0xac ./Drivers/STM32F4xx_HAL_Driver/stm32f4xx_hal_tim.o
 .text.HAL_TIMEx_MasterConfigSynchronization
                0x08006d90       0xf8 ./Drivers/STM32F4xx_HAL_Driver/stm32f4xx_hal_tim_ex.o
                0x08006d90                HAL_TIMEx_MasterConfigSynchronization
 .text.HAL_UART_Init
                0x08006e88       0xa0 ./Drivers/STM32F4xx_HAL_Driver/stm32f4xx_hal_uart.o
                0x08006e88                HAL_UART_Init
 .text.UART_SetConfig
                0x08006f28      0x4e8 ./Drivers/STM32F4xx_HAL_Driver/stm32f4xx_hal_uart.o
 .text.SDIO_Init
                0x08007410       0x56 ./Drivers/STM32F4xx_HAL_Driver/stm32f4xx_ll_sdmmc.o
                0x08007410                SDIO_Init
 .text.SDIO_ReadFIFO
                0x08007466       0x1a ./Drivers/STM32F4xx_HAL_Driver/stm32f4xx_ll_sdmmc.o
                0x08007466                SDIO_ReadFIFO
 .text.SDIO_WriteFIFO
                0x08007480       0x22 ./Drivers/STM32F4xx_HAL_Driver/stm32f4xx_ll_sdmmc.o
                0x08007480                SDIO_WriteFIFO
 .text.SDIO_PowerState_ON
                0x080074a2       0x1c ./Drivers/STM32F4xx_HAL_Driver/stm32f4xx_ll_sdmmc.o
                0x080074a2                SDIO_PowerState_ON
 .text.SDIO_GetPowerState
                0x080074be       0x1c ./Drivers/STM32F4xx_HAL_Driver/stm32f4xx_ll_sdmmc.o
                0x080074be                SDIO_GetPowerState
 .text.SDIO_SendCommand
                0x080074da       0x54 ./Drivers/STM32F4xx_HAL_Driver/stm32f4xx_ll_sdmmc.o
                0x080074da                SDIO_SendCommand
 .text.SDIO_GetCommandResponse
                0x0800752e       0x1a ./Drivers/STM32F4xx_HAL_Driver/stm32f4xx_ll_sdmmc.o
                0x0800752e                SDIO_GetCommandResponse
 .text.SDIO_GetResponse
                0x08007548       0x26 ./Drivers/STM32F4xx_HAL_Driver/stm32f4xx_ll_sdmmc.o
                0x08007548                SDIO_GetResponse
 .text.SDIO_ConfigData
                0x0800756e       0x58 ./Drivers/STM32F4xx_HAL_Driver/stm32f4xx_ll_sdmmc.o
                0x0800756e                SDIO_ConfigData
 .text.SDMMC_CmdBlockLength
                0x080075c6       0x44 ./Drivers/STM32F4xx_HAL_Driver/stm32f4xx_ll_sdmmc.o
                0x080075c6                SDMMC_CmdBlockLength
 .text.SDMMC_CmdReadSingleBlock
                0x0800760a       0x44 ./Drivers/STM32F4xx_HAL_Driver/stm32f4xx_ll_sdmmc.o
                0x0800760a                SDMMC_CmdReadSingleBlock
 .text.SDMMC_CmdReadMultiBlock
                0x0800764e       0x44 ./Drivers/STM32F4xx_HAL_Driver/stm32f4xx_ll_sdmmc.o
                0x0800764e                SDMMC_CmdReadMultiBlock
 .text.SDMMC_CmdWriteSingleBlock
                0x08007692       0x44 ./Drivers/STM32F4xx_HAL_Driver/stm32f4xx_ll_sdmmc.o
                0x08007692                SDMMC_CmdWriteSingleBlock
 .text.SDMMC_CmdWriteMultiBlock
                0x080076d6       0x44 ./Drivers/STM32F4xx_HAL_Driver/stm32f4xx_ll_sdmmc.o
                0x080076d6                SDMMC_CmdWriteMultiBlock
 *fill*         0x0800771a        0x2 
 .text.SDMMC_CmdStopTransfer
                0x0800771c       0x44 ./Drivers/STM32F4xx_HAL_Driver/stm32f4xx_ll_sdmmc.o
                0x0800771c                SDMMC_CmdStopTransfer
 .text.SDMMC_CmdSelDesel
                0x08007760       0x46 ./Drivers/STM32F4xx_HAL_Driver/stm32f4xx_ll_sdmmc.o
                0x08007760                SDMMC_CmdSelDesel
 .text.SDMMC_CmdGoIdleState
                0x080077a6       0x3c ./Drivers/STM32F4xx_HAL_Driver/stm32f4xx_ll_sdmmc.o
                0x080077a6                SDMMC_CmdGoIdleState
 .text.SDMMC_CmdOperCond
                0x080077e2       0x3e ./Drivers/STM32F4xx_HAL_Driver/stm32f4xx_ll_sdmmc.o
                0x080077e2                SDMMC_CmdOperCond
 .text.SDMMC_CmdAppCommand
                0x08007820       0x44 ./Drivers/STM32F4xx_HAL_Driver/stm32f4xx_ll_sdmmc.o
                0x08007820                SDMMC_CmdAppCommand
 .text.SDMMC_CmdAppOperCommand
                0x08007864       0x46 ./Drivers/STM32F4xx_HAL_Driver/stm32f4xx_ll_sdmmc.o
                0x08007864                SDMMC_CmdAppOperCommand
 .text.SDMMC_CmdBusWidth
                0x080078aa       0x44 ./Drivers/STM32F4xx_HAL_Driver/stm32f4xx_ll_sdmmc.o
                0x080078aa                SDMMC_CmdBusWidth
 .text.SDMMC_CmdSendSCR
                0x080078ee       0x42 ./Drivers/STM32F4xx_HAL_Driver/stm32f4xx_ll_sdmmc.o
                0x080078ee                SDMMC_CmdSendSCR
 .text.SDMMC_CmdSendCID
                0x08007930       0x3c ./Drivers/STM32F4xx_HAL_Driver/stm32f4xx_ll_sdmmc.o
                0x08007930                SDMMC_CmdSendCID
 .text.SDMMC_CmdSendCSD
                0x0800796c       0x3e ./Drivers/STM32F4xx_HAL_Driver/stm32f4xx_ll_sdmmc.o
                0x0800796c                SDMMC_CmdSendCSD
 .text.SDMMC_CmdSetRelAdd
                0x080079aa       0x42 ./Drivers/STM32F4xx_HAL_Driver/stm32f4xx_ll_sdmmc.o
                0x080079aa                SDMMC_CmdSetRelAdd
 .text.SDMMC_CmdSendStatus
                0x080079ec       0x44 ./Drivers/STM32F4xx_HAL_Driver/stm32f4xx_ll_sdmmc.o
                0x080079ec                SDMMC_CmdSendStatus
 .text.SDMMC_GetCmdResp1
                0x08007a30      0x1dc ./Drivers/STM32F4xx_HAL_Driver/stm32f4xx_ll_sdmmc.o
                0x08007a30                SDMMC_GetCmdResp1
 .text.SDMMC_GetCmdResp2
                0x08007c0c       0x90 ./Drivers/STM32F4xx_HAL_Driver/stm32f4xx_ll_sdmmc.o
                0x08007c0c                SDMMC_GetCmdResp2
 .text.SDMMC_GetCmdResp3
                0x08007c9c       0x7c ./Drivers/STM32F4xx_HAL_Driver/stm32f4xx_ll_sdmmc.o
                0x08007c9c                SDMMC_GetCmdResp3
 .text.SDMMC_GetCmdResp6
                0x08007d18       0xec ./Drivers/STM32F4xx_HAL_Driver/stm32f4xx_ll_sdmmc.o
                0x08007d18                SDMMC_GetCmdResp6
 .text.SDMMC_GetCmdResp7
                0x08007e04       0x9c ./Drivers/STM32F4xx_HAL_Driver/stm32f4xx_ll_sdmmc.o
                0x08007e04                SDMMC_GetCmdResp7
 .text.SDMMC_GetCmdError
                0x08007ea0       0x58 ./Drivers/STM32F4xx_HAL_Driver/stm32f4xx_ll_sdmmc.o
 .text.USB_CoreInit
                0x08007ef8       0xc8 ./Drivers/STM32F4xx_HAL_Driver/stm32f4xx_ll_usb.o
                0x08007ef8                USB_CoreInit
 .text.USB_SetTurnaroundTime
                0x08007fc0      0x144 ./Drivers/STM32F4xx_HAL_Driver/stm32f4xx_ll_usb.o
                0x08007fc0                USB_SetTurnaroundTime
 .text.USB_EnableGlobalInt
                0x08008104       0x22 ./Drivers/STM32F4xx_HAL_Driver/stm32f4xx_ll_usb.o
                0x08008104                USB_EnableGlobalInt
 .text.USB_DisableGlobalInt
                0x08008126       0x22 ./Drivers/STM32F4xx_HAL_Driver/stm32f4xx_ll_usb.o
                0x08008126                USB_DisableGlobalInt
 .text.USB_SetCurrentMode
                0x08008148       0x98 ./Drivers/STM32F4xx_HAL_Driver/stm32f4xx_ll_usb.o
                0x08008148                USB_SetCurrentMode
 .text.USB_DevInit
                0x080081e0      0x2c8 ./Drivers/STM32F4xx_HAL_Driver/stm32f4xx_ll_usb.o
                0x080081e0                USB_DevInit
 .text.USB_FlushTxFifo
                0x080084a8       0x64 ./Drivers/STM32F4xx_HAL_Driver/stm32f4xx_ll_usb.o
                0x080084a8                USB_FlushTxFifo
 .text.USB_FlushRxFifo
                0x0800850c       0x5c ./Drivers/STM32F4xx_HAL_Driver/stm32f4xx_ll_usb.o
                0x0800850c                USB_FlushRxFifo
 .text.USB_SetDevSpeed
                0x08008568       0x32 ./Drivers/STM32F4xx_HAL_Driver/stm32f4xx_ll_usb.o
                0x08008568                USB_SetDevSpeed
 .text.USB_GetDevSpeed
                0x0800859a       0x4a ./Drivers/STM32F4xx_HAL_Driver/stm32f4xx_ll_usb.o
                0x0800859a                USB_GetDevSpeed
 .text.USB_ActivateEndpoint
                0x080085e4      0x10e ./Drivers/STM32F4xx_HAL_Driver/stm32f4xx_ll_usb.o
                0x080085e4                USB_ActivateEndpoint
 *fill*         0x080086f2        0x2 
 .text.USB_DeactivateEndpoint
                0x080086f4      0x1b8 ./Drivers/STM32F4xx_HAL_Driver/stm32f4xx_ll_usb.o
                0x080086f4                USB_DeactivateEndpoint
 .text.USB_EPStartXfer
                0x080088ac      0x53c ./Drivers/STM32F4xx_HAL_Driver/stm32f4xx_ll_usb.o
                0x080088ac                USB_EPStartXfer
 .text.USB_EPStopXfer
                0x08008de8      0x154 ./Drivers/STM32F4xx_HAL_Driver/stm32f4xx_ll_usb.o
                0x08008de8                USB_EPStopXfer
 .text.USB_WritePacket
                0x08008f3c       0x7c ./Drivers/STM32F4xx_HAL_Driver/stm32f4xx_ll_usb.o
                0x08008f3c                USB_WritePacket
 .text.USB_ReadPacket
                0x08008fb8       0xb0 ./Drivers/STM32F4xx_HAL_Driver/stm32f4xx_ll_usb.o
                0x08008fb8                USB_ReadPacket
 .text.USB_EPSetStall
                0x08009068       0xdc ./Drivers/STM32F4xx_HAL_Driver/stm32f4xx_ll_usb.o
                0x08009068                USB_EPSetStall
 .text.USB_EPClearStall
                0x08009144       0xcc ./Drivers/STM32F4xx_HAL_Driver/stm32f4xx_ll_usb.o
                0x08009144                USB_EPClearStall
 .text.USB_SetDevAddress
                0x08009210       0x4c ./Drivers/STM32F4xx_HAL_Driver/stm32f4xx_ll_usb.o
                0x08009210                USB_SetDevAddress
 .text.USB_DevConnect
                0x0800925c       0x42 ./Drivers/STM32F4xx_HAL_Driver/stm32f4xx_ll_usb.o
                0x0800925c                USB_DevConnect
 .text.USB_DevDisconnect
                0x0800929e       0x42 ./Drivers/STM32F4xx_HAL_Driver/stm32f4xx_ll_usb.o
                0x0800929e                USB_DevDisconnect
 .text.USB_ReadInterrupts
                0x080092e0       0x26 ./Drivers/STM32F4xx_HAL_Driver/stm32f4xx_ll_usb.o
                0x080092e0                USB_ReadInterrupts
 .text.USB_ReadDevAllOutEpInterrupt
                0x08009306       0x34 ./Drivers/STM32F4xx_HAL_Driver/stm32f4xx_ll_usb.o
                0x08009306                USB_ReadDevAllOutEpInterrupt
 .text.USB_ReadDevAllInEpInterrupt
                0x0800933a       0x34 ./Drivers/STM32F4xx_HAL_Driver/stm32f4xx_ll_usb.o
                0x0800933a                USB_ReadDevAllInEpInterrupt
 .text.USB_ReadDevOutEPInterrupt
                0x0800936e       0x3c ./Drivers/STM32F4xx_HAL_Driver/stm32f4xx_ll_usb.o
                0x0800936e                USB_ReadDevOutEPInterrupt
 .text.USB_ReadDevInEPInterrupt
                0x080093aa       0x5c ./Drivers/STM32F4xx_HAL_Driver/stm32f4xx_ll_usb.o
                0x080093aa                USB_ReadDevInEPInterrupt
 .text.USB_GetMode
                0x08009406       0x1c ./Drivers/STM32F4xx_HAL_Driver/stm32f4xx_ll_usb.o
                0x08009406                USB_GetMode
 .text.USB_ActivateSetup
                0x08009422       0x46 ./Drivers/STM32F4xx_HAL_Driver/stm32f4xx_ll_usb.o
                0x08009422                USB_ActivateSetup
 .text.USB_EP0_OutStart
                0x08009468       0xbc ./Drivers/STM32F4xx_HAL_Driver/stm32f4xx_ll_usb.o
                0x08009468                USB_EP0_OutStart
 .text.USB_CoreReset
                0x08009524       0x70 ./Drivers/STM32F4xx_HAL_Driver/stm32f4xx_ll_usb.o
 .text.MX_FATFS_Init
                0x08009594       0x24 ./FATFS/App/fatfs.o
                0x08009594                MX_FATFS_Init
 .text.get_fattime
                0x080095b8       0x10 ./FATFS/App/fatfs.o
                0x080095b8                get_fattime
 .text.BSP_SD_Init
                0x080095c8       0x4c ./FATFS/Target/bsp_driver_sd.o
                0x080095c8                BSP_SD_Init
 .text.BSP_SD_ReadBlocks
                0x08009614       0x3c ./FATFS/Target/bsp_driver_sd.o
                0x08009614                BSP_SD_ReadBlocks
 .text.BSP_SD_WriteBlocks
                0x08009650       0x3c ./FATFS/Target/bsp_driver_sd.o
                0x08009650                BSP_SD_WriteBlocks
 .text.BSP_SD_GetCardState
                0x0800968c       0x20 ./FATFS/Target/bsp_driver_sd.o
                0x0800968c                BSP_SD_GetCardState
 .text.BSP_SD_GetCardInfo
                0x080096ac       0x1c ./FATFS/Target/bsp_driver_sd.o
                0x080096ac                BSP_SD_GetCardInfo
 .text.BSP_SD_IsDetected
                0x080096c8       0x24 ./FATFS/Target/bsp_driver_sd.o
                0x080096c8                BSP_SD_IsDetected
 .text.BSP_PlatformIsDetected
                0x080096ec       0x2c ./FATFS/Target/fatfs_platform.o
                0x080096ec                BSP_PlatformIsDetected
 .text.SD_CheckStatus
                0x08009718       0x3c ./FATFS/Target/sd_diskio.o
 .text.SD_initialize
                0x08009754       0x3c ./FATFS/Target/sd_diskio.o
                0x08009754                SD_initialize
 .text.SD_status
                0x08009790       0x1c ./FATFS/Target/sd_diskio.o
                0x08009790                SD_status
 .text.SD_read  0x080097ac       0x42 ./FATFS/Target/sd_diskio.o
                0x080097ac                SD_read
 .text.SD_write
                0x080097ee       0x42 ./FATFS/Target/sd_diskio.o
                0x080097ee                SD_write
 .text.SD_ioctl
                0x08009830       0xb0 ./FATFS/Target/sd_diskio.o
                0x08009830                SD_ioctl
 .text.disk_status
                0x080098e0       0x34 ./Middlewares/FatFs/diskio.o
                0x080098e0                disk_status
 .text.disk_initialize
                0x08009914       0x50 ./Middlewares/FatFs/diskio.o
                0x08009914                disk_initialize
 .text.disk_read
                0x08009964       0x40 ./Middlewares/FatFs/diskio.o
                0x08009964                disk_read
 .text.disk_write
                0x080099a4       0x40 ./Middlewares/FatFs/diskio.o
                0x080099a4                disk_write
 .text.disk_ioctl
                0x080099e4       0x3c ./Middlewares/FatFs/diskio.o
                0x080099e4                disk_ioctl
 .text.ld_word  0x08009a20       0x32 ./Middlewares/FatFs/ff.o
 .text.ld_dword
                0x08009a52       0x46 ./Middlewares/FatFs/ff.o
 .text.st_word  0x08009a98       0x36 ./Middlewares/FatFs/ff.o
 .text.st_dword
                0x08009ace       0x58 ./Middlewares/FatFs/ff.o
 .text.mem_cpy  0x08009b26       0x42 ./Middlewares/FatFs/ff.o
 .text.mem_set  0x08009b68       0x36 ./Middlewares/FatFs/ff.o
 .text.mem_cmp  0x08009b9e       0x4e ./Middlewares/FatFs/ff.o
 .text.chk_chr  0x08009bec       0x36 ./Middlewares/FatFs/ff.o
 *fill*         0x08009c22        0x2 
 .text.chk_lock
                0x08009c24       0xb8 ./Middlewares/FatFs/ff.o
 .text.enq_lock
                0x08009cdc       0x44 ./Middlewares/FatFs/ff.o
 .text.inc_lock
                0x08009d20      0x11c ./Middlewares/FatFs/ff.o
 .text.dec_lock
                0x08009e3c       0x78 ./Middlewares/FatFs/ff.o
 .text.clear_lock
                0x08009eb4       0x48 ./Middlewares/FatFs/ff.o
 .text.sync_window
                0x08009efc       0x88 ./Middlewares/FatFs/ff.o
 .text.move_window
                0x08009f84       0x5a ./Middlewares/FatFs/ff.o
 *fill*         0x08009fde        0x2 
 .text.sync_fs  0x08009fe0       0xdc ./Middlewares/FatFs/ff.o
 .text.clust2sect
                0x0800a0bc       0x3e ./Middlewares/FatFs/ff.o
 .text.get_fat  0x0800a0fa      0x14e ./Middlewares/FatFs/ff.o
 .text.put_fat  0x0800a248      0x1d4 ./Middlewares/FatFs/ff.o
 .text.remove_chain
                0x0800a41c       0xca ./Middlewares/FatFs/ff.o
 .text.create_chain
                0x0800a4e6      0x130 ./Middlewares/FatFs/ff.o
 .text.clmt_clust
                0x0800a616       0x68 ./Middlewares/FatFs/ff.o
 .text.dir_sdi  0x0800a67e       0xf6 ./Middlewares/FatFs/ff.o
 .text.dir_next
                0x0800a774      0x18a ./Middlewares/FatFs/ff.o
 .text.dir_alloc
                0x0800a8fe       0x8e ./Middlewares/FatFs/ff.o
 .text.ld_clust
                0x0800a98c       0x3e ./Middlewares/FatFs/ff.o
 .text.st_clust
                0x0800a9ca       0x40 ./Middlewares/FatFs/ff.o
 .text.dir_find
                0x0800aa0a       0xaa ./Middlewares/FatFs/ff.o
 .text.dir_register
                0x0800aab4       0x64 ./Middlewares/FatFs/ff.o
 .text.create_name
                0x0800ab18      0x128 ./Middlewares/FatFs/ff.o
 .text.follow_path
                0x0800ac40       0xe2 ./Middlewares/FatFs/ff.o
 .text.get_ldnumber
                0x0800ad22       0x88 ./Middlewares/FatFs/ff.o
 *fill*         0x0800adaa        0x2 
 .text.check_fs
                0x0800adac       0xac ./Middlewares/FatFs/ff.o
 .text.find_volume
                0x0800ae58      0x498 ./Middlewares/FatFs/ff.o
 .text.validate
                0x0800b2f0       0x6a ./Middlewares/FatFs/ff.o
 *fill*         0x0800b35a        0x2 
 .text.f_mount  0x0800b35c       0x8c ./Middlewares/FatFs/ff.o
                0x0800b35c                f_mount
 .text.f_open   0x0800b3e8      0x374 ./Middlewares/FatFs/ff.o
                0x0800b3e8                f_open
 .text.f_write  0x0800b75c      0x2ea ./Middlewares/FatFs/ff.o
                0x0800b75c                f_write
 .text.f_sync   0x0800ba46       0xfc ./Middlewares/FatFs/ff.o
                0x0800ba46                f_sync
 .text.f_close  0x0800bb42       0x54 ./Middlewares/FatFs/ff.o
                0x0800bb42                f_close
 *fill*         0x0800bb96        0x2 
 .text.FATFS_LinkDriverEx
                0x0800bb98       0x98 ./Middlewares/FatFs/ff_gen_drv.o
                0x0800bb98                FATFS_LinkDriverEx
 .text.FATFS_LinkDriver
                0x0800bc30       0x1e ./Middlewares/FatFs/ff_gen_drv.o
                0x0800bc30                FATFS_LinkDriver
 *fill*         0x0800bc4e        0x2 
 .text.USBD_CDC_Init
                0x0800bc50      0x1f0 ./Middlewares/USB_Device_Library/usbd_cdc.o
 .text.USBD_CDC_DeInit
                0x0800be40      0x104 ./Middlewares/USB_Device_Library/usbd_cdc.o
 .text.USBD_CDC_Setup
                0x0800bf44      0x1b8 ./Middlewares/USB_Device_Library/usbd_cdc.o
 .text.USBD_CDC_DataIn
                0x0800c0fc       0xfe ./Middlewares/USB_Device_Library/usbd_cdc.o
 .text.USBD_CDC_DataOut
                0x0800c1fa       0x70 ./Middlewares/USB_Device_Library/usbd_cdc.o
 .text.USBD_CDC_EP0_RxReady
                0x0800c26a       0x74 ./Middlewares/USB_Device_Library/usbd_cdc.o
 *fill*         0x0800c2de        0x2 
 .text.USBD_CDC_GetFSCfgDesc
                0x0800c2e0       0x70 ./Middlewares/USB_Device_Library/usbd_cdc.o
 .text.USBD_CDC_GetHSCfgDesc
                0x0800c350       0x70 ./Middlewares/USB_Device_Library/usbd_cdc.o
 .text.USBD_CDC_GetOtherSpeedCfgDesc
                0x0800c3c0       0x70 ./Middlewares/USB_Device_Library/usbd_cdc.o
 .text.USBD_CDC_GetDeviceQualifierDescriptor
                0x0800c430       0x20 ./Middlewares/USB_Device_Library/usbd_cdc.o
                0x0800c430                USBD_CDC_GetDeviceQualifierDescriptor
 .text.USBD_CDC_RegisterInterface
                0x0800c450       0x34 ./Middlewares/USB_Device_Library/usbd_cdc.o
                0x0800c450                USBD_CDC_RegisterInterface
 .text.USBD_CDC_SetTxBuffer
                0x0800c484       0x44 ./Middlewares/USB_Device_Library/usbd_cdc.o
                0x0800c484                USBD_CDC_SetTxBuffer
 .text.USBD_CDC_SetRxBuffer
                0x0800c4c8       0x3a ./Middlewares/USB_Device_Library/usbd_cdc.o
                0x0800c4c8                USBD_CDC_SetRxBuffer
 *fill*         0x0800c502        0x2 
 .text.USBD_CDC_ReceivePacket
                0x0800c504       0x6c ./Middlewares/USB_Device_Library/usbd_cdc.o
                0x0800c504                USBD_CDC_ReceivePacket
 .text.USBD_Init
                0x0800c570       0x60 ./Middlewares/USB_Device_Library/usbd_core.o
                0x0800c570                USBD_Init
 .text.USBD_RegisterClass
                0x0800c5d0       0x6c ./Middlewares/USB_Device_Library/usbd_core.o
                0x0800c5d0                USBD_RegisterClass
 .text.USBD_Start
                0x0800c63c       0x18 ./Middlewares/USB_Device_Library/usbd_core.o
                0x0800c63c                USBD_Start
 .text.USBD_RunTestMode
                0x0800c654       0x16 ./Middlewares/USB_Device_Library/usbd_core.o
                0x0800c654                USBD_RunTestMode
 .text.USBD_SetClassConfig
                0x0800c66a       0x38 ./Middlewares/USB_Device_Library/usbd_core.o
                0x0800c66a                USBD_SetClassConfig
 .text.USBD_ClrClassConfig
                0x0800c6a2       0x34 ./Middlewares/USB_Device_Library/usbd_core.o
                0x0800c6a2                USBD_ClrClassConfig
 .text.USBD_LL_SetupStage
                0x0800c6d6       0xaa ./Middlewares/USB_Device_Library/usbd_core.o
                0x0800c6d6                USBD_LL_SetupStage
 .text.USBD_LL_DataOutStage
                0x0800c780      0x178 ./Middlewares/USB_Device_Library/usbd_core.o
                0x0800c780                USBD_LL_DataOutStage
 .text.USBD_LL_DataInStage
                0x0800c8f8      0x176 ./Middlewares/USB_Device_Library/usbd_core.o
                0x0800c8f8                USBD_LL_DataInStage
 .text.USBD_LL_Reset
                0x0800ca6e       0xa6 ./Middlewares/USB_Device_Library/usbd_core.o
                0x0800ca6e                USBD_LL_Reset
 .text.USBD_LL_SetSpeed
                0x0800cb14       0x20 ./Middlewares/USB_Device_Library/usbd_core.o
                0x0800cb14                USBD_LL_SetSpeed
 .text.USBD_LL_Suspend
                0x0800cb34       0x38 ./Middlewares/USB_Device_Library/usbd_core.o
                0x0800cb34                USBD_LL_Suspend
 .text.USBD_LL_Resume
                0x0800cb6c       0x30 ./Middlewares/USB_Device_Library/usbd_core.o
                0x0800cb6c                USBD_LL_Resume
 .text.USBD_LL_SOF
                0x0800cb9c       0x40 ./Middlewares/USB_Device_Library/usbd_core.o
                0x0800cb9c                USBD_LL_SOF
 .text.USBD_LL_IsoINIncomplete
                0x0800cbdc       0x64 ./Middlewares/USB_Device_Library/usbd_core.o
                0x0800cbdc                USBD_LL_IsoINIncomplete
 .text.USBD_LL_IsoOUTIncomplete
                0x0800cc40       0x64 ./Middlewares/USB_Device_Library/usbd_core.o
                0x0800cc40                USBD_LL_IsoOUTIncomplete
 .text.USBD_LL_DevConnected
                0x0800cca4       0x16 ./Middlewares/USB_Device_Library/usbd_core.o
                0x0800cca4                USBD_LL_DevConnected
 .text.USBD_LL_DevDisconnected
                0x0800ccba       0x46 ./Middlewares/USB_Device_Library/usbd_core.o
                0x0800ccba                USBD_LL_DevDisconnected
 .text.USBD_CoreFindIF
                0x0800cd00       0x1a ./Middlewares/USB_Device_Library/usbd_core.o
                0x0800cd00                USBD_CoreFindIF
 .text.USBD_CoreFindEP
                0x0800cd1a       0x1a ./Middlewares/USB_Device_Library/usbd_core.o
                0x0800cd1a                USBD_CoreFindEP
 .text.USBD_GetEpDesc
                0x0800cd34       0x70 ./Middlewares/USB_Device_Library/usbd_core.o
                0x0800cd34                USBD_GetEpDesc
 .text.USBD_GetNextDesc
                0x0800cda4       0x38 ./Middlewares/USB_Device_Library/usbd_core.o
                0x0800cda4                USBD_GetNextDesc
 .text.SWAPBYTE
                0x0800cddc       0x3e ./Middlewares/USB_Device_Library/usbd_ctlreq.o
 *fill*         0x0800ce1a        0x2 
 .text.USBD_StdDevReq
                0x0800ce1c       0xe4 ./Middlewares/USB_Device_Library/usbd_ctlreq.o
                0x0800ce1c                USBD_StdDevReq
 .text.USBD_StdItfReq
                0x0800cf00       0xd8 ./Middlewares/USB_Device_Library/usbd_ctlreq.o
                0x0800cf00                USBD_StdItfReq
 .text.USBD_StdEPReq
                0x0800cfd8      0x33e ./Middlewares/USB_Device_Library/usbd_ctlreq.o
                0x0800cfd8                USBD_StdEPReq
 *fill*         0x0800d316        0x2 
 .text.USBD_GetDescriptor
                0x0800d318      0x2d4 ./Middlewares/USB_Device_Library/usbd_ctlreq.o
 .text.USBD_SetAddress
                0x0800d5ec       0x88 ./Middlewares/USB_Device_Library/usbd_ctlreq.o
 .text.USBD_SetConfig
                0x0800d674      0x154 ./Middlewares/USB_Device_Library/usbd_ctlreq.o
 .text.USBD_GetConfig
                0x0800d7c8       0x6c ./Middlewares/USB_Device_Library/usbd_ctlreq.o
 .text.USBD_GetStatus
                0x0800d834       0x68 ./Middlewares/USB_Device_Library/usbd_ctlreq.o
 .text.USBD_SetFeature
                0x0800d89c       0x52 ./Middlewares/USB_Device_Library/usbd_ctlreq.o
 .text.USBD_ClrFeature
                0x0800d8ee       0x44 ./Middlewares/USB_Device_Library/usbd_ctlreq.o
 .text.USBD_ParseSetupRequest
                0x0800d932       0x74 ./Middlewares/USB_Device_Library/usbd_ctlreq.o
                0x0800d932                USBD_ParseSetupRequest
 .text.USBD_CtlError
                0x0800d9a6       0x22 ./Middlewares/USB_Device_Library/usbd_ctlreq.o
                0x0800d9a6                USBD_CtlError
 .text.USBD_GetString
                0x0800d9c8       0xa4 ./Middlewares/USB_Device_Library/usbd_ctlreq.o
                0x0800d9c8                USBD_GetString
 .text.USBD_GetLen
                0x0800da6c       0x34 ./Middlewares/USB_Device_Library/usbd_ctlreq.o
 .text.USBD_CtlSendData
                0x0800daa0       0x3c ./Middlewares/USB_Device_Library/usbd_ioreq.o
                0x0800daa0                USBD_CtlSendData
 .text.USBD_CtlContinueSendData
                0x0800dadc       0x22 ./Middlewares/USB_Device_Library/usbd_ioreq.o
                0x0800dadc                USBD_CtlContinueSendData
 .text.USBD_CtlPrepareRx
                0x0800dafe       0x42 ./Middlewares/USB_Device_Library/usbd_ioreq.o
                0x0800dafe                USBD_CtlPrepareRx
 .text.USBD_CtlContinueRx
                0x0800db40       0x22 ./Middlewares/USB_Device_Library/usbd_ioreq.o
                0x0800db40                USBD_CtlContinueRx
 .text.USBD_CtlSendStatus
                0x0800db62       0x26 ./Middlewares/USB_Device_Library/usbd_ioreq.o
                0x0800db62                USBD_CtlSendStatus
 .text.USBD_CtlReceiveStatus
                0x0800db88       0x26 ./Middlewares/USB_Device_Library/usbd_ioreq.o
                0x0800db88                USBD_CtlReceiveStatus
 *fill*         0x0800dbae        0x2 
 .text.MX_USB_DEVICE_Init
                0x0800dbb0       0x60 ./USB_DEVICE/App/usb_device.o
                0x0800dbb0                MX_USB_DEVICE_Init
 .text.CDC_Init_FS
                0x0800dc10       0x28 ./USB_DEVICE/App/usbd_cdc_if.o
 .text.CDC_DeInit_FS
                0x0800dc38       0x10 ./USB_DEVICE/App/usbd_cdc_if.o
 .text.CDC_Control_FS
                0x0800dc48       0xbc ./USB_DEVICE/App/usbd_cdc_if.o
 .text.CDC_Receive_FS
                0x0800dd04       0x28 ./USB_DEVICE/App/usbd_cdc_if.o
 .text.CDC_TransmitCplt_FS
                0x0800dd2c       0x22 ./USB_DEVICE/App/usbd_cdc_if.o
 *fill*         0x0800dd4e        0x2 
 .text.USBD_FS_DeviceDescriptor
                0x0800dd50       0x24 ./USB_DEVICE/App/usbd_desc.o
                0x0800dd50                USBD_FS_DeviceDescriptor
 .text.USBD_FS_LangIDStrDescriptor
                0x0800dd74       0x24 ./USB_DEVICE/App/usbd_desc.o
                0x0800dd74                USBD_FS_LangIDStrDescriptor
 .text.USBD_FS_ProductStrDescriptor
                0x0800dd98       0x3c ./USB_DEVICE/App/usbd_desc.o
                0x0800dd98                USBD_FS_ProductStrDescriptor
 .text.USBD_FS_ManufacturerStrDescriptor
                0x0800ddd4       0x28 ./USB_DEVICE/App/usbd_desc.o
                0x0800ddd4                USBD_FS_ManufacturerStrDescriptor
 .text.USBD_FS_SerialStrDescriptor
                0x0800ddfc       0x24 ./USB_DEVICE/App/usbd_desc.o
                0x0800ddfc                USBD_FS_SerialStrDescriptor
 .text.USBD_FS_ConfigStrDescriptor
                0x0800de20       0x3c ./USB_DEVICE/App/usbd_desc.o
                0x0800de20                USBD_FS_ConfigStrDescriptor
 .text.USBD_FS_InterfaceStrDescriptor
                0x0800de5c       0x3c ./USB_DEVICE/App/usbd_desc.o
                0x0800de5c                USBD_FS_InterfaceStrDescriptor
 .text.Get_SerialNum
                0x0800de98       0x58 ./USB_DEVICE/App/usbd_desc.o
 .text.IntToUnicode
                0x0800def0       0x7e ./USB_DEVICE/App/usbd_desc.o
 *fill*         0x0800df6e        0x2 
 .text.HAL_PCD_MspInit
                0x0800df70       0xa8 ./USB_DEVICE/Target/usbd_conf.o
                0x0800df70                HAL_PCD_MspInit
 .text.HAL_PCD_SetupStageCallback
                0x0800e018       0x24 ./USB_DEVICE/Target/usbd_conf.o
                0x0800e018                HAL_PCD_SetupStageCallback
 .text.HAL_PCD_DataOutStageCallback
                0x0800e03c       0x36 ./USB_DEVICE/Target/usbd_conf.o
                0x0800e03c                HAL_PCD_DataOutStageCallback
 .text.HAL_PCD_DataInStageCallback
                0x0800e072       0x34 ./USB_DEVICE/Target/usbd_conf.o
                0x0800e072                HAL_PCD_DataInStageCallback
 .text.HAL_PCD_SOFCallback
                0x0800e0a6       0x1c ./USB_DEVICE/Target/usbd_conf.o
                0x0800e0a6                HAL_PCD_SOFCallback
 .text.HAL_PCD_ResetCallback
                0x0800e0c2       0x50 ./USB_DEVICE/Target/usbd_conf.o
                0x0800e0c2                HAL_PCD_ResetCallback
 *fill*         0x0800e112        0x2 
 .text.HAL_PCD_SuspendCallback
                0x0800e114       0x4c ./USB_DEVICE/Target/usbd_conf.o
                0x0800e114                HAL_PCD_SuspendCallback
 .text.HAL_PCD_ResumeCallback
                0x0800e160       0x1c ./USB_DEVICE/Target/usbd_conf.o
                0x0800e160                HAL_PCD_ResumeCallback
 .text.HAL_PCD_ISOOUTIncompleteCallback
                0x0800e17c       0x24 ./USB_DEVICE/Target/usbd_conf.o
                0x0800e17c                HAL_PCD_ISOOUTIncompleteCallback
 .text.HAL_PCD_ISOINIncompleteCallback
                0x0800e1a0       0x24 ./USB_DEVICE/Target/usbd_conf.o
                0x0800e1a0                HAL_PCD_ISOINIncompleteCallback
 .text.HAL_PCD_ConnectCallback
                0x0800e1c4       0x1c ./USB_DEVICE/Target/usbd_conf.o
                0x0800e1c4                HAL_PCD_ConnectCallback
 .text.HAL_PCD_DisconnectCallback
                0x0800e1e0       0x1c ./USB_DEVICE/Target/usbd_conf.o
                0x0800e1e0                HAL_PCD_DisconnectCallback
 .text.USBD_LL_Init
                0x0800e1fc       0x98 ./USB_DEVICE/Target/usbd_conf.o
                0x0800e1fc                USBD_LL_Init
 .text.USBD_LL_Start
                0x0800e294       0x36 ./USB_DEVICE/Target/usbd_conf.o
                0x0800e294                USBD_LL_Start
 .text.USBD_LL_OpenEP
                0x0800e2ca       0x4c ./USB_DEVICE/Target/usbd_conf.o
                0x0800e2ca                USBD_LL_OpenEP
 .text.USBD_LL_CloseEP
                0x0800e316       0x3e ./USB_DEVICE/Target/usbd_conf.o
                0x0800e316                USBD_LL_CloseEP
 .text.USBD_LL_StallEP
                0x0800e354       0x3e ./USB_DEVICE/Target/usbd_conf.o
                0x0800e354                USBD_LL_StallEP
 .text.USBD_LL_ClearStallEP
                0x0800e392       0x3e ./USB_DEVICE/Target/usbd_conf.o
                0x0800e392                USBD_LL_ClearStallEP
 .text.USBD_LL_IsStallEP
                0x0800e3d0       0x58 ./USB_DEVICE/Target/usbd_conf.o
                0x0800e3d0                USBD_LL_IsStallEP
 .text.USBD_LL_SetUSBAddress
                0x0800e428       0x3e ./USB_DEVICE/Target/usbd_conf.o
                0x0800e428                USBD_LL_SetUSBAddress
 .text.USBD_LL_Transmit
                0x0800e466       0x42 ./USB_DEVICE/Target/usbd_conf.o
                0x0800e466                USBD_LL_Transmit
 .text.USBD_LL_PrepareReceive
                0x0800e4a8       0x42 ./USB_DEVICE/Target/usbd_conf.o
                0x0800e4a8                USBD_LL_PrepareReceive
 .text.USBD_LL_GetRxDataSize
                0x0800e4ea       0x26 ./USB_DEVICE/Target/usbd_conf.o
                0x0800e4ea                USBD_LL_GetRxDataSize
 .text.USBD_static_malloc
                0x0800e510       0x1c ./USB_DEVICE/Target/usbd_conf.o
                0x0800e510                USBD_static_malloc
 .text.USBD_static_free
                0x0800e52c       0x14 ./USB_DEVICE/Target/usbd_conf.o
                0x0800e52c                USBD_static_free
 .text.USBD_Get_USB_Status
                0x0800e540       0x58 ./USB_DEVICE/Target/usbd_conf.o
                0x0800e540                USBD_Get_USB_Status
 .text.__cvt    0x0800e598       0xca /opt/st/stm32cubeide_2.1.0/plugins/com.st.stm32cube.ide.mcu.externaltools.gnu-tools-for-stm32.14.3.rel1.linux64_1.0.100.202602081740/tools/bin/../lib/gcc/arm-none-eabi/14.3.1/../../../../arm-none-eabi/lib/thumb/v7e-m+fp/hard/libc_nano.a(libc_a-nano-vfprintf_float.o)
                0x0800e598                __cvt
 .text.__exponent
                0x0800e662       0x74 /opt/st/stm32cubeide_2.1.0/plugins/com.st.stm32cube.ide.mcu.externaltools.gnu-tools-for-stm32.14.3.rel1.linux64_1.0.100.202602081740/tools/bin/../lib/gcc/arm-none-eabi/14.3.1/../../../../arm-none-eabi/lib/thumb/v7e-m+fp/hard/libc_nano.a(libc_a-nano-vfprintf_float.o)
                0x0800e662                __exponent
 *fill*         0x0800e6d6        0x2 
 .text._printf_float
                0x0800e6d8      0x450 /opt/st/stm32cubeide_2.1.0/plugins/com.st.stm32cube.ide.mcu.externaltools.gnu-tools-for-stm32.14.3.rel1.linux64_1.0.100.202602081740/tools/bin/../lib/gcc/arm-none-eabi/14.3.1/../../../../arm-none-eabi/lib/thumb/v7e-m+fp/hard/libc_nano.a(libc_a-nano-vfprintf_float.o)
                0x0800e6d8                _printf_float
 .text._printf_common
                0x0800eb28       0xda /opt/st/stm32cubeide_2.1.0/plugins/com.st.stm32cube.ide.mcu.externaltools.gnu-tools-for-stm32.14.3.rel1.linux64_1.0.100.202602081740/tools/bin/../lib/gcc/arm-none-eabi/14.3.1/../../../../arm-none-eabi/lib/thumb/v7e-m+fp/hard/libc_nano.a(libc_a-nano-vfprintf_i.o)
                0x0800eb28                _printf_common
 *fill*         0x0800ec02        0x2 
 .text._printf_i
                0x0800ec04      0x24c /opt/st/stm32cubeide_2.1.0/plugins/com.st.stm32cube.ide.mcu.externaltools.gnu-tools-for-stm32.14.3.rel1.linux64_1.0.100.202602081740/tools/bin/../lib/gcc/arm-none-eabi/14.3.1/../../../../arm-none-eabi/lib/thumb/v7e-m+fp/hard/libc_nano.a(libc_a-nano-vfprintf_i.o)
                0x0800ec04                _printf_i
 .text.std      0x0800ee50       0x6c /opt/st/stm32cubeide_2.1.0/plugins/com.st.stm32cube.ide.mcu.externaltools.gnu-tools-for-stm32.14.3.rel1.linux64_1.0.100.202602081740/tools/bin/../lib/gcc/arm-none-eabi/14.3.1/../../../../arm-none-eabi/lib/thumb/v7e-m+fp/hard/libc_nano.a(libc_a-findfp.o)
 .text.stdio_exit_handler
                0x0800eebc       0x18 /opt/st/stm32cubeide_2.1.0/plugins/com.st.stm32cube.ide.mcu.externaltools.gnu-tools-for-stm32.14.3.rel1.linux64_1.0.100.202602081740/tools/bin/../lib/gcc/arm-none-eabi/14.3.1/../../../../arm-none-eabi/lib/thumb/v7e-m+fp/hard/libc_nano.a(libc_a-findfp.o)
 .text.cleanup_stdio
                0x0800eed4       0x40 /opt/st/stm32cubeide_2.1.0/plugins/com.st.stm32cube.ide.mcu.externaltools.gnu-tools-for-stm32.14.3.rel1.linux64_1.0.100.202602081740/tools/bin/../lib/gcc/arm-none-eabi/14.3.1/../../../../arm-none-eabi/lib/thumb/v7e-m+fp/hard/libc_nano.a(libc_a-findfp.o)
 .text.global_stdio_init.part.0
                0x0800ef14       0x40 /opt/st/stm32cubeide_2.1.0/plugins/com.st.stm32cube.ide.mcu.externaltools.gnu-tools-for-stm32.14.3.rel1.linux64_1.0.100.202602081740/tools/bin/../lib/gcc/arm-none-eabi/14.3.1/../../../../arm-none-eabi/lib/thumb/v7e-m+fp/hard/libc_nano.a(libc_a-findfp.o)
 .text.__sfp_lock_acquire
                0x0800ef54        0xc /opt/st/stm32cubeide_2.1.0/plugins/com.st.stm32cube.ide.mcu.externaltools.gnu-tools-for-stm32.14.3.rel1.linux64_1.0.100.202602081740/tools/bin/../lib/gcc/arm-none-eabi/14.3.1/../../../../arm-none-eabi/lib/thumb/v7e-m+fp/hard/libc_nano.a(libc_a-findfp.o)
                0x0800ef54                __sfp_lock_acquire
 .text.__sfp_lock_release
                0x0800ef60        0xc /opt/st/stm32cubeide_2.1.0/plugins/com.st.stm32cube.ide.mcu.externaltools.gnu-tools-for-stm32.14.3.rel1.linux64_1.0.100.202602081740/tools/bin/../lib/gcc/arm-none-eabi/14.3.1/../../../../arm-none-eabi/lib/thumb/v7e-m+fp/hard/libc_nano.a(libc_a-findfp.o)
                0x0800ef60                __sfp_lock_release
 .text.__sinit  0x0800ef6c       0x30 /opt/st/stm32cubeide_2.1.0/plugins/com.st.stm32cube.ide.mcu.externaltools.gnu-tools-for-stm32.14.3.rel1.linux64_1.0.100.202602081740/tools/bin/../lib/gcc/arm-none-eabi/14.3.1/../../../../arm-none-eabi/lib/thumb/v7e-m+fp/hard/libc_nano.a(libc_a-findfp.o)
                0x0800ef6c                __sinit
 .text._fwalk_sglue
                0x0800ef9c       0x3c /opt/st/stm32cubeide_2.1.0/plugins/com.st.stm32cube.ide.mcu.externaltools.gnu-tools-for-stm32.14.3.rel1.linux64_1.0.100.202602081740/tools/bin/../lib/gcc/arm-none-eabi/14.3.1/../../../../arm-none-eabi/lib/thumb/v7e-m+fp/hard/libc_nano.a(libc_a-fwalk.o)
                0x0800ef9c                _fwalk_sglue
 .text.__sread  0x0800efd8       0x22 /opt/st/stm32cubeide_2.1.0/plugins/com.st.stm32cube.ide.mcu.externaltools.gnu-tools-for-stm32.14.3.rel1.linux64_1.0.100.202602081740/tools/bin/../lib/gcc/arm-none-eabi/14.3.1/../../../../arm-none-eabi/lib/thumb/v7e-m+fp/hard/libc_nano.a(libc_a-stdio.o)
                0x0800efd8                __sread
 .text.__swrite
                0x0800effa       0x38 /opt/st/stm32cubeide_2.1.0/plugins/com.st.stm32cube.ide.mcu.externaltools.gnu-tools-for-stm32.14.3.rel1.linux64_1.0.100.202602081740/tools/bin/../lib/gcc/arm-none-eabi/14.3.1/../../../../arm-none-eabi/lib/thumb/v7e-m+fp/hard/libc_nano.a(libc_a-stdio.o)
                0x0800effa                __swrite
 .text.__sseek  0x0800f032       0x26 /opt/st/stm32cubeide_2.1.0/plugins/com.st.stm32cube.ide.mcu.externaltools.gnu-tools-for-stm32.14.3.rel1.linux64_1.0.100.202602081740/tools/bin/../lib/gcc/arm-none-eabi/14.3.1/../../../../arm-none-eabi/lib/thumb/v7e-m+fp/hard/libc_nano.a(libc_a-stdio.o)
                0x0800f032                __sseek
 .text.__sclose
                0x0800f058        0x8 /opt/st/stm32cubeide_2.1.0/plugins/com.st.stm32cube.ide.mcu.externaltools.gnu-tools-for-stm32.14.3.rel1.linux64_1.0.100.202602081740/tools/bin/../lib/gcc/arm-none-eabi/14.3.1/../../../../arm-none-eabi/lib/thumb/v7e-m+fp/hard/libc_nano.a(libc_a-stdio.o)
                0x0800f058                __sclose
 .text.memset   0x0800f060       0x10 /opt/st/stm32cubeide_2.1.0/plugins/com.st.stm32cube.ide.mcu.externaltools.gnu-tools-for-stm32.14.3.rel1.linux64_1.0.100.202602081740/tools/bin/../lib/gcc/arm-none-eabi/14.3.1/../../../../arm-none-eabi/lib/thumb/v7e-m+fp/hard/libc_nano.a(libc_a-memset.o)
                0x0800f060                memset
 .text._localeconv_r
                0x0800f070        0x8 /opt/st/stm32cubeide_2.1.0/plugins/com.st.stm32cube.ide.mcu.externaltools.gnu-tools-for-stm32.14.3.rel1.linux64_1.0.100.202602081740/tools/bin/../lib/gcc/arm-none-eabi/14.3.1/../../../../arm-none-eabi/lib/thumb/v7e-m+fp/hard/libc_nano.a(libc_a-localeconv.o)
                0x0800f070                _localeconv_r
 .text._close_r
                0x0800f078       0x20 /opt/st/stm32cubeide_2.1.0/plugins/com.st.stm32cube.ide.mcu.externaltools.gnu-tools-for-stm32.14.3.rel1.linux64_1.0.100.202602081740/tools/bin/../lib/gcc/arm-none-eabi/14.3.1/../../../../arm-none-eabi/lib/thumb/v7e-m+fp/hard/libc_nano.a(libc_a-closer.o)
                0x0800f078                _close_r
 .text._lseek_r
                0x0800f098       0x24 /opt/st/stm32cubeide_2.1.0/plugins/com.st.stm32cube.ide.mcu.externaltools.gnu-tools-for-stm32.14.3.rel1.linux64_1.0.100.202602081740/tools/bin/../lib/gcc/arm-none-eabi/14.3.1/../../../../arm-none-eabi/lib/thumb/v7e-m+fp/hard/libc_nano.a(libc_a-lseekr.o)
                0x0800f098                _lseek_r
 .text._read_r  0x0800f0bc       0x24 /opt/st/stm32cubeide_2.1.0/plugins/com.st.stm32cube.ide.mcu.externaltools.gnu-tools-for-stm32.14.3.rel1.linux64_1.0.100.202602081740/tools/bin/../lib/gcc/arm-none-eabi/14.3.1/../../../../arm-none-eabi/lib/thumb/v7e-m+fp/hard/libc_nano.a(libc_a-readr.o)
                0x0800f0bc                _read_r
 .text._write_r
                0x0800f0e0       0x24 /opt/st/stm32cubeide_2.1.0/plugins/com.st.stm32cube.ide.mcu.externaltools.gnu-tools-for-stm32.14.3.rel1.linux64_1.0.100.202602081740/tools/bin/../lib/gcc/arm-none-eabi/14.3.1/../../../../arm-none-eabi/lib/thumb/v7e-m+fp/hard/libc_nano.a(libc_a-writer.o)
                0x0800f0e0                _write_r
 .text.__errno  0x0800f104        0xc /opt/st/stm32cubeide_2.1.0/plugins/com.st.stm32cube.ide.mcu.externaltools.gnu-tools-for-stm32.14.3.rel1.linux64_1.0.100.202602081740/tools/bin/../lib/gcc/arm-none-eabi/14.3.1/../../../../arm-none-eabi/lib/thumb/v7e-m+fp/hard/libc_nano.a(libc_a-errno.o)
                0x0800f104                __errno
 .text.__libc_init_array
                0x0800f110       0x48 /opt/st/stm32cubeide_2.1.0/plugins/com.st.stm32cube.ide.mcu.externaltools.gnu-tools-for-stm32.14.3.rel1.linux64_1.0.100.202602081740/tools/bin/../lib/gcc/arm-none-eabi/14.3.1/../../../../arm-none-eabi/lib/thumb/v7e-m+fp/hard/libc_nano.a(libc_a-init.o)
                0x0800f110                __libc_init_array
 .text.__retarget_lock_init_recursive
                0x0800f158        0x2 /opt/st/stm32cubeide_2.1.0/plugins/com.st.stm32cube.ide.mcu.externaltools.gnu-tools-for-stm32.14.3.rel1.linux64_1.0.100.202602081740/tools/bin/../lib/gcc/arm-none-eabi/14.3.1/../../../../arm-none-eabi/lib/thumb/v7e-m+fp/hard/libc_nano.a(libc_a-lock.o)
                0x0800f158                __retarget_lock_init_recursive
 .text.__retarget_lock_acquire_recursive
                0x0800f15a        0x2 /opt/st/stm32cubeide_2.1.0/plugins/com.st.stm32cube.ide.mcu.externaltools.gnu-tools-for-stm32.14.3.rel1.linux64_1.0.100.202602081740/tools/bin/../lib/gcc/arm-none-eabi/14.3.1/../../../../arm-none-eabi/lib/thumb/v7e-m+fp/hard/libc_nano.a(libc_a-lock.o)
                0x0800f15a                __retarget_lock_acquire_recursive
 .text.__retarget_lock_release_recursive
                0x0800f15c        0x2 /opt/st/stm32cubeide_2.1.0/plugins/com.st.stm32cube.ide.mcu.externaltools.gnu-tools-for-stm32.14.3.rel1.linux64_1.0.100.202602081740/tools/bin/../lib/gcc/arm-none-eabi/14.3.1/../../../../arm-none-eabi/lib/thumb/v7e-m+fp/hard/libc_nano.a(libc_a-lock.o)
                0x0800f15c                __retarget_lock_release_recursive
 .text.quorem   0x0800f15e      0x110 /opt/st/stm32cubeide_2.1.0/plugins/com.st.stm32cube.ide.mcu.externaltools.gnu-tools-for-stm32.14.3.rel1.linux64_1.0.100.202602081740/tools/bin/../lib/gcc/arm-none-eabi/14.3.1/../../../../arm-none-eabi/lib/thumb/v7e-m+fp/hard/libc_nano.a(libc_a-dtoa.o)
 *fill*         0x0800f26e        0x2 
 .text._dtoa_r  0x0800f270      0xbb8 /opt/st/stm32cubeide_2.1.0/plugins/com.st.stm32cube.ide.mcu.externaltools.gnu-tools-for-stm32.14.3.rel1.linux64_1.0.100.202602081740/tools/bin/../lib/gcc/arm-none-eabi/14.3.1/../../../../arm-none-eabi/lib/thumb/v7e-m+fp/hard/libc_nano.a(libc_a-dtoa.o)
                0x0800f270                _dtoa_r
 .text._free_r  0x0800fe28       0x94 /opt/st/stm32cubeide_2.1.0/plugins/com.st.stm32cube.ide.mcu.externaltools.gnu-tools-for-stm32.14.3.rel1.linux64_1.0.100.202602081740/tools/bin/../lib/gcc/arm-none-eabi/14.3.1/../../../../arm-none-eabi/lib/thumb/v7e-m+fp/hard/libc_nano.a(libc_a-freer.o)
                0x0800fe28                _free_r
 .text.malloc   0x0800febc       0x10 /opt/st/stm32cubeide_2.1.0/plugins/com.st.stm32cube.ide.mcu.externaltools.gnu-tools-for-stm32.14.3.rel1.linux64_1.0.100.202602081740/tools/bin/../lib/gcc/arm-none-eabi/14.3.1/../../../../arm-none-eabi/lib/thumb/v7e-m+fp/hard/libc_nano.a(libc_a-malloc.o)
                0x0800febc                malloc
 .text.sbrk_aligned
                0x0800fecc       0x44 /opt/st/stm32cubeide_2.1.0/plugins/com.st.stm32cube.ide.mcu.externaltools.gnu-tools-for-stm32.14.3.rel1.linux64_1.0.100.202602081740/tools/bin/../lib/gcc/arm-none-eabi/14.3.1/../../../../arm-none-eabi/lib/thumb/v7e-m+fp/hard/libc_nano.a(libc_a-mallocr.o)
 .text._malloc_r
                0x0800ff10      0x100 /opt/st/stm32cubeide_2.1.0/plugins/com.st.stm32cube.ide.mcu.externaltools.gnu-tools-for-stm32.14.3.rel1.linux64_1.0.100.202602081740/tools/bin/../lib/gcc/arm-none-eabi/14.3.1/../../../../arm-none-eabi/lib/thumb/v7e-m+fp/hard/libc_nano.a(libc_a-mallocr.o)
                0x0800ff10                _malloc_r
 .text.__malloc_lock
                0x08010010        0xc /opt/st/stm32cubeide_2.1.0/plugins/com.st.stm32cube.ide.mcu.externaltools.gnu-tools-for-stm32.14.3.rel1.linux64_1.0.100.202602081740/tools/bin/../lib/gcc/arm-none-eabi/14.3.1/../../../../arm-none-eabi/lib/thumb/v7e-m+fp/hard/libc_nano.a(libc_a-mlock.o)
                0x08010010                __malloc_lock
 .text.__malloc_unlock
                0x0801001c        0xc /opt/st/stm32cubeide_2.1.0/plugins/com.st.stm32cube.ide.mcu.externaltools.gnu-tools-for-stm32.14.3.rel1.linux64_1.0.100.202602081740/tools/bin/../lib/gcc/arm-none-eabi/14.3.1/../../../../arm-none-eabi/lib/thumb/v7e-m+fp/hard/libc_nano.a(libc_a-mlock.o)
                0x0801001c                __malloc_unlock
 .text._Balloc  0x08010028       0x7c /opt/st/stm32cubeide_2.1.0/plugins/com.st.stm32cube.ide.mcu.externaltools.gnu-tools-for-stm32.14.3.rel1.linux64_1.0.100.202602081740/tools/bin/../lib/gcc/arm-none-eabi/14.3.1/../../../../arm-none-eabi/lib/thumb/v7e-m+fp/hard/libc_nano.a(libc_a-mprec.o)
                0x08010028                _Balloc
 .text._Bfree   0x080100a4       0x44 /opt/st/stm32cubeide_2.1.0/plugins/com.st.stm32cube.ide.mcu.externaltools.gnu-tools-for-stm32.14.3.rel1.linux64_1.0.100.202602081740/tools/bin/../lib/gcc/arm-none-eabi/14.3.1/../../../../arm-none-eabi/lib/thumb/v7e-m+fp/hard/libc_nano.a(libc_a-mprec.o)
                0x080100a4                _Bfree
 .text.__multadd
                0x080100e8       0x8c /opt/st/stm32cubeide_2.1.0/plugins/com.st.stm32cube.ide.mcu.externaltools.gnu-tools-for-stm32.14.3.rel1.linux64_1.0.100.202602081740/tools/bin/../lib/gcc/arm-none-eabi/14.3.1/../../../../arm-none-eabi/lib/thumb/v7e-m+fp/hard/libc_nano.a(libc_a-mprec.o)
                0x080100e8                __multadd
 .text.__hi0bits
                0x08010174       0x3e /opt/st/stm32cubeide_2.1.0/plugins/com.st.stm32cube.ide.mcu.externaltools.gnu-tools-for-stm32.14.3.rel1.linux64_1.0.100.202602081740/tools/bin/../lib/gcc/arm-none-eabi/14.3.1/../../../../arm-none-eabi/lib/thumb/v7e-m+fp/hard/libc_nano.a(libc_a-mprec.o)
                0x08010174                __hi0bits
 .text.__lo0bits
                0x080101b2       0x5a /opt/st/stm32cubeide_2.1.0/plugins/com.st.stm32cube.ide.mcu.externaltools.gnu-tools-for-stm32.14.3.rel1.linux64_1.0.100.202602081740/tools/bin/../lib/gcc/arm-none-eabi/14.3.1/../../../../arm-none-eabi/lib/thumb/v7e-m+fp/hard/libc_nano.a(libc_a-mprec.o)
                0x080101b2                __lo0bits
 .text.__i2b    0x0801020c       0x2c /opt/st/stm32cubeide_2.1.0/plugins/com.st.stm32cube.ide.mcu.externaltools.gnu-tools-for-stm32.14.3.rel1.linux64_1.0.100.202602081740/tools/bin/../lib/gcc/arm-none-eabi/14.3.1/../../../../arm-none-eabi/lib/thumb/v7e-m+fp/hard/libc_nano.a(libc_a-mprec.o)
                0x0801020c                __i2b
 .text.__multiply
                0x08010238      0x154 /opt/st/stm32cubeide_2.1.0/plugins/com.st.stm32cube.ide.mcu.externaltools.gnu-tools-for-stm32.14.3.rel1.linux64_1.0.100.202602081740/tools/bin/../lib/gcc/arm-none-eabi/14.3.1/../../../../arm-none-eabi/lib/thumb/v7e-m+fp/hard/libc_nano.a(libc_a-mprec.o)
                0x08010238                __multiply
 .text.__pow5mult
                0x0801038c       0xb8 /opt/st/stm32cubeide_2.1.0/plugins/com.st.stm32cube.ide.mcu.externaltools.gnu-tools-for-stm32.14.3.rel1.linux64_1.0.100.202602081740/tools/bin/../lib/gcc/arm-none-eabi/14.3.1/../../../../arm-none-eabi/lib/thumb/v7e-m+fp/hard/libc_nano.a(libc_a-mprec.o)
                0x0801038c                __pow5mult
 .text.__lshift
                0x08010444       0xdc /opt/st/stm32cubeide_2.1.0/plugins/com.st.stm32cube.ide.mcu.externaltools.gnu-tools-for-stm32.14.3.rel1.linux64_1.0.100.202602081740/tools/bin/../lib/gcc/arm-none-eabi/14.3.1/../../../../arm-none-eabi/lib/thumb/v7e-m+fp/hard/libc_nano.a(libc_a-mprec.o)
                0x08010444                __lshift
 .text.__mcmp   0x08010520       0x36 /opt/st/stm32cubeide_2.1.0/plugins/com.st.stm32cube.ide.mcu.externaltools.gnu-tools-for-stm32.14.3.rel1.linux64_1.0.100.202602081740/tools/bin/../lib/gcc/arm-none-eabi/14.3.1/../../../../arm-none-eabi/lib/thumb/v7e-m+fp/hard/libc_nano.a(libc_a-mprec.o)
                0x08010520                __mcmp
 *fill*         0x08010556        0x2 
 .text.__mdiff  0x08010558      0x130 /opt/st/stm32cubeide_2.1.0/plugins/com.st.stm32cube.ide.mcu.externaltools.gnu-tools-for-stm32.14.3.rel1.linux64_1.0.100.202602081740/tools/bin/../lib/gcc/arm-none-eabi/14.3.1/../../../../arm-none-eabi/lib/thumb/v7e-m+fp/hard/libc_nano.a(libc_a-mprec.o)
                0x08010558                __mdiff
 .text.__d2b    0x08010688       0xb0 /opt/st/stm32cubeide_2.1.0/plugins/com.st.stm32cube.ide.mcu.externaltools.gnu-tools-for-stm32.14.3.rel1.linux64_1.0.100.202602081740/tools/bin/../lib/gcc/arm-none-eabi/14.3.1/../../../../arm-none-eabi/lib/thumb/v7e-m+fp/hard/libc_nano.a(libc_a-mprec.o)
                0x08010688                __d2b
 .text.__sflush_r
                0x08010738      0x104 /opt/st/stm32cubeide_2.1.0/plugins/com.st.stm32cube.ide.mcu.externaltools.gnu-tools-for-stm32.14.3.rel1.linux64_1.0.100.202602081740/tools/bin/../lib/gcc/arm-none-eabi/14.3.1/../../../../arm-none-eabi/lib/thumb/v7e-m+fp/hard/libc_nano.a(libc_a-fflush.o)
                0x08010738                __sflush_r
 .text._fflush_r
                0x0801083c       0x50 /opt/st/stm32cubeide_2.1.0/plugins/com.st.stm32cube.ide.mcu.externaltools.gnu-tools-for-stm32.14.3.rel1.linux64_1.0.100.202602081740/tools/bin/../lib/gcc/arm-none-eabi/14.3.1/../../../../arm-none-eabi/lib/thumb/v7e-m+fp/hard/libc_nano.a(libc_a-fflush.o)
                0x0801083c                _fflush_r
 .text._sbrk_r  0x0801088c       0x20 /opt/st/stm32cubeide_2.1.0/plugins/com.st.stm32cube.ide.mcu.externaltools.gnu-tools-for-stm32.14.3.rel1.linux64_1.0.100.202602081740/tools/bin/../lib/gcc/arm-none-eabi/14.3.1/../../../../arm-none-eabi/lib/thumb/v7e-m+fp/hard/libc_nano.a(libc_a-sbrkr.o)
                0x0801088c                _sbrk_r
 .text.memcpy   0x080108ac       0x1c /opt/st/stm32cubeide_2.1.0/plugins/com.st.stm32cube.ide.mcu.externaltools.gnu-tools-for-stm32.14.3.rel1.linux64_1.0.100.202602081740/tools/bin/../lib/gcc/arm-none-eabi/14.3.1/../../../../arm-none-eabi/lib/thumb/v7e-m+fp/hard/libc_nano.a(libc_a-memcpy-stub.o)
                0x080108ac                memcpy
 .text.__assert_func
                0x080108c8       0x3c /opt/st/stm32cubeide_2.1.0/plugins/com.st.stm32cube.ide.mcu.externaltools.gnu-tools-for-stm32.14.3.rel1.linux64_1.0.100.202602081740/tools/bin/../lib/gcc/arm-none-eabi/14.3.1/../../../../arm-none-eabi/lib/thumb/v7e-m+fp/hard/libc_nano.a(libc_a-assert.o)
                0x080108c8                __assert_func
 .text._calloc_r
                0x08010904       0x28 /opt/st/stm32cubeide_2.1.0/plugins/com.st.stm32cube.ide.mcu.externaltools.gnu-tools-for-stm32.14.3.rel1.linux64_1.0.100.202602081740/tools/bin/../lib/gcc/arm-none-eabi/14.3.1/../../../../arm-none-eabi/lib/thumb/v7e-m+fp/hard/libc_nano.a(libc_a-callocr.o)
                0x08010904                _calloc_r
 .text.__ascii_mbtowc
                0x0801092c       0x24 /opt/st/stm32cubeide_2.1.0/plugins/com.st.stm32cube.ide.mcu.externaltools.gnu-tools-for-stm32.14.3.rel1.linux64_1.0.100.202602081740/tools/bin/../lib/gcc/arm-none-eabi/14.3.1/../../../../arm-none-eabi/lib/thumb/v7e-m+fp/hard/libc_nano.a(libc_a-mbtowc_r.o)
                0x0801092c                __ascii_mbtowc
 .text.__ascii_wctomb
                0x08010950       0x1a /opt/st/stm32cubeide_2.1.0/plugins/com.st.stm32cube.ide.mcu.externaltools.gnu-tools-for-stm32.14.3.rel1.linux64_1.0.100.202602081740/tools/bin/../lib/gcc/arm-none-eabi/14.3.1/../../../../arm-none-eabi/lib/thumb/v7e-m+fp/hard/libc_nano.a(libc_a-wctomb_r.o)
                0x08010950                __ascii_wctomb
 *fill*         0x0801096a        0x2 
 .text.fprintf  0x0801096c       0x24 /opt/st/stm32cubeide_2.1.0/plugins/com.st.stm32cube.ide.mcu.externaltools.gnu-tools-for-stm32.14.3.rel1.linux64_1.0.100.202602081740/tools/bin/../lib/gcc/arm-none-eabi/14.3.1/../../../../arm-none-eabi/lib/thumb/v7e-m+fp/hard/libc_nano.a(libc_a-fprintf.o)
                0x0801096c                fprintf
                0x0801096c                fiprintf
 .text.abort    0x08010990        0xe /opt/st/stm32cubeide_2.1.0/plugins/com.st.stm32cube.ide.mcu.externaltools.gnu-tools-for-stm32.14.3.rel1.linux64_1.0.100.202602081740/tools/bin/../lib/gcc/arm-none-eabi/14.3.1/../../../../arm-none-eabi/lib/thumb/v7e-m+fp/hard/libc_nano.a(libc_a-abort.o)
                0x08010990                abort
 .text.__sfputc_r
                0x0801099e       0x2e /opt/st/stm32cubeide_2.1.0/plugins/com.st.stm32cube.ide.mcu.externaltools.gnu-tools-for-stm32.14.3.rel1.linux64_1.0.100.202602081740/tools/bin/../lib/gcc/arm-none-eabi/14.3.1/../../../../arm-none-eabi/lib/thumb/v7e-m+fp/hard/libc_nano.a(libc_a-nano-vfprintf.o)
 .text.__sfputs_r
                0x080109cc       0x24 /opt/st/stm32cubeide_2.1.0/plugins/com.st.stm32cube.ide.mcu.externaltools.gnu-tools-for-stm32.14.3.rel1.linux64_1.0.100.202602081740/tools/bin/../lib/gcc/arm-none-eabi/14.3.1/../../../../arm-none-eabi/lib/thumb/v7e-m+fp/hard/libc_nano.a(libc_a-nano-vfprintf.o)
                0x080109cc                __sfputs_r
 .text._vfprintf_r
                0x080109f0      0x228 /opt/st/stm32cubeide_2.1.0/plugins/com.st.stm32cube.ide.mcu.externaltools.gnu-tools-for-stm32.14.3.rel1.linux64_1.0.100.202602081740/tools/bin/../lib/gcc/arm-none-eabi/14.3.1/../../../../arm-none-eabi/lib/thumb/v7e-m+fp/hard/libc_nano.a(libc_a-nano-vfprintf.o)
                0x080109f0                _vfiprintf_r
                0x080109f0                _vfprintf_r
 .text.__swbuf_r
                0x08010c18       0x7c /opt/st/stm32cubeide_2.1.0/plugins/com.st.stm32cube.ide.mcu.externaltools.gnu-tools-for-stm32.14.3.rel1.linux64_1.0.100.202602081740/tools/bin/../lib/gcc/arm-none-eabi/14.3.1/../../../../arm-none-eabi/lib/thumb/v7e-m+fp/hard/libc_nano.a(libc_a-wbuf.o)
                0x08010c18                __swbuf_r
 .text.__swsetup_r
                0x08010c94       0xa8 /opt/st/stm32cubeide_2.1.0/plugins/com.st.stm32cube.ide.mcu.externaltools.gnu-tools-for-stm32.14.3.rel1.linux64_1.0.100.202602081740/tools/bin/../lib/gcc/arm-none-eabi/14.3.1/../../../../arm-none-eabi/lib/thumb/v7e-m+fp/hard/libc_nano.a(libc_a-wsetup.o)
                0x08010c94                __swsetup_r
 .text._raise_r
                0x08010d3c       0x50 /opt/st/stm32cubeide_2.1.0/plugins/com.st.stm32cube.ide.mcu.externaltools.gnu-tools-for-stm32.14.3.rel1.linux64_1.0.100.202602081740/tools/bin/../lib/gcc/arm-none-eabi/14.3.1/../../../../arm-none-eabi/lib/thumb/v7e-m+fp/hard/libc_nano.a(libc_a-signal.o)
                0x08010d3c                _raise_r
 .text.raise    0x08010d8c       0x10 /opt/st/stm32cubeide_2.1.0/plugins/com.st.stm32cube.ide.mcu.externaltools.gnu-tools-for-stm32.14.3.rel1.linux64_1.0.100.202602081740/tools/bin/../lib/gcc/arm-none-eabi/14.3.1/../../../../arm-none-eabi/lib/thumb/v7e-m+fp/hard/libc_nano.a(libc_a-signal.o)
                0x08010d8c                raise
 .text._kill_r  0x08010d9c       0x24 /opt/st/stm32cubeide_2.1.0/plugins/com.st.stm32cube.ide.mcu.externaltools.gnu-tools-for-stm32.14.3.rel1.linux64_1.0.100.202602081740/tools/bin/../lib/gcc/arm-none-eabi/14.3.1/../../../../arm-none-eabi/lib/thumb/v7e-m+fp/hard/libc_nano.a(libc_a-signalr.o)
                0x08010d9c                _kill_r
 .text._getpid_r
                0x08010dc0        0x4 /opt/st/stm32cubeide_2.1.0/plugins/com.st.stm32cube.ide.mcu.externaltools.gnu-tools-for-stm32.14.3.rel1.linux64_1.0.100.202602081740/tools/bin/../lib/gcc/arm-none-eabi/14.3.1/../../../../arm-none-eabi/lib/thumb/v7e-m+fp/hard/libc_nano.a(libc_a-signalr.o)
                0x08010dc0                _getpid_r
 .text.__swhatbuf_r
                0x08010dc4       0x48 /opt/st/stm32cubeide_2.1.0/plugins/com.st.stm32cube.ide.mcu.externaltools.gnu-tools-for-stm32.14.3.rel1.linux64_1.0.100.202602081740/tools/bin/../lib/gcc/arm-none-eabi/14.3.1/../../../../arm-none-eabi/lib/thumb/v7e-m+fp/hard/libc_nano.a(libc_a-makebuf.o)
                0x08010dc4                __swhatbuf_r
 .text.__smakebuf_r
                0x08010e0c       0x72 /opt/st/stm32cubeide_2.1.0/plugins/com.st.stm32cube.ide.mcu.externaltools.gnu-tools-for-stm32.14.3.rel1.linux64_1.0.100.202602081740/tools/bin/../lib/gcc/arm-none-eabi/14.3.1/../../../../arm-none-eabi/lib/thumb/v7e-m+fp/hard/libc_nano.a(libc_a-makebuf.o)
                0x08010e0c                __smakebuf_r
 *fill*         0x08010e7e        0x2 
 .text._fstat_r
                0x08010e80       0x24 /opt/st/stm32cubeide_2.1.0/plugins/com.st.stm32cube.ide.mcu.externaltools.gnu-tools-for-stm32.14.3.rel1.linux64_1.0.100.202602081740/tools/bin/../lib/gcc/arm-none-eabi/14.3.1/../../../../arm-none-eabi/lib/thumb/v7e-m+fp/hard/libc_nano.a(libc_a-fstatr.o)
                0x08010e80                _fstat_r
 .text._isatty_r
                0x08010ea4       0x20 /opt/st/stm32cubeide_2.1.0/plugins/com.st.stm32cube.ide.mcu.externaltools.gnu-tools-for-stm32.14.3.rel1.linux64_1.0.100.202602081740/tools/bin/../lib/gcc/arm-none-eabi/14.3.1/../../../../arm-none-eabi/lib/thumb/v7e-m+fp/hard/libc_nano.a(libc_a-isattyr.o)
                0x08010ea4                _isatty_r
 *(.glue_7)
 .glue_7        0x08010ec4        0x0 linker stubs
 *(.glue_7t)
 .glue_7t       0x08010ec4        0x0 linker stubs
 *(.eh_frame)
 .eh_frame      0x08010ec4        0x0 /opt/st/stm32cubeide_2.1.0/plugins/com.st.stm32cube.ide.mcu.externaltools.gnu-tools-for-stm32.14.3.rel1.linux64_1.0.100.202602081740/tools/bin/../lib/gcc/arm-none-eabi/14.3.1/thumb/v7e-m+fp/hard/crtbegin.o
 *(.init)
 .init          0x08010ec4        0x4 /opt/st/stm32cubeide_2.1.0/plugins/com.st.stm32cube.ide.mcu.externaltools.gnu-tools-for-stm32.14.3.rel1.linux64_1.0.100.202602081740/tools/bin/../lib/gcc/arm-none-eabi/14.3.1/thumb/v7e-m+fp/hard/crti.o
                0x08010ec4                _init
 .init          0x08010ec8        0x8 /opt/st/stm32cubeide_2.1.0/plugins/com.st.stm32cube.ide.mcu.externaltools.gnu-tools-for-stm32.14.3.rel1.linux64_1.0.100.202602081740/tools/bin/../lib/gcc/arm-none-eabi/14.3.1/thumb/v7e-m+fp/hard/crtn.o
 *(.fini)
 .fini          0x08010ed0        0x4 /opt/st/stm32cubeide_2.1.0/plugins/com.st.stm32cube.ide.mcu.externaltools.gnu-tools-for-stm32.14.3.rel1.linux64_1.0.100.202602081740/tools/bin/../lib/gcc/arm-none-eabi/14.3.1/thumb/v7e-m+fp/hard/crti.o
                0x08010ed0                _fini
 .fini          0x08010ed4        0x8 /opt/st/stm32cubeide_2.1.0/plugins/com.st.stm32cube.ide.mcu.externaltools.gnu-tools-for-stm32.14.3.rel1.linux64_1.0.100.202602081740/tools/bin/../lib/gcc/arm-none-eabi/14.3.1/thumb/v7e-m+fp/hard/crtn.o
                0x08010edc                        . = ALIGN (0x4)