Archive member included to satisfy reference by file (symbol)

/opt/st/stm32cubeide_2.1.0/plugins/com.st.stm32cube.ide.mcu.externaltools.gnu-tools-for-stm32.14.3.rel1.linux64_1.0.100.202602081740/tools/bin/../lib/gcc/arm-none-eabi/14.3.1/../../../../arm-none-eabi/lib/thumb/v7e-m+fp/hard/libc_nano.a(libc_a-exit.o)
                              /opt/st/stm32cubeide_2.1.0/plugins/com.st.stm32cube.ide.mcu.externaltools.gnu-tools-for-stm32.14.3.rel1.linux64_1.0.100.202602081740/tools/bin/../lib/gcc/arm-none-eabi/14.3.1/../../../../arm-none-eabi/lib/thumb/v7e-m+fp/hard/crt0.o (exit)
/opt/st/stm32cubeide_2.1.0/plugins/com.st.stm32cube.ide.mcu.externaltools.gnu-tools-for-stm32.14.3.rel1.linux64_1.0.100.202602081740/tools/bin/../lib/gcc/arm-none-eabi/14.3.1/../../../../arm-none-eabi/lib/thumb/v7e-m+fp/hard/libc_nano.a(libc_a-findfp.o)
                              /opt/st/stm32cubeide_2.1.0/plugins/com.st.stm32cube.ide.mcu.externaltools.gnu-tools-for-stm32.14.3.rel1.linux64_1.0.100.202602081740/tools/bin/../lib/gcc/arm-none-eabi/14.3.1/../../../../arm-none-eabi/lib/thumb/v7e-m+fp/hard/libc_nano.a(libc_a-exit.o) (__stdio_exit_handler)
/opt/st/stm32cubeide_2.1.0/plugins/com.st.stm32cube.ide.mcu.externaltools.gnu-tools-for-stm32.14.3.rel1.linux64_1.0.100.202602081740/tools/bin/../lib/gcc/arm-none-eabi/14.3.1/../../../../arm-none-eabi/lib/thumb/v7e-m+fp/hard/libc_nano.a(libc_a-fwalk.o)
                              /opt/st/stm32cubeide_2.1.0/plugins/com.st.stm32cube.ide.mcu.externaltools.gnu-tools-for-stm32.14.3.rel1.linux64_1.0.100.202602081740/tools/bin/../lib/gcc/arm-none-eabi/14.3.1/../../../../arm-none-eabi/lib/thumb/v7e-m+fp/hard/libc_nano.a(libc_a-findfp.o) (_fwalk_sglue)
/opt/st/stm32cubeide_2.1.0/plugins/com.st.stm32cube.ide.mcu.externaltools.gnu-tools-for-stm32.14.3.rel1.linux64_1.0.100.202602081740/tools/bin/../lib/gcc/arm-none-eabi/14.3.1/../../../../arm-none-eabi/lib/thumb/v7e-m+fp/hard/libc_nano.a(libc_a-snprintf.o)
                              ./Tests/Src/test_telemetry.o (snprintf)
/opt/st/stm32cubeide_2.1.0/plugins/com.st.stm32cube.ide.mcu.externaltools.gnu-tools-for-stm32.14.3.rel1.linux64_1.0.100.202602081740/tools/bin/../lib/gcc/arm-none-eabi/14.3.1/../../../../arm-none-eabi/lib/thumb/v7e-m+fp/hard/libc_nano.a(libc_a-stdio.o)
                              /opt/st/stm32cubeide_2.1.0/plugins/com.st.stm32cube.ide.mcu.externaltools.gnu-tools-for-stm32.14.3.rel1.linux64_1.0.100.202602081740/tools/bin/../lib/gcc/arm-none-eabi/14.3.1/../../../../arm-none-eabi/lib/thumb/v7e-m+fp/hard/libc_nano.a(libc_a-findfp.o) (__sread)
/opt/st/stm32cubeide_2.1.0/plugins/com.st.stm32cube.ide.mcu.externaltools.gnu-tools-for-stm32.14.3.rel1.linux64_1.0.100.202602081740/tools/bin/../lib/gcc/arm-none-eabi/14.3.1/../../../../arm-none-eabi/lib/thumb/v7e-m+fp/hard/libc_nano.a(libc_a-vsnprintf.o)
                              ./Tests/Src/console.o (vsnprintf)
/opt/st/stm32cubeide_2.1.0/plugins/com.st.stm32cube.ide.mcu.externaltools.gnu-tools-for-stm32.14.3.rel1.linux64_1.0.100.202602081740/tools/bin/../lib/gcc/arm-none-eabi/14.3.1/../../../../arm-none-eabi/lib/thumb/v7e-m+fp/hard/libc_nano.a(libc_a-memmove.o)
                              ./Tests/Src/telemtry.o (memmove)
/opt/st/stm32cubeide_2.1.0/plugins/com.st.stm32cube.ide.mcu.externaltools.gnu-tools-for-stm32.14.3.rel1.linux64_1.0.100.202602081740/tools/bin/../lib/gcc/arm-none-eabi/14.3.1/../../../../arm-none-eabi/lib/thumb/v7e-m+fp/hard/libc_nano.a(libc_a-memset.o)
                              /opt/st/stm32cubeide_2.1.0/plugins/com.st.stm32cube.ide.mcu.externaltools.gnu-tools-for-stm32.14.3.rel1.linux64_1.0.100.202602081740/tools/bin/../lib/gcc/arm-none-eabi/14.3.1/../../../../arm-none-eabi/lib/thumb/v7e-m+fp/hard/crt0.o (memset)
/opt/st/stm32cubeide_2.1.0/plugins/com.st.stm32cube.ide.mcu.externaltools.gnu-tools-for-stm32.14.3.rel1.linux64_1.0.100.202602081740/tools/bin/../lib/gcc/arm-none-eabi/14.3.1/../../../../arm-none-eabi/lib/thumb/v7e-m+fp/hard/libc_nano.a(libc_a-closer.o)
                              /opt/st/stm32cubeide_2.1.0/plugins/com.st.stm32cube.ide.mcu.externaltools.gnu-tools-for-stm32.14.3.rel1.linux64_1.0.100.202602081740/tools/bin/../lib/gcc/arm-none-eabi/14.3.1/../../../../arm-none-eabi/lib/thumb/v7e-m+fp/hard/libc_nano.a(libc_a-stdio.o) (_close_r)
/opt/st/stm32cubeide_2.1.0/plugins/com.st.stm32cube.ide.mcu.externaltools.gnu-tools-for-stm32.14.3.rel1.linux64_1.0.100.202602081740/tools/bin/../lib/gcc/arm-none-eabi/14.3.1/../../../../arm-none-eabi/lib/thumb/v7e-m+fp/hard/libc_nano.a(libc_a-reent.o)
                              /opt/st/stm32cubeide_2.1.0/plugins/com.st.stm32cube.ide.mcu.externaltools.gnu-tools-for-stm32.14.3.rel1.linux64_1.0.100.202602081740/tools/bin/../lib/gcc/arm-none-eabi/14.3.1/../../../../arm-none-eabi/lib/thumb/v7e-m+fp/hard/libc_nano.a(libc_a-closer.o) (errno)
[...]
Memory Configuration

Name             Origin             Length             Attributes
CCMRAM           0x10000000         0x00010000         xrw
RAM              0x20000000         0x00020000         xrw
FLASH            0x08000000         0x00100000         xr
*default*        0x00000000         0xffffffff

Linker script and memory map

LOAD /opt/st/stm32cubeide_2.1.0/plugins/com.st.stm32cube.ide.mcu.externaltools.gnu-tools-for-stm32.14.3.rel1.linux64_1.0.100.202602081740/tools/bin/../lib/gcc/arm-none-eabi/14.3.1/thumb/v7e-m+fp/hard/crti.o
LOAD /opt/st/stm32cubeide_2.1.0/plugins/com.st.stm32cube.ide.mcu.externaltools.gnu-tools-for-stm32.14.3.rel1.linux64_1.0.100.202602081740/tools/bin/../lib/gcc/arm-none-eabi/14.3.1/thumb/v7e-m+fp/hard/crtbegin.o
LOAD /opt/st/stm32cubeide_2.1.0/plugins/com.st.stm32cube.ide.mcu.externaltools.gnu-tools-for-stm32.14.3.rel1.linux64_1.0.100.202602081740/tools/bin/../lib/gcc/arm-none-eabi/14.3.1/../../../../arm-none-eabi/lib/thumb/v7e-m+fp/hard/crt0.o
LOAD ./Core/Src/adc.o
LOAD ./Core/Src/dma.o
LOAD ./Core/Src/gpio.o
LOAD ./Core/Src/i2c.o
LOAD ./Core/Src/main.o
LOAD ./Core/Src/spi.o
LOAD ./Core/Src/stm32f4xx_hal_msp.o
LOAD ./Core/Src/stm32f4xx_it.o
LOAD ./Core/Src/syscalls.o
LOAD ./Core/Src/sysmem.o
LOAD ./Core/Src/system_stm32f4xx.o
LOAD ./Core/Src/tim.o
LOAD ./Core/Src/usart.o
LOAD ./Core/Startup/startup_stm32f405rgtx.o
LOAD ./Drivers/STM32F4xx_HAL_Driver/stm32f4xx_hal.o
LOAD ./Drivers/STM32F4xx_HAL_Driver/stm32f4xx_hal_adc.o
LOAD ./Drivers/STM32F4xx_HAL_Driver/stm32f4xx_hal_adc_ex.o
LOAD ./Drivers/STM32F4xx_HAL_Driver/stm32f4xx_hal_cortex.o
LOAD ./Drivers/STM32F4xx_HAL_Driver/stm32f4xx_hal_dma.o
LOAD ./Drivers/STM32F4xx_HAL_Driver/stm32f4xx_hal_dma_ex.o
LOAD ./Drivers/STM32F4xx_HAL_Driver/stm32f4xx_hal_exti.o
LOAD ./Drivers/STM32F4xx_HAL_Driver/stm32f4xx_hal_flash.o
LOAD ./Drivers/STM32F4xx_HAL_Driver/stm32f4xx_hal_flash_ex.o
LOAD ./Drivers/STM32F4xx_HAL_Driver/stm32f4xx_hal_flash_ramfunc.o
LOAD ./Drivers/STM32F4xx_HAL_Driver/stm32f4xx_hal_gpio.o
LOAD ./Drivers/STM32F4xx_HAL_Driver/stm32f4xx_hal_i2c.o
LOAD ./Drivers/STM32F4xx_HAL_Driver/stm32f4xx_hal_i2c_ex.o
LOAD ./Drivers/STM32F4xx_HAL_Driver/stm32f4xx_hal_pcd.o
LOAD ./Drivers/STM32F4xx_HAL_Driver/stm32f4xx_hal_pcd_ex.o
LOAD ./Drivers/STM32F4xx_HAL_Driver/stm32f4xx_hal_pwr.o
LOAD ./Drivers/STM32F4xx_HAL_Driver/stm32f4xx_hal_pwr_ex.o
LOAD ./Drivers/STM32F4xx_HAL_Driver/stm32f4xx_hal_rcc.o
LOAD ./Drivers/STM32F4xx_HAL_Driver/stm32f4xx_hal_rcc_ex.o
LOAD ./Drivers/STM32F4xx_HAL_Driver/stm32f4xx_hal_spi.o
LOAD ./Drivers/STM32F4xx_HAL_Driver/stm32f4xx_hal_tim.o
LOAD ./Drivers/STM32F4xx_HAL_Driver/stm32f4xx_hal_tim_ex.o
LOAD ./Drivers/STM32F4xx_HAL_Driver/stm32f4xx_hal_uart.o
LOAD ./Drivers/STM32F4xx_HAL_Driver/stm32f4xx_ll_usb.o
LOAD ./Middlewares/USB_Device_Library/usbd_cdc.o
LOAD ./Middlewares/USB_Device_Library/usbd_core.o
LOAD ./Middlewares/USB_Device_Library/usbd_ctlreq.o
LOAD ./Middlewares/USB_Device_Library/usbd_ioreq.o
LOAD ./Tests/Src/console.o
LOAD ./Tests/Src/driver_baro.o
LOAD ./Tests/Src/driver_crsf.o
LOAD ./Tests/Src/driver_gps.o
LOAD ./Tests/Src/driver_imu.o
LOAD ./Tests/Src/driver_mag.o
LOAD ./Tests/Src/driver_motors.o
LOAD ./Tests/Src/telemtry.o
LOAD ./Tests/Src/test_baro.o
LOAD ./Tests/Src/test_gps.o
LOAD ./Tests/Src/test_imu.o
LOAD ./Tests/Src/test_imu_diag.o
LOAD ./Tests/Src/test_mag.o
LOAD ./Tests/Src/test_motors.o
LOAD ./Tests/Src/test_rc.o
LOAD ./Tests/Src/test_runner.o
LOAD ./Tests/Src/test_telemetry.o
LOAD ./USB_DEVICE/App/usb_device.o
LOAD ./USB_DEVICE/App/usbd_cdc_if.o
LOAD ./USB_DEVICE/App/usbd_desc.o
LOAD ./USB_DEVICE/Target/usbd_conf.o
START GROUP
LOAD /opt/st/stm32cubeide_2.1.0/plugins/com.st.stm32cube.ide.mcu.externaltools.gnu-tools-for-stm32.14.3.rel1.linux64_1.0.100.202602081740/tools/bin/../lib/gcc/arm-none-eabi/14.3.1/../../../../arm-none-eabi/lib/thumb/v7e-m+fp/hard/libc_nano.a
LOAD /opt/st/stm32cubeide_2.1.0/plugins/com.st.stm32cube.ide.mcu.externaltools.gnu-tools-for-stm32.14.3.rel1.linux64_1.0.100.202602081740/tools/bin/../lib/gcc/arm-none-eabi/14.3.1/../../../../arm-none-eabi/lib/thumb/v7e-m+fp/hard/libm.a
END GROUP
START GROUP
LOAD /opt/st/stm32cubeide_2.1.0/plugins/com.st.stm32cube.ide.mcu.externaltools.gnu-tools-for-stm32.14.3.rel1.linux64_1.0.100.202602081740/tools/bin/../lib/gcc/arm-none-eabi/14.3.1/thumb/v7e-m+fp/hard/libgcc.a
LOAD /opt/st/stm32cubeide_2.1.0/plugins/com.st.stm32cube.ide.mcu.externaltools.gnu-tools-for-stm32.14.3.rel1.linux64_1.0.100.202602081740/tools/bin/../lib/gcc/arm-none-eabi/14.3.1/../../../../arm-none-eabi/lib/thumb/v7e-m+fp/hard/libc_nano.a
END GROUP
START GROUP
LOAD /opt/st/stm32cubeide_2.1.0/plugins/com.st.stm32cube.ide.mcu.externaltools.gnu-tools-for-stm32.14.3.rel1.linux64_1.0.100.202602081740/tools/bin/../lib/gcc/arm-none-eabi/14.3.1/thumb/v7e-m+fp/hard/libgcc.a
LOAD /opt/st/stm32cubeide_2.1.0/plugins/com.st.stm32cube.ide.mcu.externaltools.gnu-tools-for-stm32.14.3.rel1.linux64_1.0.100.202602081740/tools/bin/../lib/gcc/arm-none-eabi/14.3.1/../../../../arm-none-eabi/lib/thumb/v7e-m+fp/hard/libc_nano.a
LOAD /opt/st/stm32cubeide_2.1.0/plugins/com.st.stm32cube.ide.mcu.externaltools.gnu-tools-for-stm32.14.3.rel1.linux64_1.0.100.202602081740/tools/bin/../lib/gcc/arm-none-eabi/14.3.1/../../../../arm-none-eabi/lib/thumb/v7e-m+fp/hard/libnosys.a
END GROUP
START GROUP
LOAD /opt/st/stm32cubeide_2.1.0/plugins/com.st.stm32cube.ide.mcu.externaltools.gnu-tools-for-stm32.14.3.rel1.linux64_1.0.100.202602081740/tools/bin/../lib/gcc/arm-none-eabi/14.3.1/thumb/v7e-m+fp/hard/libgcc.a
LOAD /opt/st/stm32cubeide_2.1.0/plugins/com.st.stm32cube.ide.mcu.externaltools.gnu-tools-for-stm32.14.3.rel1.linux64_1.0.100.202602081740/tools/bin/../lib/gcc/arm-none-eabi/14.3.1/../../../../arm-none-eabi/lib/thumb/v7e-m+fp/hard/libc_nano.a
LOAD /opt/st/stm32cubeide_2.1.0/plugins/com.st.stm32cube.ide.mcu.externaltools.gnu-tools-for-stm32.14.3.rel1.linux64_1.0.100.202602081740/tools/bin/../lib/gcc/arm-none-eabi/14.3.1/../../../../arm-none-eabi/lib/thumb/v7e-m+fp/hard/libnosys.a
END GROUP
LOAD /opt/st/stm32cubeide_2.1.0/plugins/com.st.stm32cube.ide.mcu.externaltools.gnu-tools-for-stm32.14.3.rel1.linux64_1.0.100.202602081740/tools/bin/../lib/gcc/arm-none-eabi/14.3.1/thumb/v7e-m+fp/hard/crtend.o
LOAD /opt/st/stm32cubeide_2.1.0/plugins/com.st.stm32cube.ide.mcu.externaltools.gnu-tools-for-stm32.14.3.rel1.linux64_1.0.100.202602081740/tools/bin/../lib/gcc/arm-none-eabi/14.3.1/thumb/v7e-m+fp/hard/crtn.o
                0x20020000                        _estack = (ORIGIN (RAM) + LENGTH (RAM))
                0x00000200                        _Min_Heap_Size = 0x200
                0x00000400                        _Min_Stack_Size = 0x400

.isr_vector     0x08000000      0x188
                0x08000000                        . = ALIGN (0x4)
 *(.isr_vector)
 .isr_vector    0x08000000      0x188 ./Core/Startup/startup_stm32f405rgtx.o
                0x08000000                g_pfnVectors
                0x08000188                        . = ALIGN (0x4)

.text           0x08000190     0xba90
                0x08000190                        . = ALIGN (0x4)
 *(.text)
 .text          0x08000190       0x40 /opt/st/stm32cubeide_2.1.0/plugins/com.st.stm32cube.ide.mcu.externaltools.gnu-tools-for-stm32.14.3.rel1.linux64_1.0.100.202602081740/tools/bin/../lib/gcc/arm-none-eabi/14.3.1/thumb/v7e-m+fp/hard/crtbegin.o
 .text          0x080001d0       0x10 /opt/st/stm32cubeide_2.1.0/plugins/com.st.stm32cube.ide.mcu.externaltools.gnu-tools-for-stm32.14.3.rel1.linux64_1.0.100.202602081740/tools/bin/../lib/gcc/arm-none-eabi/14.3.1/../../../../arm-none-eabi/lib/thumb/v7e-m+fp/hard/libc_nano.a(libc_a-strlen.o)
                0x080001d0                strlen
 .text          0x080001e0       0xa0 /opt/st/stm32cubeide_2.1.0/plugins/com.st.stm32cube.ide.mcu.externaltools.gnu-tools-for-stm32.14.3.rel1.linux64_1.0.100.202602081740/tools/bin/../lib/gcc/arm-none-eabi/14.3.1/../../../../arm-none-eabi/lib/thumb/v7e-m+fp/hard/libc_nano.a(libc_a-memchr.o)
                0x080001e0                memchr
 .text          0x08000280       0x30 /opt/st/stm32cubeide_2.1.0/plugins/com.st.stm32cube.ide.mcu.externaltools.gnu-tools-for-stm32.14.3.rel1.linux64_1.0.100.202602081740/tools/bin/../lib/gcc/arm-none-eabi/14.3.1/thumb/v7e-m+fp/hard/libgcc.a(_aeabi_uldivmod.o)
                0x08000280                __aeabi_uldivmod
 .text          0x080002b0      0x2f8 /opt/st/stm32cubeide_2.1.0/plugins/com.st.stm32cube.ide.mcu.externaltools.gnu-tools-for-stm32.14.3.rel1.linux64_1.0.100.202602081740/tools/bin/../lib/gcc/arm-none-eabi/14.3.1/thumb/v7e-m+fp/hard/libgcc.a(_udivmoddi4.o)
                0x080002b0                __udivmoddi4
 .text          0x080005a8        0x4 /opt/st/stm32cubeide_2.1.0/plugins/com.st.stm32cube.ide.mcu.externaltools.gnu-tools-for-stm32.14.3.rel1.linux64_1.0.100.202602081740/tools/bin/../lib/gcc/arm-none-eabi/14.3.1/thumb/v7e-m+fp/hard/libgcc.a(_dvmd_tls.o)
                0x080005a8                __aeabi_ldiv0
                0x080005a8                __aeabi_idiv0
 *(.text*)
 .text.MX_ADC1_Init
                0x080005ac       0xa4 ./Core/Src/adc.o
                0x080005ac                MX_ADC1_Init
 .text.HAL_ADC_MspInit
                0x08000650       0xc0 ./Core/Src/adc.o
                0x08000650                HAL_ADC_MspInit
 .text.adc_crt_read_raw
                0x08000710       0x80 ./Core/Src/adc.o
                0x08000710                adc_crt_read_raw
 .text.adc_crt_raw_to_ca
                0x08000790       0x6c ./Core/Src/adc.o
                0x08000790                adc_crt_raw_to_ca
 .text.MX_DMA_Init
                0x080007fc       0x40 ./Core/Src/dma.o
                0x080007fc                MX_DMA_Init
 .text.MX_GPIO_Init
                0x0800083c      0x198 ./Core/Src/gpio.o
                0x0800083c                MX_GPIO_Init
 .text.MX_I2C1_Init
                0x080009d4       0x5c ./Core/Src/i2c.o
                0x080009d4                MX_I2C1_Init
 .text.HAL_I2C_MspInit
                0x08000a30       0x90 ./Core/Src/i2c.o
                0x08000a30                HAL_I2C_MspInit
 .text.main     0x08000ac0       0x68 ./Core/Src/main.o
                0x08000ac0                main
 .text.SystemClock_Config
                0x08000b28       0xd4 ./Core/Src/main.o
                0x08000b28                SystemClock_Config
 .text.Error_Handler
                0x08000bfc        0xc ./Core/Src/main.o
                0x08000bfc                Error_Handler
 .text.MX_SPI1_Init
                0x08000c08       0x6c ./Core/Src/spi.o
                0x08000c08                MX_SPI1_Init
 .text.MX_SPI2_Init
                0x08000c74       0x6c ./Core/Src/spi.o
                0x08000c74                MX_SPI2_Init
 .text.MX_SPI3_Init
                0x08000ce0       0x6c ./Core/Src/spi.o
                0x08000ce0                MX_SPI3_Init
 .text.HAL_SPI_MspInit
                0x08000d4c      0x16c ./Core/Src/spi.o
                0x08000d4c                HAL_SPI_MspInit
 .text.HAL_MspInit
                0x08000eb8       0x50 ./Core/Src/stm32f4xx_hal_msp.o
                0x08000eb8                HAL_MspInit
 .text.NMI_Handler
                0x08000f08        0x8 ./Core/Src/stm32f4xx_it.o
                0x08000f08                NMI_Handler
 .text.HardFault_Handler
                0x08000f10        0x8 ./Core/Src/stm32f4xx_it.o
                0x08000f10                HardFault_Handler
 .text.MemManage_Handler
                0x08000f18        0x8 ./Core/Src/stm32f4xx_it.o
                0x08000f18                MemManage_Handler
 .text.BusFault_Handler
                0x08000f20        0x8 ./Core/Src/stm32f4xx_it.o
                0x08000f20                BusFault_Handler
 .text.UsageFault_Handler
                0x08000f28        0x8 ./Core/Src/stm32f4xx_it.o
                0x08000f28                UsageFault_Handler
 .text.SVC_Handler
                0x08000f30        0xe ./Core/Src/stm32f4xx_it.o
                0x08000f30                SVC_Handler
 .text.DebugMon_Handler
                0x08000f3e        0xe ./Core/Src/stm32f4xx_it.o
                0x08000f3e                DebugMon_Handler
 .text.PendSV_Handler
                0x08000f4c        0xe ./Core/Src/stm32f4xx_it.o
                0x08000f4c                PendSV_Handler
 .text.SysTick_Handler
                0x08000f5a        0xc ./Core/Src/stm32f4xx_it.o
                0x08000f5a                SysTick_Handler
 *fill*         0x08000f66        0x2 
 .text.DMA1_Stream1_IRQHandler
                0x08000f68       0x14 ./Core/Src/stm32f4xx_it.o
                0x08000f68                DMA1_Stream1_IRQHandler
 .text.OTG_FS_IRQHandler
                0x08000f7c       0x14 ./Core/Src/stm32f4xx_it.o
                0x08000f7c                OTG_FS_IRQHandler
 .text._sbrk    0x08000f90       0x6c ./Core/Src/sysmem.o
                0x08000f90                _sbrk
 .text.SystemInit
                0x08000ffc       0x24 ./Core/Src/system_stm32f4xx.o
                0x08000ffc                SystemInit
 .text.MX_TIM2_Init
                0x08001020       0xf4 ./Core/Src/tim.o
                0x08001020                MX_TIM2_Init
 .text.HAL_TIM_PWM_MspInit
                0x08001114       0xb0 ./Core/Src/tim.o
                0x08001114                HAL_TIM_PWM_MspInit
 .text.HAL_TIM_MspPostInit
                0x080011c4       0xb0 ./Core/Src/tim.o
                0x080011c4                HAL_TIM_MspPostInit
 .text.MX_UART4_Init
                0x08001274       0x54 ./Core/Src/usart.o
                0x08001274                MX_UART4_Init
 .text.MX_USART1_UART_Init
                0x080012c8       0x54 ./Core/Src/usart.o
                0x080012c8                MX_USART1_UART_Init
 .text.MX_USART3_UART_Init
                0x0800131c       0x54 ./Core/Src/usart.o
                0x0800131c                MX_USART3_UART_Init
 .text.MX_USART6_UART_Init
                0x08001370       0x54 ./Core/Src/usart.o
                0x08001370                MX_USART6_UART_Init
 .text.HAL_UART_MspInit
                0x080013c4      0x1d0 ./Core/Src/usart.o
                0x080013c4                HAL_UART_MspInit
 .text.Reset_Handler
                0x08001594       0x50 ./Core/Startup/startup_stm32f405rgtx.o
                0x08001594                Reset_Handler
 .text.Default_Handler
                0x080015e4        0x2 ./Core/Startup/startup_stm32f405rgtx.o
                0x080015e4                RTC_Alarm_IRQHandler
                0x080015e4                HASH_RNG_IRQHandler
                0x080015e4                EXTI2_IRQHandler
                0x080015e4                TIM8_CC_IRQHandler
                0x080015e4                TIM1_CC_IRQHandler
                0x080015e4                DMA2_Stream5_IRQHandler
                0x080015e4                DMA1_Stream5_IRQHandler
                0x080015e4                PVD_IRQHandler
                0x080015e4                SDIO_IRQHandler
                0x080015e4                TAMP_STAMP_IRQHandler
                0x080015e4                CAN2_RX1_IRQHandler
                0x080015e4                EXTI3_IRQHandler
                0x080015e4                TIM8_TRG_COM_TIM14_IRQHandler
                0x080015e4                TIM1_UP_TIM10_IRQHandler
                0x080015e4                TIM8_UP_TIM13_IRQHandler
                0x080015e4                I2C3_ER_IRQHandler
                0x080015e4                EXTI0_IRQHandler
                0x080015e4                I2C2_EV_IRQHandler
                0x080015e4                DMA1_Stream2_IRQHandler
                0x080015e4                CAN1_RX0_IRQHandler
                0x080015e4                FPU_IRQHandler
                0x080015e4                OTG_HS_WKUP_IRQHandler
                0x080015e4                CAN2_SCE_IRQHandler
                0x080015e4                DMA2_Stream2_IRQHandler
                0x080015e4                SPI1_IRQHandler
                0x080015e4                TIM6_DAC_IRQHandler
                0x080015e4                TIM1_BRK_TIM9_IRQHandler
                0x080015e4                CAN2_RX0_IRQHandler
                0x080015e4                DMA2_Stream3_IRQHandler
                0x080015e4                USART6_IRQHandler
                0x080015e4                USART3_IRQHandler
                0x080015e4                CAN1_RX1_IRQHandler
                0x080015e4                UART5_IRQHandler
                0x080015e4                DMA2_Stream0_IRQHandler
                0x080015e4                TIM4_IRQHandler
                0x080015e4                I2C1_EV_IRQHandler
                0x080015e4                DMA1_Stream6_IRQHandler
                0x080015e4                UART4_IRQHandler
                0x080015e4                TIM3_IRQHandler
                0x080015e4                RCC_IRQHandler
                0x080015e4                TIM8_BRK_TIM12_IRQHandler
                0x080015e4                Default_Handler
                0x080015e4                EXTI15_10_IRQHandler
                0x080015e4                ADC_IRQHandler
                0x080015e4                DMA1_Stream7_IRQHandler
                0x080015e4                TIM7_IRQHandler
                0x080015e4                CAN2_TX_IRQHandler
                0x080015e4                TIM5_IRQHandler
                0x080015e4                DMA2_Stream7_IRQHandler
                0x080015e4                I2C3_EV_IRQHandler
                0x080015e4                EXTI9_5_IRQHandler
                0x080015e4                RTC_WKUP_IRQHandler
                0x080015e4                SPI2_IRQHandler
                0x080015e4                OTG_HS_EP1_IN_IRQHandler
                0x080015e4                DMA1_Stream0_IRQHandler
                0x080015e4                CAN1_TX_IRQHandler
                0x080015e4                EXTI4_IRQHandler
                0x080015e4                FSMC_IRQHandler
                0x080015e4                OTG_HS_EP1_OUT_IRQHandler
                0x080015e4                WWDG_IRQHandler
                0x080015e4                TIM2_IRQHandler
                0x080015e4                OTG_FS_WKUP_IRQHandler
                0x080015e4                TIM1_TRG_COM_TIM11_IRQHandler
                0x080015e4                OTG_HS_IRQHandler
                0x080015e4                EXTI1_IRQHandler
                0x080015e4                USART2_IRQHandler
                0x080015e4                I2C2_ER_IRQHandler
                0x080015e4                DMA2_Stream1_IRQHandler
                0x080015e4                CAN1_SCE_IRQHandler
                0x080015e4                FLASH_IRQHandler
                0x080015e4                DMA2_Stream4_IRQHandler
                0x080015e4                USART1_IRQHandler
                0x080015e4                SPI3_IRQHandler
                0x080015e4                DMA1_Stream4_IRQHandler
                0x080015e4                I2C1_ER_IRQHandler
                0x080015e4                DMA2_Stream6_IRQHandler
                0x080015e4                DMA1_Stream3_IRQHandler
 *fill*         0x080015e6        0x2 
 .text.HAL_Init
                0x080015e8       0x44 ./Drivers/STM32F4xx_HAL_Driver/stm32f4xx_hal.o
                0x080015e8                HAL_Init
 .text.HAL_InitTick
                0x0800162c       0x60 ./Drivers/STM32F4xx_HAL_Driver/stm32f4xx_hal.o
                0x0800162c                HAL_InitTick
 .text.HAL_IncTick
                0x0800168c       0x28 ./Drivers/STM32F4xx_HAL_Driver/stm32f4xx_hal.o
                0x0800168c                HAL_IncTick
 .text.HAL_GetTick
                0x080016b4       0x18 ./Drivers/STM32F4xx_HAL_Driver/stm32f4xx_hal.o
                0x080016b4                HAL_GetTick
 .text.HAL_Delay
                0x080016cc       0x48 ./Drivers/STM32F4xx_HAL_Driver/stm32f4xx_hal.o
                0x080016cc                HAL_Delay
 .text.HAL_ADC_Init
                0x08001714       0x86 ./Drivers/STM32F4xx_HAL_Driver/stm32f4xx_hal_adc.o
                0x08001714                HAL_ADC_Init
 *fill*         0x0800179a        0x2 
 .text.HAL_ADC_Start
                0x0800179c      0x1a4 ./Drivers/STM32F4xx_HAL_Driver/stm32f4xx_hal_adc.o
                0x0800179c                HAL_ADC_Start
 .text.HAL_ADC_Stop
                0x08001940       0x66 ./Drivers/STM32F4xx_HAL_Driver/stm32f4xx_hal_adc.o
                0x08001940                HAL_ADC_Stop
 .text.HAL_ADC_PollForConversion
                0x080019a6      0x116 ./Drivers/STM32F4xx_HAL_Driver/stm32f4xx_hal_adc.o
                0x080019a6                HAL_ADC_PollForConversion
 .text.HAL_ADC_GetValue
                0x08001abc       0x1a ./Drivers/STM32F4xx_HAL_Driver/stm32f4xx_hal_adc.o
                0x08001abc                HAL_ADC_GetValue
 *fill*         0x08001ad6        0x2 
 .text.HAL_ADC_ConfigChannel
                0x08001ad8      0x244 ./Drivers/STM32F4xx_HAL_Driver/stm32f4xx_hal_adc.o
                0x08001ad8                HAL_ADC_ConfigChannel
 .text.ADC_Init
                0x08001d1c      0x1f8 ./Drivers/STM32F4xx_HAL_Driver/stm32f4xx_hal_adc.o
 .text.__NVIC_SetPriorityGrouping
                0x08001f14       0x48 ./Drivers/STM32F4xx_HAL_Driver/stm32f4xx_hal_cortex.o
 .text.__NVIC_GetPriorityGrouping
                0x08001f5c       0x1c ./Drivers/STM32F4xx_HAL_Driver/stm32f4xx_hal_cortex.o
 .text.__NVIC_EnableIRQ
                0x08001f78       0x3c ./Drivers/STM32F4xx_HAL_Driver/stm32f4xx_hal_cortex.o
 .text.__NVIC_SetPriority
                0x08001fb4       0x54 ./Drivers/STM32F4xx_HAL_Driver/stm32f4xx_hal_cortex.o
 .text.NVIC_EncodePriority
                0x08002008       0x66 ./Drivers/STM32F4xx_HAL_Driver/stm32f4xx_hal_cortex.o
 *fill*         0x0800206e        0x2 
 .text.SysTick_Config
                0x08002070       0x44 ./Drivers/STM32F4xx_HAL_Driver/stm32f4xx_hal_cortex.o
 .text.HAL_NVIC_SetPriorityGrouping
                0x080020b4       0x16 ./Drivers/STM32F4xx_HAL_Driver/stm32f4xx_hal_cortex.o
                0x080020b4                HAL_NVIC_SetPriorityGrouping
 .text.HAL_NVIC_SetPriority
                0x080020ca       0x38 ./Drivers/STM32F4xx_HAL_Driver/stm32f4xx_hal_cortex.o
                0x080020ca                HAL_NVIC_SetPriority
 .text.HAL_NVIC_EnableIRQ
                0x08002102       0x1c ./Drivers/STM32F4xx_HAL_Driver/stm32f4xx_hal_cortex.o
                0x08002102                HAL_NVIC_EnableIRQ
 .text.HAL_SYSTICK_Config
                0x0800211e       0x18 ./Drivers/STM32F4xx_HAL_Driver/stm32f4xx_hal_cortex.o
                0x0800211e                HAL_SYSTICK_Config
 *fill*         0x08002136        0x2 
 .text.HAL_DMA_Init
                0x08002138      0x15c ./Drivers/STM32F4xx_HAL_Driver/stm32f4xx_hal_dma.o
                0x08002138                HAL_DMA_Init
 .text.HAL_DMA_DeInit
                0x08002294       0xbc ./Drivers/STM32F4xx_HAL_Driver/stm32f4xx_hal_dma.o
                0x08002294                HAL_DMA_DeInit
 .text.HAL_DMA_Start
                0x08002350       0x76 ./Drivers/STM32F4xx_HAL_Driver/stm32f4xx_hal_dma.o
                0x08002350                HAL_DMA_Start
 .text.HAL_DMA_Abort
                0x080023c6       0xe0 ./Drivers/STM32F4xx_HAL_Driver/stm32f4xx_hal_dma.o
                0x080023c6                HAL_DMA_Abort
 .text.HAL_DMA_PollForTransfer
                0x080024a6      0x1be ./Drivers/STM32F4xx_HAL_Driver/stm32f4xx_hal_dma.o
                0x080024a6                HAL_DMA_PollForTransfer
 .text.HAL_DMA_IRQHandler
                0x08002664      0x314 ./Drivers/STM32F4xx_HAL_Driver/stm32f4xx_hal_dma.o
                0x08002664                HAL_DMA_IRQHandler
 .text.DMA_SetConfig
                0x08002978       0x5c ./Drivers/STM32F4xx_HAL_Driver/stm32f4xx_hal_dma.o
 .text.DMA_CalcBaseAndBitshift
                0x080029d4       0x6c ./Drivers/STM32F4xx_HAL_Driver/stm32f4xx_hal_dma.o
 .text.DMA_CheckFifoParam
                0x08002a40       0xf8 ./Drivers/STM32F4xx_HAL_Driver/stm32f4xx_hal_dma.o
 .text.HAL_GPIO_Init
                0x08002b38      0x338 ./Drivers/STM32F4xx_HAL_Driver/stm32f4xx_hal_gpio.o
                0x08002b38                HAL_GPIO_Init
 .text.HAL_GPIO_WritePin
                0x08002e70       0x32 ./Drivers/STM32F4xx_HAL_Driver/stm32f4xx_hal_gpio.o
                0x08002e70                HAL_GPIO_WritePin
 *fill*         0x08002ea2        0x2 
 .text.HAL_I2C_Init
                0x08002ea4      0x288 ./Drivers/STM32F4xx_HAL_Driver/stm32f4xx_hal_i2c.o
                0x08002ea4                HAL_I2C_Init
 .text.HAL_PCD_Init
                0x0800312c      0x21e ./Drivers/STM32F4xx_HAL_Driver/stm32f4xx_hal_pcd.o
                0x0800312c                HAL_PCD_Init
 .text.HAL_PCD_Start
                0x0800334a       0x6a ./Drivers/STM32F4xx_HAL_Driver/stm32f4xx_hal_pcd.o
                0x0800334a                HAL_PCD_Start
 .text.HAL_PCD_IRQHandler
                0x080033b4      0x942 ./Drivers/STM32F4xx_HAL_Driver/stm32f4xx_hal_pcd.o
                0x080033b4                HAL_PCD_IRQHandler
 .text.HAL_PCD_SetAddress
                0x08003cf6       0x48 ./Drivers/STM32F4xx_HAL_Driver/stm32f4xx_hal_pcd.o
                0x08003cf6                HAL_PCD_SetAddress
 .text.HAL_PCD_EP_Open
                0x08003d3e       0xd4 ./Drivers/STM32F4xx_HAL_Driver/stm32f4xx_hal_pcd.o
                0x08003d3e                HAL_PCD_EP_Open
 .text.HAL_PCD_EP_Close
                0x08003e12       0x94 ./Drivers/STM32F4xx_HAL_Driver/stm32f4xx_hal_pcd.o
                0x08003e12                HAL_PCD_EP_Close
 .text.HAL_PCD_EP_Receive
                0x08003ea6       0x76 ./Drivers/STM32F4xx_HAL_Driver/stm32f4xx_hal_pcd.o
                0x08003ea6                HAL_PCD_EP_Receive
 .text.HAL_PCD_EP_GetRxCount
                0x08003f1c       0x30 ./Drivers/STM32F4xx_HAL_Driver/stm32f4xx_hal_pcd.o
                0x08003f1c                HAL_PCD_EP_GetRxCount
 .text.HAL_PCD_EP_Transmit
                0x08003f4c       0x74 ./Drivers/STM32F4xx_HAL_Driver/stm32f4xx_hal_pcd.o
                0x08003f4c                HAL_PCD_EP_Transmit
 .text.HAL_PCD_EP_SetStall
                0x08003fc0       0xc6 ./Drivers/STM32F4xx_HAL_Driver/stm32f4xx_hal_pcd.o
                0x08003fc0                HAL_PCD_EP_SetStall
 .text.HAL_PCD_EP_ClrStall
                0x08004086       0xac ./Drivers/STM32F4xx_HAL_Driver/stm32f4xx_hal_pcd.o
                0x08004086                HAL_PCD_EP_ClrStall
 .text.HAL_PCD_EP_Abort
                0x08004132       0x62 ./Drivers/STM32F4xx_HAL_Driver/stm32f4xx_hal_pcd.o
                0x08004132                HAL_PCD_EP_Abort
 .text.PCD_WriteEmptyTxFifo
                0x08004194      0x118 ./Drivers/STM32F4xx_HAL_Driver/stm32f4xx_hal_pcd.o
 .text.PCD_EP_OutXfrComplete_int
                0x080042ac      0x1d0 ./Drivers/STM32F4xx_HAL_Driver/stm32f4xx_hal_pcd.o
 .text.PCD_EP_OutSetupPacket_int
                0x0800447c       0x8c ./Drivers/STM32F4xx_HAL_Driver/stm32f4xx_hal_pcd.o
 .text.HAL_PCDEx_SetTxFiFo
                0x08004508       0x8e ./Drivers/STM32F4xx_HAL_Driver/stm32f4xx_hal_pcd_ex.o
                0x08004508                HAL_PCDEx_SetTxFiFo
 .text.HAL_PCDEx_SetRxFiFo
                0x08004596       0x22 ./Drivers/STM32F4xx_HAL_Driver/stm32f4xx_hal_pcd_ex.o
                0x08004596                HAL_PCDEx_SetRxFiFo
 .text.HAL_PCDEx_LPM_Callback
                0x080045b8       0x18 ./Drivers/STM32F4xx_HAL_Driver/stm32f4xx_hal_pcd_ex.o
                0x080045b8                HAL_PCDEx_LPM_Callback
 .text.HAL_RCC_OscConfig
                0x080045d0      0x4f0 ./Drivers/STM32F4xx_HAL_Driver/stm32f4xx_hal_rcc.o
                0x080045d0                HAL_RCC_OscConfig
 .text.HAL_RCC_ClockConfig
                0x08004ac0      0x1cc ./Drivers/STM32F4xx_HAL_Driver/stm32f4xx_hal_rcc.o
                0x08004ac0                HAL_RCC_ClockConfig
 .text.HAL_RCC_GetSysClockFreq
                0x08004c8c      0x20c ./Drivers/STM32F4xx_HAL_Driver/stm32f4xx_hal_rcc.o
                0x08004c8c                HAL_RCC_GetSysClockFreq
 .text.HAL_RCC_GetHCLKFreq
                0x08004e98       0x18 ./Drivers/STM32F4xx_HAL_Driver/stm32f4xx_hal_rcc.o
                0x08004e98                HAL_RCC_GetHCLKFreq
 .text.HAL_RCC_GetPCLK1Freq
                0x08004eb0       0x28 ./Drivers/STM32F4xx_HAL_Driver/stm32f4xx_hal_rcc.o
                0x08004eb0                HAL_RCC_GetPCLK1Freq
 .text.HAL_RCC_GetPCLK2Freq
                0x08004ed8       0x28 ./Drivers/STM32F4xx_HAL_Driver/stm32f4xx_hal_rcc.o
                0x08004ed8                HAL_RCC_GetPCLK2Freq
 .text.HAL_SPI_Init
                0x08004f00      0x112 ./Drivers/STM32F4xx_HAL_Driver/stm32f4xx_hal_spi.o
                0x08004f00                HAL_SPI_Init
 .text.HAL_TIM_PWM_Init
                0x08005012       0x9e ./Drivers/STM32F4xx_HAL_Driver/stm32f4xx_hal_tim.o
                0x08005012                HAL_TIM_PWM_Init
 .text.HAL_TIM_PWM_Start
                0x080050b0      0x190 ./Drivers/STM32F4xx_HAL_Driver/stm32f4xx_hal_tim.o
                0x080050b0                HAL_TIM_PWM_Start
 .text.HAL_TIM_PWM_Stop
                0x08005240       0xe0 ./Drivers/STM32F4xx_HAL_Driver/stm32f4xx_hal_tim.o
                0x08005240                HAL_TIM_PWM_Stop
 .text.HAL_TIM_PWM_ConfigChannel
                0x08005320      0x184 ./Drivers/STM32F4xx_HAL_Driver/stm32f4xx_hal_tim.o
                0x08005320                HAL_TIM_PWM_ConfigChannel
 .text.TIM_Base_SetConfig
                0x080054a4      0x14c ./Drivers/STM32F4xx_HAL_Driver/stm32f4xx_hal_tim.o
                0x080054a4                TIM_Base_SetConfig
 .text.TIM_OC1_SetConfig
                0x080055f0       0xe0 ./Drivers/STM32F4xx_HAL_Driver/stm32f4xx_hal_tim.o
 .text.TIM_OC2_SetConfig
                0x080056d0       0xec ./Drivers/STM32F4xx_HAL_Driver/stm32f4xx_hal_tim.o
                0x080056d0                TIM_OC2_SetConfig
 .text.TIM_OC3_SetConfig
                0x080057bc       0xe8 ./Drivers/STM32F4xx_HAL_Driver/stm32f4xx_hal_tim.o
 .text.TIM_OC4_SetConfig
                0x080058a4       0xac ./Drivers/STM32F4xx_HAL_Driver/stm32f4xx_hal_tim.o
 .text.TIM_CCxChannelCmd
                0x08005950       0x4a ./Drivers/STM32F4xx_HAL_Driver/stm32f4xx_hal_tim.o
                0x08005950                TIM_CCxChannelCmd
 *fill*         0x0800599a        0x2 
 .text.HAL_TIMEx_MasterConfigSynchronization
                0x0800599c       0xf8 ./Drivers/STM32F4xx_HAL_Driver/stm32f4xx_hal_tim_ex.o
                0x0800599c                HAL_TIMEx_MasterConfigSynchronization
 .text.HAL_UART_Init
                0x08005a94       0xa0 ./Drivers/STM32F4xx_HAL_Driver/stm32f4xx_hal_uart.o
                0x08005a94                HAL_UART_Init
 .text.UART_SetConfig
                0x08005b34      0x4e8 ./Drivers/STM32F4xx_HAL_Driver/stm32f4xx_hal_uart.o
 .text.USB_CoreInit
                0x0800601c       0xc8 ./Drivers/STM32F4xx_HAL_Driver/stm32f4xx_ll_usb.o
                0x0800601c                USB_CoreInit
 .text.USB_SetTurnaroundTime
                0x080060e4      0x144 ./Drivers/STM32F4xx_HAL_Driver/stm32f4xx_ll_usb.o
                0x080060e4                USB_SetTurnaroundTime
 .text.USB_EnableGlobalInt
                0x08006228       0x22 ./Drivers/STM32F4xx_HAL_Driver/stm32f4xx_ll_usb.o
                0x08006228                USB_EnableGlobalInt
 .text.USB_DisableGlobalInt
                0x0800624a       0x22 ./Drivers/STM32F4xx_HAL_Driver/stm32f4xx_ll_usb.o
                0x0800624a                USB_DisableGlobalInt
 .text.USB_SetCurrentMode
                0x0800626c       0x98 ./Drivers/STM32F4xx_HAL_Driver/stm32f4xx_ll_usb.o
                0x0800626c                USB_SetCurrentMode
 .text.USB_DevInit
                0x08006304      0x2c8 ./Drivers/STM32F4xx_HAL_Driver/stm32f4xx_ll_usb.o
                0x08006304                USB_DevInit
 .text.USB_FlushTxFifo
                0x080065cc       0x64 ./Drivers/STM32F4xx_HAL_Driver/stm32f4xx_ll_usb.o
                0x080065cc                USB_FlushTxFifo
 .text.USB_FlushRxFifo
                0x08006630       0x5c ./Drivers/STM32F4xx_HAL_Driver/stm32f4xx_ll_usb.o
                0x08006630                USB_FlushRxFifo
 .text.USB_SetDevSpeed
                0x0800668c       0x32 ./Drivers/STM32F4xx_HAL_Driver/stm32f4xx_ll_usb.o
                0x0800668c                USB_SetDevSpeed
 .text.USB_GetDevSpeed
                0x080066be       0x4a ./Drivers/STM32F4xx_HAL_Driver/stm32f4xx_ll_usb.o
                0x080066be                USB_GetDevSpeed
 .text.USB_ActivateEndpoint
                0x08006708      0x10e ./Drivers/STM32F4xx_HAL_Driver/stm32f4xx_ll_usb.o
                0x08006708                USB_ActivateEndpoint
 *fill*         0x08006816        0x2 
 .text.USB_DeactivateEndpoint
                0x08006818      0x1b8 ./Drivers/STM32F4xx_HAL_Driver/stm32f4xx_ll_usb.o
                0x08006818                USB_DeactivateEndpoint
 .text.USB_EPStartXfer
                0x080069d0      0x53c ./Drivers/STM32F4xx_HAL_Driver/stm32f4xx_ll_usb.o
                0x080069d0                USB_EPStartXfer
 .text.USB_EPStopXfer
                0x08006f0c      0x154 ./Drivers/STM32F4xx_HAL_Driver/stm32f4xx_ll_usb.o
                0x08006f0c                USB_EPStopXfer
 .text.USB_WritePacket
                0x08007060       0x7c ./Drivers/STM32F4xx_HAL_Driver/stm32f4xx_ll_usb.o
                0x08007060                USB_WritePacket
 .text.USB_ReadPacket
                0x080070dc       0xb0 ./Drivers/STM32F4xx_HAL_Driver/stm32f4xx_ll_usb.o
                0x080070dc                USB_ReadPacket
 .text.USB_EPSetStall
                0x0800718c       0xdc ./Drivers/STM32F4xx_HAL_Driver/stm32f4xx_ll_usb.o
                0x0800718c                USB_EPSetStall
 .text.USB_EPClearStall
                0x08007268       0xcc ./Drivers/STM32F4xx_HAL_Driver/stm32f4xx_ll_usb.o
                0x08007268                USB_EPClearStall
 .text.USB_SetDevAddress
                0x08007334       0x4c ./Drivers/STM32F4xx_HAL_Driver/stm32f4xx_ll_usb.o
                0x08007334                USB_SetDevAddress
 .text.USB_DevConnect
                0x08007380       0x42 ./Drivers/STM32F4xx_HAL_Driver/stm32f4xx_ll_usb.o
                0x08007380                USB_DevConnect
 .text.USB_DevDisconnect
                0x080073c2       0x42 ./Drivers/STM32F4xx_HAL_Driver/stm32f4xx_ll_usb.o
                0x080073c2                USB_DevDisconnect
 .text.USB_ReadInterrupts
                0x08007404       0x26 ./Drivers/STM32F4xx_HAL_Driver/stm32f4xx_ll_usb.o
                0x08007404                USB_ReadInterrupts
 .text.USB_ReadDevAllOutEpInterrupt
                0x0800742a       0x34 ./Drivers/STM32F4xx_HAL_Driver/stm32f4xx_ll_usb.o
                0x0800742a                USB_ReadDevAllOutEpInterrupt
 .text.USB_ReadDevAllInEpInterrupt
                0x0800745e       0x34 ./Drivers/STM32F4xx_HAL_Driver/stm32f4xx_ll_usb.o
                0x0800745e                USB_ReadDevAllInEpInterrupt
 .text.USB_ReadDevOutEPInterrupt
                0x08007492       0x3c ./Drivers/STM32F4xx_HAL_Driver/stm32f4xx_ll_usb.o
                0x08007492                USB_ReadDevOutEPInterrupt
 .text.USB_ReadDevInEPInterrupt
                0x080074ce       0x5c ./Drivers/STM32F4xx_HAL_Driver/stm32f4xx_ll_usb.o
                0x080074ce                USB_ReadDevInEPInterrupt
 .text.USB_GetMode
                0x0800752a       0x1c ./Drivers/STM32F4xx_HAL_Driver/stm32f4xx_ll_usb.o
                0x0800752a                USB_GetMode
 .text.USB_ActivateSetup
                0x08007546       0x46 ./Drivers/STM32F4xx_HAL_Driver/stm32f4xx_ll_usb.o
                0x08007546                USB_ActivateSetup
 .text.USB_EP0_OutStart
                0x0800758c       0xbc ./Drivers/STM32F4xx_HAL_Driver/stm32f4xx_ll_usb.o
                0x0800758c                USB_EP0_OutStart
 .text.USB_CoreReset
                0x08007648       0x70 ./Drivers/STM32F4xx_HAL_Driver/stm32f4xx_ll_usb.o
 .text.USBD_CDC_Init
                0x080076b8      0x1f0 ./Middlewares/USB_Device_Library/usbd_cdc.o
 .text.USBD_CDC_DeInit
                0x080078a8      0x104 ./Middlewares/USB_Device_Library/usbd_cdc.o
 .text.USBD_CDC_Setup
                0x080079ac      0x1b8 ./Middlewares/USB_Device_Library/usbd_cdc.o
 .text.USBD_CDC_DataIn
                0x08007b64       0xfe ./Middlewares/USB_Device_Library/usbd_cdc.o
 .text.USBD_CDC_DataOut
                0x08007c62       0x70 ./Middlewares/USB_Device_Library/usbd_cdc.o
 .text.USBD_CDC_EP0_RxReady
                0x08007cd2       0x74 ./Middlewares/USB_Device_Library/usbd_cdc.o
 *fill*         0x08007d46        0x2 
 .text.USBD_CDC_GetFSCfgDesc
                0x08007d48       0x70 ./Middlewares/USB_Device_Library/usbd_cdc.o
 .text.USBD_CDC_GetHSCfgDesc
                0x08007db8       0x70 ./Middlewares/USB_Device_Library/usbd_cdc.o
 .text.USBD_CDC_GetOtherSpeedCfgDesc
                0x08007e28       0x70 ./Middlewares/USB_Device_Library/usbd_cdc.o
 .text.USBD_CDC_GetDeviceQualifierDescriptor
                0x08007e98       0x20 ./Middlewares/USB_Device_Library/usbd_cdc.o
                0x08007e98                USBD_CDC_GetDeviceQualifierDescriptor
 .text.USBD_CDC_RegisterInterface
                0x08007eb8       0x34 ./Middlewares/USB_Device_Library/usbd_cdc.o
                0x08007eb8                USBD_CDC_RegisterInterface
 .text.USBD_CDC_SetTxBuffer
                0x08007eec       0x44 ./Middlewares/USB_Device_Library/usbd_cdc.o
                0x08007eec                USBD_CDC_SetTxBuffer
 .text.USBD_CDC_SetRxBuffer
                0x08007f30       0x3a ./Middlewares/USB_Device_Library/usbd_cdc.o
                0x08007f30                USBD_CDC_SetRxBuffer
 *fill*         0x08007f6a        0x2 
 .text.USBD_CDC_TransmitPacket
                0x08007f6c       0x80 ./Middlewares/USB_Device_Library/usbd_cdc.o
                0x08007f6c                USBD_CDC_TransmitPacket
 .text.USBD_CDC_ReceivePacket
                0x08007fec       0x6c ./Middlewares/USB_Device_Library/usbd_cdc.o
                0x08007fec                USBD_CDC_ReceivePacket
 .text.USBD_Init
                0x08008058       0x60 ./Middlewares/USB_Device_Library/usbd_core.o
                0x08008058                USBD_Init
 .text.USBD_RegisterClass
                0x080080b8       0x6c ./Middlewares/USB_Device_Library/usbd_core.o
                0x080080b8                USBD_RegisterClass
 .text.USBD_Start
                0x08008124       0x18 ./Middlewares/USB_Device_Library/usbd_core.o
                0x08008124                USBD_Start
 .text.USBD_RunTestMode
                0x0800813c       0x16 ./Middlewares/USB_Device_Library/usbd_core.o
                0x0800813c                USBD_RunTestMode
 .text.USBD_SetClassConfig
                0x08008152       0x38 ./Middlewares/USB_Device_Library/usbd_core.o
                0x08008152                USBD_SetClassConfig
 .text.USBD_ClrClassConfig
                0x0800818a       0x34 ./Middlewares/USB_Device_Library/usbd_core.o
                0x0800818a                USBD_ClrClassConfig
 .text.USBD_LL_SetupStage
                0x080081be       0xaa ./Middlewares/USB_Device_Library/usbd_core.o
                0x080081be                USBD_LL_SetupStage
 .text.USBD_LL_DataOutStage
                0x08008268      0x178 ./Middlewares/USB_Device_Library/usbd_core.o
                0x08008268                USBD_LL_DataOutStage
 .text.USBD_LL_DataInStage
                0x080083e0      0x176 ./Middlewares/USB_Device_Library/usbd_core.o
                0x080083e0                USBD_LL_DataInStage
 .text.USBD_LL_Reset
                0x08008556       0xa6 ./Middlewares/USB_Device_Library/usbd_core.o
                0x08008556                USBD_LL_Reset
 .text.USBD_LL_SetSpeed
                0x080085fc       0x20 ./Middlewares/USB_Device_Library/usbd_core.o
                0x080085fc                USBD_LL_SetSpeed
 .text.USBD_LL_Suspend
                0x0800861c       0x38 ./Middlewares/USB_Device_Library/usbd_core.o
                0x0800861c                USBD_LL_Suspend
 .text.USBD_LL_Resume
                0x08008654       0x30 ./Middlewares/USB_Device_Library/usbd_core.o
                0x08008654                USBD_LL_Resume
 .text.USBD_LL_SOF
                0x08008684       0x40 ./Middlewares/USB_Device_Library/usbd_core.o
                0x08008684                USBD_LL_SOF
 .text.USBD_LL_IsoINIncomplete
                0x080086c4       0x64 ./Middlewares/USB_Device_Library/usbd_core.o
                0x080086c4                USBD_LL_IsoINIncomplete
 .text.USBD_LL_IsoOUTIncomplete
                0x08008728       0x64 ./Middlewares/USB_Device_Library/usbd_core.o
                0x08008728                USBD_LL_IsoOUTIncomplete
 .text.USBD_LL_DevConnected
                0x0800878c       0x16 ./Middlewares/USB_Device_Library/usbd_core.o
                0x0800878c                USBD_LL_DevConnected
 .text.USBD_LL_DevDisconnected
                0x080087a2       0x46 ./Middlewares/USB_Device_Library/usbd_core.o
                0x080087a2                USBD_LL_DevDisconnected
 .text.USBD_CoreFindIF
                0x080087e8       0x1a ./Middlewares/USB_Device_Library/usbd_core.o
                0x080087e8                USBD_CoreFindIF
 .text.USBD_CoreFindEP
                0x08008802       0x1a ./Middlewares/USB_Device_Library/usbd_core.o
                0x08008802                USBD_CoreFindEP
 .text.USBD_GetEpDesc
                0x0800881c       0x70 ./Middlewares/USB_Device_Library/usbd_core.o
                0x0800881c                USBD_GetEpDesc
 .text.USBD_GetNextDesc
                0x0800888c       0x38 ./Middlewares/USB_Device_Library/usbd_core.o
                0x0800888c                USBD_GetNextDesc
 .text.SWAPBYTE
                0x080088c4       0x3e ./Middlewares/USB_Device_Library/usbd_ctlreq.o
 *fill*         0x08008902        0x2 
 .text.USBD_StdDevReq
                0x08008904       0xe4 ./Middlewares/USB_Device_Library/usbd_ctlreq.o
                0x08008904                USBD_StdDevReq
 .text.USBD_StdItfReq
                0x080089e8       0xd8 ./Middlewares/USB_Device_Library/usbd_ctlreq.o
                0x080089e8                USBD_StdItfReq
 .text.USBD_StdEPReq
                0x08008ac0      0x33e ./Middlewares/USB_Device_Library/usbd_ctlreq.o
                0x08008ac0                USBD_StdEPReq
 *fill*         0x08008dfe        0x2 
 .text.USBD_GetDescriptor
                0x08008e00      0x2d4 ./Middlewares/USB_Device_Library/usbd_ctlreq.o
 .text.USBD_SetAddress
                0x080090d4       0x88 ./Middlewares/USB_Device_Library/usbd_ctlreq.o
 .text.USBD_SetConfig
                0x0800915c      0x154 ./Middlewares/USB_Device_Library/usbd_ctlreq.o
 .text.USBD_GetConfig
                0x080092b0       0x6c ./Middlewares/USB_Device_Library/usbd_ctlreq.o
 .text.USBD_GetStatus
                0x0800931c       0x68 ./Middlewares/USB_Device_Library/usbd_ctlreq.o
 .text.USBD_SetFeature
                0x08009384       0x52 ./Middlewares/USB_Device_Library/usbd_ctlreq.o
 .text.USBD_ClrFeature
                0x080093d6       0x44 ./Middlewares/USB_Device_Library/usbd_ctlreq.o
 .text.USBD_ParseSetupRequest
                0x0800941a       0x74 ./Middlewares/USB_Device_Library/usbd_ctlreq.o
                0x0800941a                USBD_ParseSetupRequest
 .text.USBD_CtlError
                0x0800948e       0x22 ./Middlewares/USB_Device_Library/usbd_ctlreq.o
                0x0800948e                USBD_CtlError
 .text.USBD_GetString
                0x080094b0       0xa4 ./Middlewares/USB_Device_Library/usbd_ctlreq.o
                0x080094b0                USBD_GetString
 .text.USBD_GetLen
                0x08009554       0x34 ./Middlewares/USB_Device_Library/usbd_ctlreq.o
 .text.USBD_CtlSendData
                0x08009588       0x3c ./Middlewares/USB_Device_Library/usbd_ioreq.o
                0x08009588                USBD_CtlSendData
 .text.USBD_CtlContinueSendData
                0x080095c4       0x22 ./Middlewares/USB_Device_Library/usbd_ioreq.o
                0x080095c4                USBD_CtlContinueSendData
 .text.USBD_CtlPrepareRx
                0x080095e6       0x42 ./Middlewares/USB_Device_Library/usbd_ioreq.o
                0x080095e6                USBD_CtlPrepareRx
 .text.USBD_CtlContinueRx
                0x08009628       0x22 ./Middlewares/USB_Device_Library/usbd_ioreq.o
                0x08009628                USBD_CtlContinueRx
 .text.USBD_CtlSendStatus
                0x0800964a       0x26 ./Middlewares/USB_Device_Library/usbd_ioreq.o
                0x0800964a                USBD_CtlSendStatus
 .text.USBD_CtlReceiveStatus
                0x08009670       0x26 ./Middlewares/USB_Device_Library/usbd_ioreq.o
                0x08009670                USBD_CtlReceiveStatus
 *fill*         0x08009696        0x2 
 .text.console_init
                0x08009698       0x80 ./Tests/Src/console.o
                0x08009698                console_init
 .text.console_print
                0x08009718       0x78 ./Tests/Src/console.o
                0x08009718                console_print
 .text.console_printf
                0x08009790       0x4e ./Tests/Src/console.o
                0x08009790                console_printf
 *fill*         0x080097de        0x2 
 .text.console_led_pass
                0x080097e0       0x20 ./Tests/Src/console.o
                0x080097e0                console_led_pass
 .text.console_led_fail
                0x08009800       0x20 ./Tests/Src/console.o
                0x08009800                console_led_fail
 .text.console_led_set
                0x08009820       0x22 ./Tests/Src/console.o
                0x08009820                console_led_set
 *fill*         0x08009842        0x2 
 .text.console_banner
                0x08009844       0x2c ./Tests/Src/console.o
                0x08009844                console_banner
 .text.console_result
                0x08009870       0x4c ./Tests/Src/console.o
                0x08009870                console_result
 .text.dshot_apply_protocol
                0x080098bc       0x60 ./Tests/Src/driver_motors.o
 .text.dshot_make_packet
                0x0800991c       0x6e ./Tests/Src/driver_motors.o
 *fill*         0x0800998a        0x2 
 .text.dshot_fill_buffer_selected
                0x0800998c       0xc0 ./Tests/Src/driver_motors.o
 .text.dshot_setup_timer
                0x08009a4c       0xb8 ./Tests/Src/driver_motors.o
 .text.dshot_send_frame_blocking
                0x08009b04       0xbc ./Tests/Src/driver_motors.o
 .text.dshot_selected_channel
                0x08009bc0       0x1c ./Tests/Src/driver_motors.o
 .text.motors_init
                0x08009bdc       0x78 ./Tests/Src/driver_motors.o
                0x08009bdc                motors_init
 .text.motors_set_throttle_telem
                0x08009c54       0x84 ./Tests/Src/driver_motors.o
                0x08009c54                motors_set_throttle_telem
 .text.motors_protocol_name
                0x08009cd8       0x2c ./Tests/Src/driver_motors.o
                0x08009cd8                motors_protocol_name
 .text.motors_esc_pin_name
                0x08009d04       0x5c ./Tests/Src/driver_motors.o
                0x08009d04                motors_esc_pin_name
 .text.telemtry_check_uart_errors
                0x08009d60       0x3c ./Tests/Src/telemtry.o
 .text.update_crc8
                0x08009d9c       0x56 ./Tests/Src/telemtry.o
 .text.telemtry_crc8
                0x08009df2       0x4e ./Tests/Src/telemtry.o
                0x08009df2                telemtry_crc8
 .text.telemtry_decode
                0x08009e40       0xc8 ./Tests/Src/telemtry.o
 .text.telemtry_init
                0x08009f08      0x144 ./Tests/Src/telemtry.o
                0x08009f08                telemtry_init
 .text.telemtry_rx_pending
                0x0800a04c       0x50 ./Tests/Src/telemtry.o
                0x0800a04c                telemtry_rx_pending
 .text.telemtry_poll
                0x0800a09c      0x1a0 ./Tests/Src/telemtry.o
                0x0800a09c                telemtry_poll
 .text.throttle_to_dshot
                0x0800a23c       0x5c ./Tests/Src/test_motors.o
 .text.print_telem_if_ready
                0x0800a298       0xdc ./Tests/Src/test_motors.o
 .text.print_telem_diag_if_due
                0x0800a374       0xb8 ./Tests/Src/test_motors.o
 .text.print_crt_if_due
                0x0800a42c       0x88 ./Tests/Src/test_motors.o
 .text.hold_throttle_ms
                0x0800a4b4       0x88 ./Tests/Src/test_motors.o
 .text.run_ramp_step
                0x0800a53c       0x48 ./Tests/Src/test_motors.o
 .text.test_motors_run
                0x0800a584      0x278 ./Tests/Src/test_motors.o
                0x0800a584                test_motors_run
 .text.test_runner_run
                0x0800a7fc       0x10 ./Tests/Src/test_runner.o
                0x0800a7fc                test_runner_run
 .text.MX_USB_DEVICE_Init
                0x0800a80c       0x60 ./USB_DEVICE/App/usb_device.o
                0x0800a80c                MX_USB_DEVICE_Init
 .text.CDC_Init_FS
                0x0800a86c       0x28 ./USB_DEVICE/App/usbd_cdc_if.o
 .text.CDC_DeInit_FS
                0x0800a894       0x1c ./USB_DEVICE/App/usbd_cdc_if.o
 .text.CDC_Control_FS
                0x0800a8b0       0xdc ./USB_DEVICE/App/usbd_cdc_if.o
 .text.CDC_Receive_FS
                0x0800a98c       0x28 ./USB_DEVICE/App/usbd_cdc_if.o
 .text.CDC_Transmit_FS
                0x0800a9b4       0x4c ./USB_DEVICE/App/usbd_cdc_if.o
                0x0800a9b4                CDC_Transmit_FS
 .text.CDC_TransmitCplt_FS
                0x0800aa00       0x22 ./USB_DEVICE/App/usbd_cdc_if.o
 *fill*         0x0800aa22        0x2 
 .text.CDC_IsPortOpen
                0x0800aa24       0x18 ./USB_DEVICE/App/usbd_cdc_if.o
                0x0800aa24                CDC_IsPortOpen
 .text.USBD_FS_DeviceDescriptor
                0x0800aa3c       0x24 ./USB_DEVICE/App/usbd_desc.o
                0x0800aa3c                USBD_FS_DeviceDescriptor
 .text.USBD_FS_LangIDStrDescriptor
                0x0800aa60       0x24 ./USB_DEVICE/App/usbd_desc.o
                0x0800aa60                USBD_FS_LangIDStrDescriptor
 .text.USBD_FS_ProductStrDescriptor
                0x0800aa84       0x3c ./USB_DEVICE/App/usbd_desc.o
                0x0800aa84                USBD_FS_ProductStrDescriptor
 .text.USBD_FS_ManufacturerStrDescriptor
                0x0800aac0       0x28 ./USB_DEVICE/App/usbd_desc.o
                0x0800aac0                USBD_FS_ManufacturerStrDescriptor
 .text.USBD_FS_SerialStrDescriptor
                0x0800aae8       0x24 ./USB_DEVICE/App/usbd_desc.o
                0x0800aae8                USBD_FS_SerialStrDescriptor
 .text.USBD_FS_ConfigStrDescriptor
                0x0800ab0c       0x3c ./USB_DEVICE/App/usbd_desc.o
                0x0800ab0c                USBD_FS_ConfigStrDescriptor
 .text.USBD_FS_InterfaceStrDescriptor
                0x0800ab48       0x3c ./USB_DEVICE/App/usbd_desc.o
                0x0800ab48                USBD_FS_InterfaceStrDescriptor
 .text.Get_SerialNum
                0x0800ab84       0x58 ./USB_DEVICE/App/usbd_desc.o
 .text.IntToUnicode
                0x0800abdc       0x7e ./USB_DEVICE/App/usbd_desc.o
 *fill*         0x0800ac5a        0x2 
 .text.HAL_PCD_MspInit
                0x0800ac5c       0xa8 ./USB_DEVICE/Target/usbd_conf.o
                0x0800ac5c                HAL_PCD_MspInit
 .text.HAL_PCD_SetupStageCallback
                0x0800ad04       0x24 ./USB_DEVICE/Target/usbd_conf.o
                0x0800ad04                HAL_PCD_SetupStageCallback
 .text.HAL_PCD_DataOutStageCallback
                0x0800ad28       0x36 ./USB_DEVICE/Target/usbd_conf.o
                0x0800ad28                HAL_PCD_DataOutStageCallback
 .text.HAL_PCD_DataInStageCallback
                0x0800ad5e       0x34 ./USB_DEVICE/Target/usbd_conf.o
                0x0800ad5e                HAL_PCD_DataInStageCallback
 .text.HAL_PCD_SOFCallback
                0x0800ad92       0x1c ./USB_DEVICE/Target/usbd_conf.o
                0x0800ad92                HAL_PCD_SOFCallback
 .text.HAL_PCD_ResetCallback
                0x0800adae       0x50 ./USB_DEVICE/Target/usbd_conf.o
                0x0800adae                HAL_PCD_ResetCallback
 *fill*         0x0800adfe        0x2 
 .text.HAL_PCD_SuspendCallback
                0x0800ae00       0x4c ./USB_DEVICE/Target/usbd_conf.o
                0x0800ae00                HAL_PCD_SuspendCallback
 .text.HAL_PCD_ResumeCallback
                0x0800ae4c       0x1c ./USB_DEVICE/Target/usbd_conf.o
                0x0800ae4c                HAL_PCD_ResumeCallback
 .text.HAL_PCD_ISOOUTIncompleteCallback
                0x0800ae68       0x24 ./USB_DEVICE/Target/usbd_conf.o
                0x0800ae68                HAL_PCD_ISOOUTIncompleteCallback
 .text.HAL_PCD_ISOINIncompleteCallback
                0x0800ae8c       0x24 ./USB_DEVICE/Target/usbd_conf.o
                0x0800ae8c                HAL_PCD_ISOINIncompleteCallback
 .text.HAL_PCD_ConnectCallback
                0x0800aeb0       0x1c ./USB_DEVICE/Target/usbd_conf.o
                0x0800aeb0                HAL_PCD_ConnectCallback
 .text.HAL_PCD_DisconnectCallback
                0x0800aecc       0x1c ./USB_DEVICE/Target/usbd_conf.o
                0x0800aecc                HAL_PCD_DisconnectCallback
 .text.USBD_LL_Init
                0x0800aee8       0x98 ./USB_DEVICE/Target/usbd_conf.o
                0x0800aee8                USBD_LL_Init
 .text.USBD_LL_Start
                0x0800af80       0x36 ./USB_DEVICE/Target/usbd_conf.o
                0x0800af80                USBD_LL_Start
 .text.USBD_LL_OpenEP
                0x0800afb6       0x4c ./USB_DEVICE/Target/usbd_conf.o
                0x0800afb6                USBD_LL_OpenEP
 .text.USBD_LL_CloseEP
                0x0800b002       0x3e ./USB_DEVICE/Target/usbd_conf.o
                0x0800b002                USBD_LL_CloseEP
 .text.USBD_LL_StallEP
                0x0800b040       0x3e ./USB_DEVICE/Target/usbd_conf.o
                0x0800b040                USBD_LL_StallEP
 .text.USBD_LL_ClearStallEP
                0x0800b07e       0x3e ./USB_DEVICE/Target/usbd_conf.o
                0x0800b07e                USBD_LL_ClearStallEP
 .text.USBD_LL_IsStallEP
                0x0800b0bc       0x58 ./USB_DEVICE/Target/usbd_conf.o
                0x0800b0bc                USBD_LL_IsStallEP
 .text.USBD_LL_SetUSBAddress
                0x0800b114       0x3e ./USB_DEVICE/Target/usbd_conf.o
                0x0800b114                USBD_LL_SetUSBAddress
 .text.USBD_LL_Transmit
                0x0800b152       0x42 ./USB_DEVICE/Target/usbd_conf.o
                0x0800b152                USBD_LL_Transmit
 .text.USBD_LL_PrepareReceive
                0x0800b194       0x42 ./USB_DEVICE/Target/usbd_conf.o
                0x0800b194                USBD_LL_PrepareReceive
 .text.USBD_LL_GetRxDataSize
                0x0800b1d6       0x26 ./USB_DEVICE/Target/usbd_conf.o
                0x0800b1d6                USBD_LL_GetRxDataSize
 .text.USBD_static_malloc
                0x0800b1fc       0x1c ./USB_DEVICE/Target/usbd_conf.o
                0x0800b1fc                USBD_static_malloc
 .text.USBD_static_free
                0x0800b218       0x14 ./USB_DEVICE/Target/usbd_conf.o
                0x0800b218                USBD_static_free
 .text.USBD_Get_USB_Status
                0x0800b22c       0x58 ./USB_DEVICE/Target/usbd_conf.o
                0x0800b22c                USBD_Get_USB_Status
 .text._vsnprintf_r
                0x0800b284       0x5c /opt/st/stm32cubeide_2.1.0/plugins/com.st.stm32cube.ide.mcu.externaltools.gnu-tools-for-stm32.14.3.rel1.linux64_1.0.100.202602081740/tools/bin/../lib/gcc/arm-none-eabi/14.3.1/../../../../arm-none-eabi/lib/thumb/v7e-m+fp/hard/libc_nano.a(libc_a-vsnprintf.o)
                0x0800b284                _vsnprintf_r
                0x0800b284                _vsniprintf_r
 .text.vsnprintf
                0x0800b2e0       0x1c /opt/st/stm32cubeide_2.1.0/plugins/com.st.stm32cube.ide.mcu.externaltools.gnu-tools-for-stm32.14.3.rel1.linux64_1.0.100.202602081740/tools/bin/../lib/gcc/arm-none-eabi/14.3.1/../../../../arm-none-eabi/lib/thumb/v7e-m+fp/hard/libc_nano.a(libc_a-vsnprintf.o)
                0x0800b2e0                vsnprintf
                0x0800b2e0                vsniprintf
 .text.memmove  0x0800b2fc       0x32 /opt/st/stm32cubeide_2.1.0/plugins/com.st.stm32cube.ide.mcu.externaltools.gnu-tools-for-stm32.14.3.rel1.linux64_1.0.100.202602081740/tools/bin/../lib/gcc/arm-none-eabi/14.3.1/../../../../arm-none-eabi/lib/thumb/v7e-m+fp/hard/libc_nano.a(libc_a-memmove.o)
                0x0800b2fc                memmove
 .text.memset   0x0800b32e       0x10 /opt/st/stm32cubeide_2.1.0/plugins/com.st.stm32cube.ide.mcu.externaltools.gnu-tools-for-stm32.14.3.rel1.linux64_1.0.100.202602081740/tools/bin/../lib/gcc/arm-none-eabi/14.3.1/../../../../arm-none-eabi/lib/thumb/v7e-m+fp/hard/libc_nano.a(libc_a-memset.o)
                0x0800b32e                memset
 *fill*         0x0800b33e        0x2 
 .text.__errno  0x0800b340        0xc /opt/st/stm32cubeide_2.1.0/plugins/com.st.stm32cube.ide.mcu.externaltools.gnu-tools-for-stm32.14.3.rel1.linux64_1.0.100.202602081740/tools/bin/../lib/gcc/arm-none-eabi/14.3.1/../../../../arm-none-eabi/lib/thumb/v7e-m+fp/hard/libc_nano.a(libc_a-errno.o)
                0x0800b340                __errno
 .text.__libc_init_array
                0x0800b34c       0x48 /opt/st/stm32cubeide_2.1.0/plugins/com.st.stm32cube.ide.mcu.externaltools.gnu-tools-for-stm32.14.3.rel1.linux64_1.0.100.202602081740/tools/bin/../lib/gcc/arm-none-eabi/14.3.1/../../../../arm-none-eabi/lib/thumb/v7e-m+fp/hard/libc_nano.a(libc_a-init.o)
                0x0800b34c                __libc_init_array
 .text.__retarget_lock_acquire_recursive
                0x0800b394        0x2 /opt/st/stm32cubeide_2.1.0/plugins/com.st.stm32cube.ide.mcu.externaltools.gnu-tools-for-stm32.14.3.rel1.linux64_1.0.100.202602081740/tools/bin/../lib/gcc/arm-none-eabi/14.3.1/../../../../arm-none-eabi/lib/thumb/v7e-m+fp/hard/libc_nano.a(libc_a-lock.o)
                0x0800b394                __retarget_lock_acquire_recursive
 .text.__retarget_lock_release_recursive
                0x0800b396        0x2 /opt/st/stm32cubeide_2.1.0/plugins/com.st.stm32cube.ide.mcu.externaltools.gnu-tools-for-stm32.14.3.rel1.linux64_1.0.100.202602081740/tools/bin/../lib/gcc/arm-none-eabi/14.3.1/../../../../arm-none-eabi/lib/thumb/v7e-m+fp/hard/libc_nano.a(libc_a-lock.o)
                0x0800b396                __retarget_lock_release_recursive
 .text.memcpy   0x0800b398       0x1c /opt/st/stm32cubeide_2.1.0/plugins/com.st.stm32cube.ide.mcu.externaltools.gnu-tools-for-stm32.14.3.rel1.linux64_1.0.100.202602081740/tools/bin/../lib/gcc/arm-none-eabi/14.3.1/../../../../arm-none-eabi/lib/thumb/v7e-m+fp/hard/libc_nano.a(libc_a-memcpy-stub.o)
                0x0800b398                memcpy
 .text._free_r  0x0800b3b4       0x94 /opt/st/stm32cubeide_2.1.0/plugins/com.st.stm32cube.ide.mcu.externaltools.gnu-tools-for-stm32.14.3.rel1.linux64_1.0.100.202602081740/tools/bin/../lib/gcc/arm-none-eabi/14.3.1/../../../../arm-none-eabi/lib/thumb/v7e-m+fp/hard/libc_nano.a(libc_a-freer.o)
                0x0800b3b4                _free_r
 .text.sbrk_aligned
                0x0800b448       0x44 /opt/st/stm32cubeide_2.1.0/plugins/com.st.stm32cube.ide.mcu.externaltools.gnu-tools-for-stm32.14.3.rel1.linux64_1.0.100.202602081740/tools/bin/../lib/gcc/arm-none-eabi/14.3.1/../../../../arm-none-eabi/lib/thumb/v7e-m+fp/hard/libc_nano.a(libc_a-mallocr.o)
 .text._malloc_r
                0x0800b48c      0x100 /opt/st/stm32cubeide_2.1.0/plugins/com.st.stm32cube.ide.mcu.externaltools.gnu-tools-for-stm32.14.3.rel1.linux64_1.0.100.202602081740/tools/bin/../lib/gcc/arm-none-eabi/14.3.1/../../../../arm-none-eabi/lib/thumb/v7e-m+fp/hard/libc_nano.a(libc_a-mallocr.o)
                0x0800b48c                _malloc_r
 .text.__malloc_lock
                0x0800b58c        0xc /opt/st/stm32cubeide_2.1.0/plugins/com.st.stm32cube.ide.mcu.externaltools.gnu-tools-for-stm32.14.3.rel1.linux64_1.0.100.202602081740/tools/bin/../lib/gcc/arm-none-eabi/14.3.1/../../../../arm-none-eabi/lib/thumb/v7e-m+fp/hard/libc_nano.a(libc_a-mlock.o)
                0x0800b58c                __malloc_lock
 .text.__malloc_unlock
                0x0800b598        0xc /opt/st/stm32cubeide_2.1.0/plugins/com.st.stm32cube.ide.mcu.externaltools.gnu-tools-for-stm32.14.3.rel1.linux64_1.0.100.202602081740/tools/bin/../lib/gcc/arm-none-eabi/14.3.1/../../../../arm-none-eabi/lib/thumb/v7e-m+fp/hard/libc_nano.a(libc_a-mlock.o)
                0x0800b598                __malloc_unlock
 .text.__ssputs_r
                0x0800b5a4       0xc0 /opt/st/stm32cubeide_2.1.0/plugins/com.st.stm32cube.ide.mcu.externaltools.gnu-tools-for-stm32.14.3.rel1.linux64_1.0.100.202602081740/tools/bin/../lib/gcc/arm-none-eabi/14.3.1/../../../../arm-none-eabi/lib/thumb/v7e-m+fp/hard/libc_nano.a(libc_a-nano-svfprintf.o)
                0x0800b5a4                __ssputs_r
 .text._svfprintf_r
                0x0800b664      0x1f0 /opt/st/stm32cubeide_2.1.0/plugins/com.st.stm32cube.ide.mcu.externaltools.gnu-tools-for-stm32.14.3.rel1.linux64_1.0.100.202602081740/tools/bin/../lib/gcc/arm-none-eabi/14.3.1/../../../../arm-none-eabi/lib/thumb/v7e-m+fp/hard/libc_nano.a(libc_a-nano-svfprintf.o)
                0x0800b664                _svfprintf_r
                0x0800b664                _svfiprintf_r
 .text._printf_common
                0x0800b854       0xda /opt/st/stm32cubeide_2.1.0/plugins/com.st.stm32cube.ide.mcu.externaltools.gnu-tools-for-stm32.14.3.rel1.linux64_1.0.100.202602081740/tools/bin/../lib/gcc/arm-none-eabi/14.3.1/../../../../arm-none-eabi/lib/thumb/v7e-m+fp/hard/libc_nano.a(libc_a-nano-vfprintf_i.o)
                0x0800b854                _printf_common
 *fill*         0x0800b92e        0x2 
 .text._printf_i
                0x0800b930      0x24c /opt/st/stm32cubeide_2.1.0/plugins/com.st.stm32cube.ide.mcu.externaltools.gnu-tools-for-stm32.14.3.rel1.linux64_1.0.100.202602081740/tools/bin/../lib/gcc/arm-none-eabi/14.3.1/../../../../arm-none-eabi/lib/thumb/v7e-m+fp/hard/libc_nano.a(libc_a-nano-vfprintf_i.o)
                0x0800b930                _printf_i
 .text._sbrk_r  0x0800bb7c       0x20 /opt/st/stm32cubeide_2.1.0/plugins/com.st.stm32cube.ide.mcu.externaltools.gnu-tools-for-stm32.14.3.rel1.linux64_1.0.100.202602081740/tools/bin/../lib/gcc/arm-none-eabi/14.3.1/../../../../arm-none-eabi/lib/thumb/v7e-m+fp/hard/libc_nano.a(libc_a-sbrkr.o)
                0x0800bb7c                _sbrk_r
 .text._realloc_r
                0x0800bb9c       0x5c /opt/st/stm32cubeide_2.1.0/plugins/com.st.stm32cube.ide.mcu.externaltools.gnu-tools-for-stm32.14.3.rel1.linux64_1.0.100.202602081740/tools/bin/../lib/gcc/arm-none-eabi/14.3.1/../../../../arm-none-eabi/lib/thumb/v7e-m+fp/hard/libc_nano.a(libc_a-reallocr.o)
                0x0800bb9c                _realloc_r
 .text._malloc_usable_size_r
                0x0800bbf8       0x10 /opt/st/stm32cubeide_2.1.0/plugins/com.st.stm32cube.ide.mcu.externaltools.gnu-tools-for-stm32.14.3.rel1.linux64_1.0.100.202602081740/tools/bin/../lib/gcc/arm-none-eabi/14.3.1/../../../../arm-none-eabi/lib/thumb/v7e-m+fp/hard/libc_nano.a(libc_a-msizer.o)
                0x0800bbf8                _malloc_usable_size_r
 *(.glue_7)
 .glue_7        0x0800bc08        0x0 linker stubs
 *(.glue_7t)
 .glue_7t       0x0800bc08        0x0 linker stubs
 *(.eh_frame)
 .eh_frame      0x0800bc08        0x0 /opt/st/stm32cubeide_2.1.0/plugins/com.st.stm32cube.ide.mcu.externaltools.gnu-tools-for-stm32.14.3.rel1.linux64_1.0.100.202602081740/tools/bin/../lib/gcc/arm-none-eabi/14.3.1/thumb/v7e-m+fp/hard/crtbegin.o
 *(.init)
 .init          0x0800bc08        0x4 /opt/st/stm32cubeide_2.1.0/plugins/com.st.stm32cube.ide.mcu.externaltools.gnu-tools-for-stm32.14.3.rel1.linux64_1.0.100.202602081740/tools/bin/../lib/gcc/arm-none-eabi/14.3.1/thumb/v7e-m+fp/hard/crti.o
                0x0800bc08                _init
 .init          0x0800bc0c        0x8 /opt/st/stm32cubeide_2.1.0/plugins/com.st.stm32cube.ide.mcu.externaltools.gnu-tools-for-stm32.14.3.rel1.linux64_1.0.100.202602081740/tools/bin/../lib/gcc/arm-none-eabi/14.3.1/thumb/v7e-m+fp/hard/crtn.o
 *(.fini)
 .fini          0x0800bc14        0x4 /opt/st/stm32cubeide_2.1.0/plugins/com.st.stm32cube.ide.mcu.externaltools.gnu-tools-for-stm32.14.3.rel1.linux64_1.0.100.202602081740/tools/bin/../lib/gcc/arm-none-eabi/14.3.1/thumb/v7e-m+fp/hard/crti.o
                0x0800bc14                _fini
 .fini          0x0800bc18        0x8 /opt/st/stm32cubeide_2.1.0/plugins/com.st.stm32cube.ide.mcu.externaltools.gnu-tools-for-stm32.14.3.rel1.linux64_1.0.100.202602081740/tools/bin/../lib/gcc/arm-none-eabi/14.3.1/thumb/v7e-m+fp/hard/crtn.o
                0x0800bc20                        . = ALIGN (0x4)
                0x0800bc20                        _etext = .

.vfp11_veneer   0x0800bc20        0x0
 .vfp11_veneer  0x0800bc20        0x0 linker stubs

.v4_bx          0x0800bc20        0x0
 .v4_bx         0x0800bc20        0x0 linker stubs

.iplt           0x0800bc20        0x0
 .iplt          0x0800bc20        0x0 /opt/st/stm32cubeide_2.1.0/plugins/com.st.stm32cube.ide.mcu.externaltools.gnu-tools-for-stm32.14.3.rel1.linux64_1.0.100.202602081740/tools/bin/../lib/gcc/arm-none-eabi/14.3.1/thumb/v7e-m+fp/hard/crtbegin.o

.rodata         0x0800bc20      0x5e8
                0x0800bc20                        . = ALIGN (0x4)
 *(.rodata)
 .rodata        0x0800bc20       0x9c ./Tests/Src/console.o
 .rodata        0x0800bcbc       0x40 ./Tests/Src/driver_motors.o
 .rodata        0x0800bcfc      0x460 ./Tests/Src/test_motors.o
 .rodata        0x0800c15c       0x46 ./USB_DEVICE/App/usbd_desc.o
 *(.rodata*)
 *fill*         0x0800c1a2        0x2 
 .rodata.AHBPrescTable
                0x0800c1a4       0x10 ./Core/Src/system_stm32f4xx.o
                0x0800c1a4                AHBPrescTable
 .rodata.APBPrescTable
                0x0800c1b4        0x8 ./Core/Src/system_stm32f4xx.o
                0x0800c1b4                APBPrescTable
 .rodata.flagBitshiftOffset.0
                0x0800c1bc        0x8 ./Drivers/STM32F4xx_HAL_Driver/stm32f4xx_hal_dma.o
 .rodata.ramp_up.1
                0x0800c1c4        0x8 ./Tests/Src/test_motors.o
 .rodata.ramp_down.0
                0x0800c1cc        0x8 ./Tests/Src/test_motors.o
 .rodata._svfprintf_r.str1.1
                0x0800c1d4       0x33 /opt/st/stm32cubeide_2.1.0/plugins/com.st.stm32cube.ide.mcu.externaltools.gnu-tools-for-stm32.14.3.rel1.linux64_1.0.100.202602081740/tools/bin/../lib/gcc/arm-none-eabi/14.3.1/../../../../arm-none-eabi/lib/thumb/v7e-m+fp/hard/libc_nano.a(libc_a-nano-svfprintf.o)
                                 0x11 (size before relaxing)
 .rodata._printf_i.str1.1
                0x0800c207       0x22 /opt/st/stm32cubeide_2.1.0/plugins/com.st.stm32cube.ide.mcu.externaltools.gnu-tools-for-stm32.14.3.rel1.linux64_1.0.100.202602081740/tools/bin/../lib/gcc/arm-none-eabi/14.3.1/../../../../arm-none-eabi/lib/thumb/v7e-m+fp/hard/libc_nano.a(libc_a-nano-vfprintf_i.o)
                0x0800c22c                        . = ALIGN (0x4)
 *fill*         0x0800c207        0x1 

.ARM.extab      0x0800c208        0x0
                0x0800c208                        . = ALIGN (0x4)
 *(.ARM.extab* .gnu.linkonce.armextab.*)
                0x0800c208                        . = ALIGN (0x4)

.ARM            0x0800c208        0x8
                0x0800c208                        . = ALIGN (0x4)
                0x0800c208                        __exidx_start = .
 *(.ARM.exidx*)
 .ARM.exidx     0x0800c208        0x8 /opt/st/stm32cubeide_2.1.0/plugins/com.st.stm32cube.ide.mcu.externaltools.gnu-tools-for-stm32.14.3.rel1.linux64_1.0.100.202602081740/tools/bin/../lib/gcc/arm-none-eabi/14.3.1/../../../../arm-none-eabi/lib/thumb/v7e-m+fp/hard/libc_nano.a(libc_a-strlen.o)
 .ARM.exidx     0x0800c210        0x0 /opt/st/stm32cubeide_2.1.0/plugins/com.st.stm32cube.ide.mcu.externaltools.gnu-tools-for-stm32.14.3.rel1.linux64_1.0.100.202602081740/tools/bin/../lib/gcc/arm-none-eabi/14.3.1/../../../../arm-none-eabi/lib/thumb/v7e-m+fp/hard/libc_nano.a(libc_a-memchr.o)
                                  0x8 (size before relaxing)
 .ARM.exidx     0x0800c210        0x0 /opt/st/stm32cubeide_2.1.0/plugins/com.st.stm32cube.ide.mcu.externaltools.gnu-tools-for-stm32.14.3.rel1.linux64_1.0.100.202602081740/tools/bin/../lib/gcc/arm-none-eabi/14.3.1/thumb/v7e-m+fp/hard/libgcc.a(_udivmoddi4.o)
                                  0x8 (size before relaxing)
                0x0800c210                        __exidx_end = .
                0x0800c210                        . = ALIGN (0x4)

.preinit_array  0x0800c210        0x0
                0x0800c210                        . = ALIGN (0x4)
                0x0800c210                        PROVIDE (__preinit_array_start = .)
 *(.preinit_array*)
                0x0800c210                        PROVIDE (__preinit_array_end = .)
                0x0800c210                        . = ALIGN (0x4)

.init_array     0x0800c210        0x4
                0x0800c210                        . = ALIGN (0x4)
                0x0800c210                        PROVIDE (__init_array_start = .)
 *(SORT_BY_NAME(.init_array.*))
 *(.init_array*)
 .init_array    0x0800c210        0x4 /opt/st/stm32cubeide_2.1.0/plugins/com.st.stm32cube.ide.mcu.externaltools.gnu-tools-for-stm32.14.3.rel1.linux64_1.0.100.202602081740/tools/bin/../lib/gcc/arm-none-eabi/14.3.1/thumb/v7e-m+fp/hard/crtbegin.o
                0x0800c214                        PROVIDE (__init_array_end = .)
                0x0800c214                        . = ALIGN (0x4)

.fini_array     0x0800c214        0x4
                0x0800c214                        . = ALIGN (0x4)
                [!provide]                        PROVIDE (__fini_array_start = .)
 *(SORT_BY_NAME(.fini_array.*))
 *(.fini_array*)
 .fini_array    0x0800c214        0x4 /opt/st/stm32cubeide_2.1.0/plugins/com.st.stm32cube.ide.mcu.externaltools.gnu-tools-for-stm32.14.3.rel1.linux64_1.0.100.202602081740/tools/bin/../lib/gcc/arm-none-eabi/14.3.1/thumb/v7e-m+fp/hard/crtbegin.o
                [!provide]                        PROVIDE (__fini_array_end = .)
                0x0800c218                        . = ALIGN (0x4)
                0x0800c218                        _sidata = LOADADDR (.data)

.rel.dyn        0x0800c218        0x0
 .rel.iplt      0x0800c218        0x0 /opt/st/stm32cubeide_2.1.0/plugins/com.st.stm32cube.ide.mcu.externaltools.gnu-tools-for-stm32.14.3.rel1.linux64_1.0.100.202602081740/tools/bin/../lib/gcc/arm-none-eabi/14.3.1/thumb/v7e-m+fp/hard/crtbegin.o

.data           0x20000000      0x158 load address 0x0800c218
                0x20000000                        . = ALIGN (0x4)
                0x20000000                        _sdata = .
 *(.data)
 *(.data*)
 .data.SystemCoreClock
                0x20000000        0x4 ./Core/Src/system_stm32f4xx.o
                0x20000000                SystemCoreClock
 .data.uwTickPrio
                0x20000004        0x4 ./Drivers/STM32F4xx_HAL_Driver/stm32f4xx_hal.o
                0x20000004                uwTickPrio
 .data.uwTickFreq
                0x20000008        0x1 ./Drivers/STM32F4xx_HAL_Driver/stm32f4xx_hal.o
                0x20000008                uwTickFreq
 *fill*         0x20000009        0x3 
 .data.USBD_CDC_DeviceQualifierDesc
                0x2000000c        0xa ./Middlewares/USB_Device_Library/usbd_cdc.o
 *fill*         0x20000016        0x2 
 .data.USBD_CDC
                0x20000018       0x38 ./Middlewares/USB_Device_Library/usbd_cdc.o
                0x20000018                USBD_CDC
 .data.USBD_CDC_CfgDesc
                0x20000050       0x43 ./Middlewares/USB_Device_Library/usbd_cdc.o
 .data.CDCInEpAdd
                0x20000093        0x1 ./Middlewares/USB_Device_Library/usbd_cdc.o
 .data.CDCOutEpAdd
                0x20000094        0x1 ./Middlewares/USB_Device_Library/usbd_cdc.o
 .data.CDCCmdEpAdd
                0x20000095        0x1 ./Middlewares/USB_Device_Library/usbd_cdc.o
 .data.dshot_select_esc
                0x20000096        0x1 ./Tests/Src/driver_motors.o
 *fill*         0x20000097        0x1 
 .data.dshot_arr
                0x20000098        0x2 ./Tests/Src/driver_motors.o
 .data.dshot_bit0
                0x2000009a        0x2 ./Tests/Src/driver_motors.o
 .data.dshot_bit1
                0x2000009c        0x2 ./Tests/Src/driver_motors.o
 *fill*         0x2000009e        0x2 
 .data.g_telemLastStatus
                0x200000a0        0x4 ./Tests/Src/telemtry.o
                0x200000a0                g_telemLastStatus
 .data.USBD_Interface_fops_FS
                0x200000a4       0x14 ./USB_DEVICE/App/usbd_cdc_if.o
                0x200000a4                USBD_Interface_fops_FS
 .data.FS_Desc  0x200000b8       0x1c ./USB_DEVICE/App/usbd_desc.o
                0x200000b8                FS_Desc
 .data.USBD_FS_DeviceDesc
                0x200000d4       0x12 ./USB_DEVICE/App/usbd_desc.o
                0x200000d4                USBD_FS_DeviceDesc
 *fill*         0x200000e6        0x2 
 .data.USBD_LangIDDesc
                0x200000e8        0x4 ./USB_DEVICE/App/usbd_desc.o
                0x200000e8                USBD_LangIDDesc
 .data.USBD_StringSerial
                0x200000ec       0x1a ./USB_DEVICE/App/usbd_desc.o
                0x200000ec                USBD_StringSerial
 *fill*         0x20000106        0x2 
 .data._impure_ptr
                0x20000108        0x4 /opt/st/stm32cubeide_2.1.0/plugins/com.st.stm32cube.ide.mcu.externaltools.gnu-tools-for-stm32.14.3.rel1.linux64_1.0.100.202602081740/tools/bin/../lib/gcc/arm-none-eabi/14.3.1/../../../../arm-none-eabi/lib/thumb/v7e-m+fp/hard/libc_nano.a(libc_a-impure.o)
                0x20000108                _impure_ptr
 .data._impure_data
                0x2000010c       0x4c /opt/st/stm32cubeide_2.1.0/plugins/com.st.stm32cube.ide.mcu.externaltools.gnu-tools-for-stm32.14.3.rel1.linux64_1.0.100.202602081740/tools/bin/../lib/gcc/arm-none-eabi/14.3.1/../../../../arm-none-eabi/lib/thumb/v7e-m+fp/hard/libc_nano.a(libc_a-impure.o)
                0x2000010c                _impure_data
 *(.RamFunc)
 *(.RamFunc*)
                0x20000158                        . = ALIGN (0x4)
                0x20000158                        _edata = .
                0x0800c370                        _siccmram = LOADADDR (.ccmram)

.igot.plt       0x20000158        0x0 load address 0x0800c370
 .igot.plt      0x20000158        0x0 /opt/st/stm32cubeide_2.1.0/plugins/com.st.stm32cube.ide.mcu.externaltools.gnu-tools-for-stm32.14.3.rel1.linux64_1.0.100.202602081740/tools/bin/../lib/gcc/arm-none-eabi/14.3.1/thumb/v7e-m+fp/hard/crtbegin.o

.ccmram         0x10000000        0x0 load address 0x0800c370
                0x10000000                        . = ALIGN (0x4)
                0x10000000                        _sccmram = .
 *(.ccmram)
 *(.ccmram*)
                0x10000000                        . = ALIGN (0x4)
                0x10000000                        _eccmram = .
                0x10000000                        . = ALIGN (0x4)

.bss            0x20000158     0x2304
                0x20000158                        _sbss = .
                0x20000158                        __bss_start__ = _sbss
 *(.bss)
 .bss           0x20000158       0x1c /opt/st/stm32cubeide_2.1.0/plugins/com.st.stm32cube.ide.mcu.externaltools.gnu-tools-for-stm32.14.3.rel1.linux64_1.0.100.202602081740/tools/bin/../lib/gcc/arm-none-eabi/14.3.1/thumb/v7e-m+fp/hard/crtbegin.o
 *(.bss*)
 .bss.hadc1     0x20000174       0x48 ./Core/Src/adc.o
                0x20000174                hadc1
 .bss.hi2c1     0x200001bc       0x54 ./Core/Src/i2c.o
                0x200001bc                hi2c1
 .bss.hspi1     0x20000210       0x58 ./Core/Src/spi.o
                0x20000210                hspi1
 .bss.hspi2     0x20000268       0x58 ./Core/Src/spi.o
                0x20000268                hspi2
 .bss.hspi3     0x200002c0       0x58 ./Core/Src/spi.o
                0x200002c0                hspi3
 .bss.__sbrk_heap_end
                0x20000318        0x4 ./Core/Src/sysmem.o
 .bss.htim2     0x2000031c       0x48 ./Core/Src/tim.o
                0x2000031c                htim2
 .bss.hdma_tim2_up_ch3
                0x20000364       0x60 ./Core/Src/tim.o
                0x20000364                hdma_tim2_up_ch3
 .bss.huart4    0x200003c4       0x48 ./Core/Src/usart.o
                0x200003c4                huart4
 .bss.huart1    0x2000040c       0x48 ./Core/Src/usart.o
                0x2000040c                huart1
 .bss.huart3    0x20000454       0x48 ./Core/Src/usart.o
                0x20000454                huart3
 .bss.huart6    0x2000049c       0x48 ./Core/Src/usart.o
                0x2000049c                huart6
 .bss.uwTick    0x200004e4        0x4 ./Drivers/STM32F4xx_HAL_Driver/stm32f4xx_hal.o
                0x200004e4                uwTick
 .bss.cfgidx.0  0x200004e8        0x1 ./Middlewares/USB_Device_Library/usbd_ctlreq.o
 *fill*         0x200004e9        0x3 
 .bss.dshot_buf
                0x200004ec      0x110 ./Tests/Src/driver_motors.o
 .bss.dshot_inited
                0x200005fc        0x1 ./Tests/Src/driver_motors.o
 .bss.dshot_protocol
                0x200005fd        0x1 ./Tests/Src/driver_motors.o
 *fill*         0x200005fe        0x2 
 .bss.g_telemRxBuf
                0x20000600        0xa ./Tests/Src/telemtry.o
                0x20000600                g_telemRxBuf
 .bss.g_telemRxLen
                0x2000060a        0x1 ./Tests/Src/telemtry.o
                0x2000060a                g_telemRxLen
 *fill*         0x2000060b        0x1 
 .bss.g_telemLast
                0x2000060c       0x18 ./Tests/Src/telemtry.o
                0x2000060c                g_telemLast
 .bss.g_telemPollCount
                0x20000624        0x4 ./Tests/Src/telemtry.o
                0x20000624                g_telemPollCount
 .bss.g_telemByteCount
                0x20000628        0x4 ./Tests/Src/telemtry.o
                0x20000628                g_telemByteCount
 .bss.g_telemValidCount
                0x2000062c        0x4 ./Tests/Src/telemtry.o
                0x2000062c                g_telemValidCount
 .bss.g_telemCrcErrCount
                0x20000630        0x4 ./Tests/Src/telemtry.o
                0x20000630                g_telemCrcErrCount
 .bss.g_telemUartErrCount
                0x20000634        0x4 ./Tests/Src/telemtry.o
                0x20000634                g_telemUartErrCount
 .bss.g_telemDmaWr
                0x20000638        0x2 ./Tests/Src/telemtry.o
                0x20000638                g_telemDmaWr
 *fill*         0x2000063a        0x2 
 .bss.hdma_usart6_rx
                0x2000063c       0x60 ./Tests/Src/telemtry.o
 .bss.telem_ring
                0x2000069c       0x80 ./Tests/Src/telemtry.o
 .bss.telem_rd  0x2000071c        0x2 ./Tests/Src/telemtry.o
 *fill*         0x2000071e        0x2 
 .bss.telem_last_byte_ms
                0x20000720        0x4 ./Tests/Src/telemtry.o
 .bss.telem_dma_running
                0x20000724        0x1 ./Tests/Src/telemtry.o
 *fill*         0x20000725        0x3 
 .bss.last_ms.3
                0x20000728        0x4 ./Tests/Src/test_motors.o
 .bss.last_ms.2
                0x2000072c        0x4 ./Tests/Src/test_motors.o
 .bss.hUsbDeviceFS
                0x20000730      0x2dc ./USB_DEVICE/App/usb_device.o
                0x20000730                hUsbDeviceFS
 .bss.cdc_port_open
                0x20000a0c        0x1 ./USB_DEVICE/App/usbd_cdc_if.o
 *fill*         0x20000a0d        0x3 
 .bss.UserRxBufferFS
                0x20000a10      0x800 ./USB_DEVICE/App/usbd_cdc_if.o
                0x20000a10                UserRxBufferFS
 .bss.UserTxBufferFS
                0x20001210      0x800 ./USB_DEVICE/App/usbd_cdc_if.o
                0x20001210                UserTxBufferFS
 .bss.USBD_StrDesc
                0x20001a10      0x200 ./USB_DEVICE/App/usbd_desc.o
                0x20001a10                USBD_StrDesc
 .bss.hpcd_USB_OTG_FS
                0x20001c10      0x4e4 ./USB_DEVICE/Target/usbd_conf.o
                0x20001c10                hpcd_USB_OTG_FS
 .bss.mem.0     0x200020f4      0x220 ./USB_DEVICE/Target/usbd_conf.o
 .bss.__sf      0x20002314      0x138 /opt/st/stm32cubeide_2.1.0/plugins/com.st.stm32cube.ide.mcu.externaltools.gnu-tools-for-stm32.14.3.rel1.linux64_1.0.100.202602081740/tools/bin/../lib/gcc/arm-none-eabi/14.3.1/../../../../arm-none-eabi/lib/thumb/v7e-m+fp/hard/libc_nano.a(libc_a-findfp.o)
                0x20002314                __sf
 .bss.errno     0x2000244c        0x4 /opt/st/stm32cubeide_2.1.0/plugins/com.st.stm32cube.ide.mcu.externaltools.gnu-tools-for-stm32.14.3.rel1.linux64_1.0.100.202602081740/tools/bin/../lib/gcc/arm-none-eabi/14.3.1/../../../../arm-none-eabi/lib/thumb/v7e-m+fp/hard/libc_nano.a(libc_a-reent.o)
                0x2000244c                errno
 .bss.__lock___malloc_recursive_mutex
                0x20002450        0x1 /opt/st/stm32cubeide_2.1.0/plugins/com.st.stm32cube.ide.mcu.externaltools.gnu-tools-for-stm32.14.3.rel1.linux64_1.0.100.202602081740/tools/bin/../lib/gcc/arm-none-eabi/14.3.1/../../../../arm-none-eabi/lib/thumb/v7e-m+fp/hard/libc_nano.a(libc_a-lock.o)
                0x20002450                __lock___malloc_recursive_mutex
 *fill*         0x20002451        0x3 
 .bss.__malloc_sbrk_start
                0x20002454        0x4 /opt/st/stm32cubeide_2.1.0/plugins/com.st.stm32cube.ide.mcu.externaltools.gnu-tools-for-stm32.14.3.rel1.linux64_1.0.100.202602081740/tools/bin/../lib/gcc/arm-none-eabi/14.3.1/../../../../arm-none-eabi/lib/thumb/v7e-m+fp/hard/libc_nano.a(libc_a-mallocr.o)
                0x20002454                __malloc_sbrk_start
 .bss.__malloc_free_list
                0x20002458        0x4 /opt/st/stm32cubeide_2.1.0/plugins/com.st.stm32cube.ide.mcu.externaltools.gnu-tools-for-stm32.14.3.rel1.linux64_1.0.100.202602081740/tools/bin/../lib/gcc/arm-none-eabi/14.3.1/../../../../arm-none-eabi/lib/thumb/v7e-m+fp/hard/libc_nano.a(libc_a-mallocr.o)
                0x20002458                __malloc_free_list
 *(COMMON)
                0x2000245c                        . = ALIGN (0x4)
                0x2000245c                        _ebss = .
                0x2000245c                        __bss_end__ = _ebss

._user_heap_stack
                0x2000245c      0x604
                0x20002460                        . = ALIGN (0x8)
 *fill*         0x2000245c        0x4 
                [!provide]                        PROVIDE (end = .)
                0x20002460                        PROVIDE (_end = .)
                0x20002660                        . = (. + _Min_Heap_Size)
 *fill*         0x20002460      0x200 
                0x20002a60                        . = (. + _Min_Stack_Size)
 *fill*         0x20002660      0x400 
                0x20002a60                        . = ALIGN (0x8)

/DISCARD/
 libc.a(*)
 libm.a(*)
 libgcc.a(*)

.ARM.attributes
                0x00000000       0x30
 *(.ARM.attributes)
 .ARM.attributes
                0x00000000       0x22 /opt/st/stm32cubeide_2.1.0/plugins/com.st.stm32cube.ide.mcu.externaltools.gnu-tools-for-stm32.14.3.rel1.linux64_1.0.100.202602081740/tools/bin/../lib/gcc/arm-none-eabi/14.3.1/thumb/v7e-m+fp/hard/crti.o
 .ARM.attributes
                0x00000022       0x34 /opt/st/stm32cubeide_2.1.0/plugins/com.st.stm32cube.ide.mcu.externaltools.gnu-tools-for-stm32.14.3.rel1.linux64_1.0.100.202602081740/tools/bin/../lib/gcc/arm-none-eabi/14.3.1/thumb/v7e-m+fp/hard/crtbegin.o
 .ARM.attributes
                0x00000056       0x34 ./Core/Src/adc.o
 .ARM.attributes
                0x0000008a       0x34 ./Core/Src/dma.o
 .ARM.attributes
                0x000000be       0x34 ./Core/Src/gpio.o
 .ARM.attributes
                0x000000f2       0x34 ./Core/Src/i2c.o
 .ARM.attributes
                0x00000126       0x34 ./Core/Src/main.o
 .ARM.attributes
                0x0000015a       0x34 ./Core/Src/spi.o
 .ARM.attributes
                0x0000018e       0x34 ./Core/Src/stm32f4xx_hal_msp.o
 .ARM.attributes
                0x000001c2       0x34 ./Core/Src/stm32f4xx_it.o
 .ARM.attributes
                0x000001f6       0x34 ./Core/Src/sysmem.o
 .ARM.attributes
                0x0000022a       0x34 ./Core/Src/system_stm32f4xx.o
 .ARM.attributes
                0x0000025e       0x34 ./Core/Src/tim.o
 .ARM.attributes
                0x00000292       0x34 ./Core/Src/usart.o
 .ARM.attributes
                0x000002c6       0x21 ./Core/Startup/startup_stm32f405rgtx.o
 .ARM.attributes
                0x000002e7       0x34 ./Drivers/STM32F4xx_HAL_Driver/stm32f4xx_hal.o
 .ARM.attributes
                0x0000031b       0x34 ./Drivers/STM32F4xx_HAL_Driver/stm32f4xx_hal_adc.o
 .ARM.attributes
                0x0000034f       0x34 ./Drivers/STM32F4xx_HAL_Driver/stm32f4xx_hal_cortex.o
 .ARM.attributes
                0x00000383       0x34 ./Drivers/STM32F4xx_HAL_Driver/stm32f4xx_hal_dma.o
 .ARM.attributes
                0x000003b7       0x34 ./Drivers/STM32F4xx_HAL_Driver/stm32f4xx_hal_gpio.o
 .ARM.attributes
                0x000003eb       0x34 ./Drivers/STM32F4xx_HAL_Driver/stm32f4xx_hal_i2c.o
 .ARM.attributes
                0x0000041f       0x34 ./Drivers/STM32F4xx_HAL_Driver/stm32f4xx_hal_pcd.o
 .ARM.attributes
                0x00000453       0x34 ./Drivers/STM32F4xx_HAL_Driver/stm32f4xx_hal_pcd_ex.o
 .ARM.attributes
                0x00000487       0x34 ./Drivers/STM32F4xx_HAL_Driver/stm32f4xx_hal_rcc.o
 .ARM.attributes
                0x000004bb       0x34 ./Drivers/STM32F4xx_HAL_Driver/stm32f4xx_hal_spi.o
 .ARM.attributes
                0x000004ef       0x34 ./Drivers/STM32F4xx_HAL_Driver/stm32f4xx_hal_tim.o
 .ARM.attributes
                0x00000523       0x34 ./Drivers/STM32F4xx_HAL_Driver/stm32f4xx_hal_tim_ex.o
 .ARM.attributes
                0x00000557       0x34 ./Drivers/STM32F4xx_HAL_Driver/stm32f4xx_hal_uart.o
 .ARM.attributes
                0x0000058b       0x34 ./Drivers/STM32F4xx_HAL_Driver/stm32f4xx_ll_usb.o
 .ARM.attributes
                0x000005bf       0x34 ./Middlewares/USB_Device_Library/usbd_cdc.o
 .ARM.attributes
                0x000005f3       0x34 ./Middlewares/USB_Device_Library/usbd_core.o
 .ARM.attributes
                0x00000627       0x34 ./Middlewares/USB_Device_Library/usbd_ctlreq.o
 .ARM.attributes
                0x0000065b       0x34 ./Middlewares/USB_Device_Library/usbd_ioreq.o
 .ARM.attributes
                0x0000068f       0x34 ./Tests/Src/console.o
 .ARM.attributes
                0x000006c3       0x34 ./Tests/Src/driver_motors.o
 .ARM.attributes
                0x000006f7       0x34 ./Tests/Src/telemtry.o
 .ARM.attributes
                0x0000072b       0x34 ./Tests/Src/test_motors.o
 .ARM.attributes
                0x0000075f       0x34 ./Tests/Src/test_runner.o
 .ARM.attributes
                0x00000793       0x34 ./USB_DEVICE/App/usb_device.o
 .ARM.attributes
                0x000007c7       0x34 ./USB_DEVICE/App/usbd_cdc_if.o
 .ARM.attributes
                0x000007fb       0x34 ./USB_DEVICE/App/usbd_desc.o
 .ARM.attributes
                0x0000082f       0x34 ./USB_DEVICE/Target/usbd_conf.o
 .ARM.attributes
                0x00000863       0x34 /opt/st/stm32cubeide_2.1.0/plugins/com.st.stm32cube.ide.mcu.externaltools.gnu-tools-for-stm32.14.3.rel1.linux64_1.0.100.202602081740/tools/bin/../lib/gcc/arm-none-eabi/14.3.1/../../../../arm-none-eabi/lib/thumb/v7e-m+fp/hard/libc_nano.a(libc_a-findfp.o)
 .ARM.attributes
                0x00000897       0x34 /opt/st/stm32cubeide_2.1.0/plugins/com.st.stm32cube.ide.mcu.externaltools.gnu-tools-for-stm32.14.3.rel1.linux64_1.0.100.202602081740/tools/bin/../lib/gcc/arm-none-eabi/14.3.1/../../../../arm-none-eabi/lib/thumb/v7e-m+fp/hard/libc_nano.a(libc_a-vsnprintf.o)
 .ARM.attributes
                0x000008cb       0x34 /opt/st/stm32cubeide_2.1.0/plugins/com.st.stm32cube.ide.mcu.externaltools.gnu-tools-for-stm32.14.3.rel1.linux64_1.0.100.202602081740/tools/bin/../lib/gcc/arm-none-eabi/14.3.1/../../../../arm-none-eabi/lib/thumb/v7e-m+fp/hard/libc_nano.a(libc_a-memmove.o)
 .ARM.attributes
                0x000008ff       0x34 /opt/st/stm32cubeide_2.1.0/plugins/com.st.stm32cube.ide.mcu.externaltools.gnu-tools-for-stm32.14.3.rel1.linux64_1.0.100.202602081740/tools/bin/../lib/gcc/arm-none-eabi/14.3.1/../../../../arm-none-eabi/lib/thumb/v7e-m+fp/hard/libc_nano.a(libc_a-memset.o)
 .ARM.attributes
                0x00000933       0x34 /opt/st/stm32cubeide_2.1.0/plugins/com.st.stm32cube.ide.mcu.externaltools.gnu-tools-for-stm32.14.3.rel1.linux64_1.0.100.202602081740/tools/bin/../lib/gcc/arm-none-eabi/14.3.1/../../../../arm-none-eabi/lib/thumb/v7e-m+fp/hard/libc_nano.a(libc_a-reent.o)
 .ARM.attributes
                0x00000967       0x34 /opt/st/stm32cubeide_2.1.0/plugins/com.st.stm32cube.ide.mcu.externaltools.gnu-tools-for-stm32.14.3.rel1.linux64_1.0.100.202602081740/tools/bin/../lib/gcc/arm-none-eabi/14.3.1/../../../../arm-none-eabi/lib/thumb/v7e-m+fp/hard/libc_nano.a(libc_a-impure.o)
 .ARM.attributes
                0x0000099b       0x34 /opt/st/stm32cubeide_2.1.0/plugins/com.st.stm32cube.ide.mcu.externaltools.gnu-tools-for-stm32.14.3.rel1.linux64_1.0.100.202602081740/tools/bin/../lib/gcc/arm-none-eabi/14.3.1/../../../../arm-none-eabi/lib/thumb/v7e-m+fp/hard/libc_nano.a(libc_a-errno.o)
 .ARM.attributes
                0x000009cf       0x34 /opt/st/stm32cubeide_2.1.0/plugins/com.st.stm32cube.ide.mcu.externaltools.gnu-tools-for-stm32.14.3.rel1.linux64_1.0.100.202602081740/tools/bin/../lib/gcc/arm-none-eabi/14.3.1/../../../../arm-none-eabi/lib/thumb/v7e-m+fp/hard/libc_nano.a(libc_a-init.o)
 .ARM.attributes
                0x00000a03       0x34 /opt/st/stm32cubeide_2.1.0/plugins/com.st.stm32cube.ide.mcu.externaltools.gnu-tools-for-stm32.14.3.rel1.linux64_1.0.100.202602081740/tools/bin/../lib/gcc/arm-none-eabi/14.3.1/../../../../arm-none-eabi/lib/thumb/v7e-m+fp/hard/libc_nano.a(libc_a-lock.o)
 .ARM.attributes
                0x00000a37       0x34 /opt/st/stm32cubeide_2.1.0/plugins/com.st.stm32cube.ide.mcu.externaltools.gnu-tools-for-stm32.14.3.rel1.linux64_1.0.100.202602081740/tools/bin/../lib/gcc/arm-none-eabi/14.3.1/../../../../arm-none-eabi/lib/thumb/v7e-m+fp/hard/libc_nano.a(libc_a-memcpy-stub.o)
 .ARM.attributes
                0x00000a6b       0x17 /opt/st/stm32cubeide_2.1.0/plugins/com.st.stm32cube.ide.mcu.externaltools.gnu-tools-for-stm32.14.3.rel1.linux64_1.0.100.202602081740/tools/bin/../lib/gcc/arm-none-eabi/14.3.1/../../../../arm-none-eabi/lib/thumb/v7e-m+fp/hard/libc_nano.a(libc_a-strlen.o)
 .ARM.attributes
                0x00000a82       0x34 /opt/st/stm32cubeide_2.1.0/plugins/com.st.stm32cube.ide.mcu.externaltools.gnu-tools-for-stm32.14.3.rel1.linux64_1.0.100.202602081740/tools/bin/../lib/gcc/arm-none-eabi/14.3.1/../../../../arm-none-eabi/lib/thumb/v7e-m+fp/hard/libc_nano.a(libc_a-freer.o)
 .ARM.attributes
                0x00000ab6       0x34 /opt/st/stm32cubeide_2.1.0/plugins/com.st.stm32cube.ide.mcu.externaltools.gnu-tools-for-stm32.14.3.rel1.linux64_1.0.100.202602081740/tools/bin/../lib/gcc/arm-none-eabi/14.3.1/../../../../arm-none-eabi/lib/thumb/v7e-m+fp/hard/libc_nano.a(libc_a-mallocr.o)
 .ARM.attributes
                0x00000aea       0x34 /opt/st/stm32cubeide_2.1.0/plugins/com.st.stm32cube.ide.mcu.externaltools.gnu-tools-for-stm32.14.3.rel1.linux64_1.0.100.202602081740/tools/bin/../lib/gcc/arm-none-eabi/14.3.1/../../../../arm-none-eabi/lib/thumb/v7e-m+fp/hard/libc_nano.a(libc_a-mlock.o)
 .ARM.attributes
                0x00000b1e       0x34 /opt/st/stm32cubeide_2.1.0/plugins/com.st.stm32cube.ide.mcu.externaltools.gnu-tools-for-stm32.14.3.rel1.linux64_1.0.100.202602081740/tools/bin/../lib/gcc/arm-none-eabi/14.3.1/../../../../arm-none-eabi/lib/thumb/v7e-m+fp/hard/libc_nano.a(libc_a-nano-svfprintf.o)
 .ARM.attributes
                0x00000b52       0x34 /opt/st/stm32cubeide_2.1.0/plugins/com.st.stm32cube.ide.mcu.externaltools.gnu-tools-for-stm32.14.3.rel1.linux64_1.0.100.202602081740/tools/bin/../lib/gcc/arm-none-eabi/14.3.1/../../../../arm-none-eabi/lib/thumb/v7e-m+fp/hard/libc_nano.a(libc_a-nano-vfprintf_i.o)
 .ARM.attributes
                0x00000b86       0x34 /opt/st/stm32cubeide_2.1.0/plugins/com.st.stm32cube.ide.mcu.externaltools.gnu-tools-for-stm32.14.3.rel1.linux64_1.0.100.202602081740/tools/bin/../lib/gcc/arm-none-eabi/14.3.1/../../../../arm-none-eabi/lib/thumb/v7e-m+fp/hard/libc_nano.a(libc_a-sbrkr.o)
 .ARM.attributes
                0x00000bba       0x1c /opt/st/stm32cubeide_2.1.0/plugins/com.st.stm32cube.ide.mcu.externaltools.gnu-tools-for-stm32.14.3.rel1.linux64_1.0.100.202602081740/tools/bin/../lib/gcc/arm-none-eabi/14.3.1/../../../../arm-none-eabi/lib/thumb/v7e-m+fp/hard/libc_nano.a(libc_a-memchr.o)
 .ARM.attributes
                0x00000bd6       0x34 /opt/st/stm32cubeide_2.1.0/plugins/com.st.stm32cube.ide.mcu.externaltools.gnu-tools-for-stm32.14.3.rel1.linux64_1.0.100.202602081740/tools/bin/../lib/gcc/arm-none-eabi/14.3.1/../../../../arm-none-eabi/lib/thumb/v7e-m+fp/hard/libc_nano.a(libc_a-reallocr.o)
 .ARM.attributes
                0x00000c0a       0x34 /opt/st/stm32cubeide_2.1.0/plugins/com.st.stm32cube.ide.mcu.externaltools.gnu-tools-for-stm32.14.3.rel1.linux64_1.0.100.202602081740/tools/bin/../lib/gcc/arm-none-eabi/14.3.1/../../../../arm-none-eabi/lib/thumb/v7e-m+fp/hard/libc_nano.a(libc_a-msizer.o)
 .ARM.attributes
                0x00000c3e       0x22 /opt/st/stm32cubeide_2.1.0/plugins/com.st.stm32cube.ide.mcu.externaltools.gnu-tools-for-stm32.14.3.rel1.linux64_1.0.100.202602081740/tools/bin/../lib/gcc/arm-none-eabi/14.3.1/thumb/v7e-m+fp/hard/libgcc.a(_aeabi_uldivmod.o)
 .ARM.attributes
                0x00000c60       0x34 /opt/st/stm32cubeide_2.1.0/plugins/com.st.stm32cube.ide.mcu.externaltools.gnu-tools-for-stm32.14.3.rel1.linux64_1.0.100.202602081740/tools/bin/../lib/gcc/arm-none-eabi/14.3.1/thumb/v7e-m+fp/hard/libgcc.a(_udivmoddi4.o)
 .ARM.attributes
                0x00000c94       0x22 /opt/st/stm32cubeide_2.1.0/plugins/com.st.stm32cube.ide.mcu.externaltools.gnu-tools-for-stm32.14.3.rel1.linux64_1.0.100.202602081740/tools/bin/../lib/gcc/arm-none-eabi/14.3.1/thumb/v7e-m+fp/hard/libgcc.a(_dvmd_tls.o)
 .ARM.attributes
                0x00000cb6       0x22 /opt/st/stm32cubeide_2.1.0/plugins/com.st.stm32cube.ide.mcu.externaltools.gnu-tools-for-stm32.14.3.rel1.linux64_1.0.100.202602081740/tools/bin/../lib/gcc/arm-none-eabi/14.3.1/thumb/v7e-m+fp/hard/crtn.o